Component: ARM Compiler 5.06 update 6 (build 750) Tool: armlink [4d35ed]

==============================================================================

Section Cross References

    startup_stm32f10x_cl.o(RESET) refers to startup_stm32f10x_cl.o(STACK) for __initial_sp
    startup_stm32f10x_cl.o(RESET) refers to startup_stm32f10x_cl.o(.text) for Reset_Handler
    startup_stm32f10x_cl.o(RESET) refers to stm32f10x_it.o(i.NMI_Handler) for NMI_Handler
    startup_stm32f10x_cl.o(RESET) refers to stm32f10x_it.o(i.HardFault_Handler) for HardFault_Handler
    startup_stm32f10x_cl.o(RESET) refers to stm32f10x_it.o(i.MemManage_Handler) for MemManage_Handler
    startup_stm32f10x_cl.o(RESET) refers to stm32f10x_it.o(i.BusFault_Handler) for BusFault_Handler
    startup_stm32f10x_cl.o(RESET) refers to stm32f10x_it.o(i.UsageFault_Handler) for UsageFault_Handler
    startup_stm32f10x_cl.o(RESET) refers to stm32f10x_it.o(i.SVC_Handler) for SVC_Handler
    startup_stm32f10x_cl.o(RESET) refers to stm32f10x_it.o(i.DebugMon_Handler) for DebugMon_Handler
    startup_stm32f10x_cl.o(RESET) refers to stm32f10x_it.o(i.PendSV_Handler) for PendSV_Handler
    startup_stm32f10x_cl.o(RESET) refers to main.o(i.SysTick_Handler) for SysTick_Handler
    startup_stm32f10x_cl.o(RESET) refers to stm32f10x_it.o(i.CAN1_RX0_IRQHandler) for CAN1_RX0_IRQHandler
    startup_stm32f10x_cl.o(RESET) refers to stm32f10x_it.o(i.USART1_IRQHandler) for USART1_IRQHandler
    startup_stm32f10x_cl.o(RESET) refers to stm32f10x_it.o(i.USART2_IRQHandler) for USART2_IRQHandler
    startup_stm32f10x_cl.o(RESET) refers to stm32f10x_it.o(i.USART3_IRQHandler) for USART3_IRQHandler
    startup_stm32f10x_cl.o(RESET) refers to stm32f10x_it.o(i.UART4_IRQHandler) for UART4_IRQHandler
    startup_stm32f10x_cl.o(RESET) refers to stm32f10x_it.o(i.UART5_IRQHandler) for UART5_IRQHandler
    startup_stm32f10x_cl.o(RESET) refers to stm32f10x_it.o(i.DMA2_Channel2_IRQHandler) for DMA2_Channel2_IRQHandler
    startup_stm32f10x_cl.o(RESET) refers to stm32f10x_it.o(i.CAN2_RX0_IRQHandler) for CAN2_RX0_IRQHandler
    startup_stm32f10x_cl.o(RESET) refers to stm32f10x_it.o(i.CAN2_RX1_IRQHandler) for CAN2_RX1_IRQHandler
    startup_stm32f10x_cl.o(.text) refers to system_stm32f10x.o(i.SystemInit) for SystemInit
    startup_stm32f10x_cl.o(.text) refers to entry.o(.ARM.Collect$$$$00000000) for __main
    main.o(i.SysTick_Handler) refers to modules.o(i.modules_task) for modules_task
    main.o(i.SysTick_Handler) refers to main.o(.bss) for .bss
    main.o(i.droneConfig) refers to stm32f10x_rcc.o(i.RCC_GetClocksFreq) for RCC_GetClocksFreq
    main.o(i.droneConfig) refers to system_stm32f10x.o(i.SystemInit) for SystemInit
    main.o(i.droneConfig) refers to drv_can.o(i.CAN_Config) for CAN_Config
    main.o(i.droneConfig) refers to drv_tim.o(i.TIM_Config) for TIM_Config
    main.o(i.droneConfig) refers to drv_usart.o(i.USART_Config) for USART_Config
    main.o(i.droneConfig) refers to main.o(.bss) for .bss
    main.o(i.droneInit) refers to modules.o(i.modules_init) for modules_init
    main.o(i.get_systick_min) refers to main.o(.bss) for .bss
    main.o(i.get_systick_ms) refers to main.o(.bss) for .bss
    main.o(i.get_systick_s) refers to main.o(.bss) for .bss
    main.o(i.main) refers to main.o(i.droneConfig) for droneConfig
    main.o(i.main) refers to main.o(i.droneInit) for droneInit
    stm32f10x_it.o(i.CAN1_RX0_IRQHandler) refers to stm32f10x_can.o(i.CAN_Receive) for CAN_Receive
    stm32f10x_it.o(i.CAN1_RX0_IRQHandler) refers to drv_can.o(i.Can1Receive_Hook) for Can1Receive_Hook
    stm32f10x_it.o(i.CAN1_RX0_IRQHandler) refers to stm32f10x_can.o(i.CAN_ClearITPendingBit) for CAN_ClearITPendingBit
    stm32f10x_it.o(i.CAN2_RX0_IRQHandler) refers to stm32f10x_can.o(i.CAN_Receive) for CAN_Receive
    stm32f10x_it.o(i.CAN2_RX0_IRQHandler) refers to drv_can.o(i.Can2Receive_Hook) for Can2Receive_Hook
    stm32f10x_it.o(i.CAN2_RX1_IRQHandler) refers to stm32f10x_can.o(i.CAN_Receive) for CAN_Receive
    stm32f10x_it.o(i.CAN2_RX1_IRQHandler) refers to drv_can.o(i.Can2Receive_Hook) for Can2Receive_Hook
    stm32f10x_it.o(i.DMA2_Channel2_IRQHandler) refers to stm32f10x_dma.o(i.DMA_GetFlagStatus) for DMA_GetFlagStatus
    stm32f10x_it.o(i.DMA2_Channel2_IRQHandler) refers to stm32f10x_dma.o(i.DMA_ClearITPendingBit) for DMA_ClearITPendingBit
    stm32f10x_it.o(i.UART4_IRQHandler) refers to stm32f10x_usart.o(i.USART_GetITStatus) for USART_GetITStatus
    stm32f10x_it.o(i.UART4_IRQHandler) refers to stm32f10x_usart.o(i.USART_ClearITPendingBit) for USART_ClearITPendingBit
    stm32f10x_it.o(i.UART5_IRQHandler) refers to stm32f10x_usart.o(i.USART_GetITStatus) for USART_GetITStatus
    stm32f10x_it.o(i.UART5_IRQHandler) refers to stm32f10x_usart.o(i.USART_ClearITPendingBit) for USART_ClearITPendingBit
    stm32f10x_it.o(i.USART1_IRQHandler) refers to stm32f10x_usart.o(i.USART_GetITStatus) for USART_GetITStatus
[...]
    dbus.o(i.reset_remote_control_msg) refers to dbus.o(.bss) for .bss
    motor.o(i.GM6020_control) refers to ffltui.o(.text) for __aeabi_ui2f
    motor.o(i.GM6020_control) refers to zerocheck.o(i.Get_ZeroCheck_Value_Interface) for Get_ZeroCheck_Value_Interface
    motor.o(i.GM6020_control) refers to fflti.o(.text) for __aeabi_i2f
    motor.o(i.GM6020_control) refers to motor.o(i.motor_PID_cal) for motor_PID_cal
    motor.o(i.GM6020_control) refers to ffixi.o(.text) for __aeabi_f2iz
    motor.o(i.M2006_control) refers to ffltui.o(.text) for __aeabi_ui2f
    motor.o(i.M2006_control) refers to zerocheck.o(i.Get_ZeroCheck_Value_Interface) for Get_ZeroCheck_Value_Interface
    motor.o(i.M2006_control) refers to fflti.o(.text) for __aeabi_i2f
    motor.o(i.M2006_control) refers to motor.o(i.motor_PID_cal) for motor_PID_cal
    motor.o(i.M2006_control) refers to ffixi.o(.text) for __aeabi_f2iz
    motor.o(i.RM6623_control) refers to drv_can.o(i.getCan1Msg) for getCan1Msg
    motor.o(i.RM6623_control) refers to ffltui.o(.text) for __aeabi_ui2f
    motor.o(i.RM6623_control) refers to zerocheck.o(i.Get_ZeroCheck_Value_Interface) for Get_ZeroCheck_Value_Interface
    motor.o(i.RM6623_control) refers to motor.o(i.motor_PID_cal) for motor_PID_cal
    motor.o(i.RM6623_control) refers to ffixi.o(.text) for __aeabi_f2iz
    motor.o(i.RM6623_control) refers to fflti.o(.text) for __aeabi_i2f
    motor.o(i.motor_PID_cal) refers to pid.o(i.pid_calc) for pid_calc
    motor.o(i.motor_PID_cal) refers to imu.o(.bss) for imu
    imu.o(i.getPitchAngle) refers to imu.o(.bss) for .bss
    imu.o(i.getPitchSpeed) refers to imu.o(.bss) for .bss
    imu.o(i.getYawAngle) refers to imu.o(.bss) for .bss
    imu.o(i.getYawSpeed) refers to imu.o(.bss) for .bss
    imu.o(i.imuDiscode) refers to imu.o(.bss) for .bss
    algorithmofcrc.o(i.Append_CRC16_Check_Sum) refers to algorithmofcrc.o(i.Get_CRC16_Check_Sum) for Get_CRC16_Check_Sum
    algorithmofcrc.o(i.Append_CRC16_Check_Sum) refers to algorithmofcrc.o(.data) for .data
    algorithmofcrc.o(i.Append_CRC8_Check_Sum) refers to algorithmofcrc.o(i.Get_CRC8_Check_Sum) for Get_CRC8_Check_Sum
    algorithmofcrc.o(i.Get_CRC16_Check_Sum) refers to algorithmofcrc.o(.constdata) for .constdata
    algorithmofcrc.o(i.Get_CRC8_Check_Sum) refers to algorithmofcrc.o(.constdata) for .constdata
    algorithmofcrc.o(i.Verify_CRC16_Check_Sum) refers to algorithmofcrc.o(i.Get_CRC16_Check_Sum) for Get_CRC16_Check_Sum
    algorithmofcrc.o(i.Verify_CRC16_Check_Sum) refers to algorithmofcrc.o(.data) for .data
    algorithmofcrc.o(i.Verify_CRC8_Check_Sum) refers to algorithmofcrc.o(i.Get_CRC8_Check_Sum) for Get_CRC8_Check_Sum
    algorithmofcrc.o(i.Verify_CRC8_Check_Sum) refers to algorithmofcrc.o(.data) for .data
    pid.o(i.PID_struct_init) refers to pid.o(i.pid_param_init) for pid_param_init
    pid.o(i.PID_struct_init) refers to pid.o(i.pid_reset) for pid_reset
    pid.o(i.abs_limit) refers to cfrcmple.o(.text) for __aeabi_cfrcmple
    pid.o(i.pid_calc) refers to fadd.o(.text) for __aeabi_fsub
    pid.o(i.pid_calc) refers to ffltui.o(.text) for __aeabi_ui2f
    pid.o(i.pid_calc) refers to pid.o(i.abs_limit) for abs_limit
    pid.o(i.pid_calc) refers to fmul.o(.text) for __aeabi_fmul
    zerocheck.o(i.Get_ZeroCheck_Value_Interface) refers to zerocheck.o(i.ZeroCheck_cal) for ZeroCheck_cal
    zerocheck.o(i.ResetZeroCheck) refers to zerocheck.o(i.ZeroCheck_Init_Interface) for ZeroCheck_Init_Interface
    zerocheck.o(i.ZeroCheck_cal) refers to fadd.o(.text) for __aeabi_fsub
    zerocheck.o(i.ZeroCheck_cal) refers to fmul.o(.text) for __aeabi_fmul
    zerocheck.o(i.ZeroCheck_cal) refers to cfcmple.o(.text) for __aeabi_cfcmple
    zerocheck.o(i.ZeroCheck_cal) refers to cfrcmple.o(.text) for __aeabi_cfrcmple
    gimbal.o(i.gimbal_init) refers to zerocheck.o(i.ZeroCheck_Init_Interface) for ZeroCheck_Init_Interface
    gimbal.o(i.gimbal_init) refers to pid.o(i.PID_struct_init) for PID_struct_init
    gimbal.o(i.gimbal_init) refers to gimbal.o(.bss) for .bss
    gimbal.o(i.gimbal_tast) refers to dbus.o(i.getRCData) for getRCData
    gimbal.o(i.gimbal_tast) refers to memcpya.o(.text) for __aeabi_memcpy4
    gimbal.o(i.gimbal_tast) refers to fflti.o(.text) for __aeabi_i2f
    gimbal.o(i.gimbal_tast) refers to fmul.o(.text) for __aeabi_fmul
    gimbal.o(i.gimbal_tast) refers to fadd.o(.text) for __aeabi_fadd
    gimbal.o(i.gimbal_tast) refers to dflti.o(.text) for __aeabi_i2d
    gimbal.o(i.gimbal_tast) refers to dmul.o(.text) for __aeabi_dmul
    gimbal.o(i.gimbal_tast) refers to f2d.o(.text) for __aeabi_f2d
    gimbal.o(i.gimbal_tast) refers to dadd.o(.text) for __aeabi_dadd
    gimbal.o(i.gimbal_tast) refers to d2f.o(.text) for __aeabi_d2f
    gimbal.o(i.gimbal_tast) refers to main.o(.bss) for drone_state
    gimbal.o(i.gimbal_tast) refers to gimbal.o(.bss) for .bss
    gimbal.o(i.gimbal_tast) refers to gimbal.o(.data) for .data
    shoot.o(i.shoot_init) refers to dshot.o(i.setDshotValue) for setDshotValue
    shoot.o(i.shoot_init) refers to pid.o(i.PID_struct_init) for PID_struct_init
    shoot.o(i.shoot_init) refers to shoot.o(.bss) for .bss
    shoot.o(i.shoot_task) refers to dbus.o(i.getRCData) for getRCData
    shoot.o(i.shoot_task) refers to memcpya.o(.text) for __aeabi_memcpy4
    shoot.o(i.shoot_task) refers to dshot.o(i.setDshotValue) for setDshotValue
    shoot.o(i.shoot_task) refers to main.o(.bss) for drone_state
    shoot.o(i.shoot_task) refers to shoot.o(.data) for .data
    shoot.o(i.shoot_task) refers to shoot.o(.bss) for .bss
    modules.o(i.modules_init) refers to drv_tim.o(i.delayMs_Block) for delayMs_Block
    modules.o(i.modules_init) refers to gimbal.o(i.gimbal_init) for gimbal_init
    modules.o(i.modules_init) refers to shoot.o(i.shoot_init) for shoot_init
    modules.o(i.modules_task) refers to dbus.o(i.getRCData) for getRCData
    modules.o(i.modules_task) refers to memcpya.o(.text) for __aeabi_memcpy4
    modules.o(i.modules_task) refers to gimbal.o(i.gimbal_tast) for gimbal_tast
    modules.o(i.modules_task) refers to shoot.o(i.shoot_task) for shoot_task
    modules.o(i.modules_task) refers to main.o(.bss) for drone_state
    entry.o(.ARM.Collect$$$$00000000) refers (Special) to entry10a.o(.ARM.Collect$$$$0000000D) for __rt_final_cpp
    entry.o(.ARM.Collect$$$$00000000) refers (Special) to entry11a.o(.ARM.Collect$$$$0000000F) for __rt_final_exit
    entry.o(.ARM.Collect$$$$00000000) refers (Special) to entry7b.o(.ARM.Collect$$$$00000008) for _main_clock
    entry.o(.ARM.Collect$$$$00000000) refers (Special) to entry8b.o(.ARM.Collect$$$$0000000A) for _main_cpp_init
    entry.o(.ARM.Collect$$$$00000000) refers (Special) to entry9a.o(.ARM.Collect$$$$0000000B) for _main_init
    entry.o(.ARM.Collect$$$$00000000) refers (Special) to entry5.o(.ARM.Collect$$$$00000004) for _main_scatterload
    entry.o(.ARM.Collect$$$$00000000) refers (Special) to entry2.o(.ARM.Collect$$$$00000001) for _main_stk
    fadd.o(.text) refers (Special) to iusefp.o(.text) for __I$use$fp
    fadd.o(.text) refers to fepilogue.o(.text) for _float_epilogue
    fmul.o(.text) refers (Special) to iusefp.o(.text) for __I$use$fp
    dadd.o(.text) refers (Special) to iusefp.o(.text) for __I$use$fp
    dadd.o(.text) refers to llshl.o(.text) for __aeabi_llsl
    dadd.o(.text) refers to llsshr.o(.text) for __aeabi_lasr
    dadd.o(.text) refers to depilogue.o(.text) for _double_epilogue
    dmul.o(.text) refers (Special) to iusefp.o(.text) for __I$use$fp
    dmul.o(.text) refers to depilogue.o(.text) for _double_epilogue
    fflti.o(.text) refers (Special) to iusefp.o(.text) for __I$use$fp
    fflti.o(.text) refers to fepilogue.o(.text) for _float_epilogue
    ffltui.o(.text) refers (Special) to iusefp.o(.text) for __I$use$fp
    ffltui.o(.text) refers to fepilogue.o(.text) for _float_epilogue
    dflti.o(.text) refers (Special) to iusefp.o(.text) for __I$use$fp
    dflti.o(.text) refers to depilogue.o(.text) for _double_epilogue
    ffixi.o(.text) refers (Special) to iusefp.o(.text) for __I$use$fp
    f2d.o(.text) refers (Special) to iusefp.o(.text) for __I$use$fp
    d2f.o(.text) refers (Special) to iusefp.o(.text) for __I$use$fp
    d2f.o(.text) refers to fepilogue.o(.text) for _float_round
    cfcmple.o(.text) refers (Special) to iusefp.o(.text) for __I$use$fp
    cfrcmple.o(.text) refers (Special) to iusefp.o(.text) for __I$use$fp
    entry2.o(.ARM.Collect$$$$00000001) refers to entry2.o(.ARM.Collect$$$$00002712) for __lit__00000000
    entry2.o(.ARM.Collect$$$$00002712) refers to startup_stm32f10x_cl.o(STACK) for __initial_sp
    entry2.o(__vectab_stack_and_reset_area) refers to startup_stm32f10x_cl.o(STACK) for __initial_sp
    entry2.o(__vectab_stack_and_reset_area) refers to entry.o(.ARM.Collect$$$$00000000) for __main
    entry5.o(.ARM.Collect$$$$00000004) refers to init.o(.text) for __scatterload
    entry9a.o(.ARM.Collect$$$$0000000B) refers to main.o(i.main) for main
    entry9b.o(.ARM.Collect$$$$0000000C) refers to main.o(i.main) for main
    depilogue.o(.text) refers to llshl.o(.text) for __aeabi_llsl
    depilogue.o(.text) refers to llushr.o(.text) for __aeabi_llsr
    init.o(.text) refers to entry5.o(.ARM.Collect$$$$00000004) for __main_after_scatterload


==============================================================================

Removing Unused input sections from the image.

    Removing startup_stm32f10x_cl.o(HEAP), (512 bytes).
    Removing stm32f10x_it.o(.bss), (18 bytes).
    Removing stm32f10x_it.o(.data), (2 bytes).
    Removing drv_can.o(i.getCan1Msg), (12 bytes).
    Removing drv_tim.o(i.TIM_IC_Config), (2 bytes).
    Removing drv_tim.o(i.delayUs_Block), (20 bytes).
    Removing drv_tim.o(.bss), (60 bytes).
    Removing drv_tim.o(.bss), (60 bytes).
    Removing drv_tim.o(.bss), (60 bytes).
    Removing drv_tim.o(.bss), (60 bytes).
    Removing drv_usart.o(.data), (8 bytes).
    Removing misc.o(i.NVIC_PriorityGroupConfig), (20 bytes).
    Removing misc.o(i.NVIC_SetVectorTable), (20 bytes).
    Removing misc.o(i.NVIC_SystemLPConfig), (28 bytes).
    Removing misc.o(i.SysTick_CLKSourceConfig), (28 bytes).
    Removing stm32f10x_rcc.o(i.RCC_ADCCLKConfig), (20 bytes).
    Removing stm32f10x_rcc.o(i.RCC_AHBPeriphResetCmd), (28 bytes).
    Removing stm32f10x_rcc.o(i.RCC_APB2PeriphResetCmd), (28 bytes).
    Removing stm32f10x_rcc.o(i.RCC_AdjustHSICalibrationValue), (20 bytes).
    Removing stm32f10x_rcc.o(i.RCC_BackupResetCmd), (12 bytes).
    Removing stm32f10x_rcc.o(i.RCC_ClearFlag), (16 bytes).
    Removing stm32f10x_rcc.o(i.RCC_ClearITPendingBit), (12 bytes).
    Removing stm32f10x_rcc.o(i.RCC_ClockSecuritySystemCmd), (12 bytes).
    Removing stm32f10x_rcc.o(i.RCC_DeInit), (76 bytes).
    Removing stm32f10x_rcc.o(i.RCC_GetFlagStatus), (48 bytes).
    Removing stm32f10x_rcc.o(i.RCC_GetITStatus), (20 bytes).
    Removing stm32f10x_rcc.o(i.RCC_GetSYSCLKSource), (16 bytes).
    Removing stm32f10x_rcc.o(i.RCC_HCLKConfig), (20 bytes).
    Removing stm32f10x_rcc.o(i.RCC_HSEConfig), (56 bytes).
    Removing stm32f10x_rcc.o(i.RCC_HSICmd), (12 bytes).
    Removing stm32f10x_rcc.o(i.RCC_I2S2CLKConfig), (12 bytes).
    Removing stm32f10x_rcc.o(i.RCC_I2S3CLKConfig), (12 bytes).
    Removing stm32f10x_rcc.o(i.RCC_ITConfig), (28 bytes).
    Removing stm32f10x_rcc.o(i.RCC_LSEConfig), (40 bytes).
    Removing stm32f10x_rcc.o(i.RCC_LSICmd), (12 bytes).
    Removing stm32f10x_rcc.o(i.RCC_MCOConfig), (12 bytes).
    Removing stm32f10x_rcc.o(i.RCC_OTGFSCLKConfig), (12 bytes).
    Removing stm32f10x_rcc.o(i.RCC_PCLK1Config), (20 bytes).
    Removing stm32f10x_rcc.o(i.RCC_PCLK2Config), (20 bytes).
    Removing stm32f10x_rcc.o(i.RCC_PLL2Cmd), (12 bytes).
    Removing stm32f10x_rcc.o(i.RCC_PLL2Config), (20 bytes).
    Removing stm32f10x_rcc.o(i.RCC_PLL3Cmd), (12 bytes).
    Removing stm32f10x_rcc.o(i.RCC_PLL3Config), (20 bytes).
    Removing stm32f10x_rcc.o(i.RCC_PLLCmd), (12 bytes).
    Removing stm32f10x_rcc.o(i.RCC_PLLConfig), (20 bytes).
    Removing stm32f10x_rcc.o(i.RCC_PREDIV1Config), (28 bytes).
    Removing stm32f10x_rcc.o(i.RCC_PREDIV2Config), (20 bytes).
    Removing stm32f10x_rcc.o(i.RCC_RTCCLKCmd), (12 bytes).
    Removing stm32f10x_rcc.o(i.RCC_RTCCLKConfig), (16 bytes).
    Removing stm32f10x_rcc.o(i.RCC_SYSCLKConfig), (20 bytes).
    Removing stm32f10x_rcc.o(i.RCC_WaitForHSEStartUp), (48 bytes).
    Removing stm32f10x_gpio.o(i.GPIO_AFIODeInit), (22 bytes).
    Removing stm32f10x_gpio.o(i.GPIO_DeInit), (216 bytes).
    Removing stm32f10x_gpio.o(i.GPIO_ETH_MediaInterfaceConfig), (12 bytes).
    Removing stm32f10x_gpio.o(i.GPIO_EXTILineConfig), (40 bytes).
    Removing stm32f10x_gpio.o(i.GPIO_EventOutputCmd), (12 bytes).
    Removing stm32f10x_gpio.o(i.GPIO_EventOutputConfig), (28 bytes).
    Removing stm32f10x_gpio.o(i.GPIO_PinLockConfig), (16 bytes).
    Removing stm32f10x_gpio.o(i.GPIO_ReadInputData), (6 bytes).
    Removing stm32f10x_gpio.o(i.GPIO_ReadInputDataBit), (14 bytes).
    Removing stm32f10x_gpio.o(i.GPIO_ReadOutputData), (6 bytes).
    Removing stm32f10x_gpio.o(i.GPIO_ReadOutputDataBit), (14 bytes).
    Removing stm32f10x_gpio.o(i.GPIO_ResetBits), (4 bytes).
    Removing stm32f10x_gpio.o(i.GPIO_SetBits), (4 bytes).
    Removing stm32f10x_gpio.o(i.GPIO_StructInit), (16 bytes).
    Removing stm32f10x_gpio.o(i.GPIO_Write), (4 bytes).
    Removing stm32f10x_gpio.o(i.GPIO_WriteBit), (12 bytes).
    Removing stm32f10x_can.o(i.CAN_CancelTransmit), (42 bytes).
    Removing stm32f10x_can.o(i.CAN_ClearFlag), (48 bytes).
    Removing stm32f10x_can.o(i.CAN_DBGFreeze), (24 bytes).
    Removing stm32f10x_can.o(i.CAN_FIFORelease), (24 bytes).
    Removing stm32f10x_can.o(i.CAN_GetFlagStatus), (82 bytes).
    Removing stm32f10x_can.o(i.CAN_GetITStatus), (204 bytes).
    Removing stm32f10x_can.o(i.CAN_GetLSBTransmitErrorCounter), (8 bytes).
    Removing stm32f10x_can.o(i.CAN_GetLastErrorCode), (10 bytes).
    Removing stm32f10x_can.o(i.CAN_GetReceiveErrorCounter), (6 bytes).
    Removing stm32f10x_can.o(i.CAN_MessagePending), (28 bytes).
    Removing stm32f10x_can.o(i.CAN_OperatingModeRequest), (154 bytes).
    Removing stm32f10x_can.o(i.CAN_SlaveStartBank), (44 bytes).
    Removing stm32f10x_can.o(i.CAN_Sleep), (30 bytes).
    Removing stm32f10x_can.o(i.CAN_TTComModeCmd), (96 bytes).
    Removing stm32f10x_can.o(i.CAN_TransmitStatus), (136 bytes).
    Removing stm32f10x_can.o(i.CAN_WakeUp), (40 bytes).
    Removing stm32f10x_can.o(i.CheckITStatus), (12 bytes).
    Removing stm32f10x_tim.o(i.TI1_Config), (116 bytes).
    Removing stm32f10x_tim.o(i.TI2_Config), (124 bytes).
    Removing stm32f10x_tim.o(i.TI3_Config), (120 bytes).
    Removing stm32f10x_tim.o(i.TI4_Config), (124 bytes).
    Removing stm32f10x_tim.o(i.TIM_BDTRConfig), (34 bytes).
    Removing stm32f10x_tim.o(i.TIM_BDTRStructInit), (18 bytes).
    Removing stm32f10x_tim.o(i.TIM_CCPreloadControl), (24 bytes).
    Removing stm32f10x_tim.o(i.TIM_CCxCmd), (22 bytes).
    Removing stm32f10x_tim.o(i.TIM_CCxNCmd), (22 bytes).
    Removing stm32f10x_tim.o(i.TIM_ClearFlag), (6 bytes).
    Removing stm32f10x_tim.o(i.TIM_ClearITPendingBit), (6 bytes).
    Removing stm32f10x_tim.o(i.TIM_ClearOC1Ref), (12 bytes).
    Removing stm32f10x_tim.o(i.TIM_ClearOC2Ref), (20 bytes).
    Removing stm32f10x_tim.o(i.TIM_ClearOC3Ref), (12 bytes).
    Removing stm32f10x_tim.o(i.TIM_ClearOC4Ref), (20 bytes).
    Removing stm32f10x_tim.o(i.TIM_CounterModeConfig), (12 bytes).
    Removing stm32f10x_tim.o(i.TIM_DeInit), (528 bytes).
    Removing stm32f10x_tim.o(i.TIM_ETRClockMode1Config), (32 bytes).
    Removing stm32f10x_tim.o(i.TIM_ETRClockMode2Config), (20 bytes).
    Removing stm32f10x_tim.o(i.TIM_ETRConfig), (24 bytes).
    Removing stm32f10x_tim.o(i.TIM_EncoderInterfaceConfig), (50 bytes).
    Removing stm32f10x_tim.o(i.TIM_ForcedOC1Config), (12 bytes).
    Removing stm32f10x_tim.o(i.TIM_ForcedOC2Config), (20 bytes).
    Removing stm32f10x_tim.o(i.TIM_ForcedOC3Config), (12 bytes).
    Removing stm32f10x_tim.o(i.TIM_ForcedOC4Config), (20 bytes).
    Removing stm32f10x_tim.o(i.TIM_GenerateEvent), (4 bytes).
    Removing stm32f10x_tim.o(i.TIM_GetCapture1), (4 bytes).
    Removing stm32f10x_tim.o(i.TIM_GetCapture2), (4 bytes).
    Removing stm32f10x_tim.o(i.TIM_GetCapture3), (4 bytes).
    Removing stm32f10x_tim.o(i.TIM_GetCapture4), (6 bytes).
    Removing stm32f10x_tim.o(i.TIM_GetCounter), (4 bytes).
    Removing stm32f10x_tim.o(i.TIM_GetFlagStatus), (14 bytes).
    Removing stm32f10x_tim.o(i.TIM_GetITStatus), (24 bytes).
    Removing stm32f10x_tim.o(i.TIM_GetPrescaler), (4 bytes).
    Removing stm32f10x_tim.o(i.TIM_ICInit), (140 bytes).
    Removing stm32f10x_tim.o(i.TIM_ICStructInit), (16 bytes).
    Removing stm32f10x_tim.o(i.TIM_ITConfig), (20 bytes).
    Removing stm32f10x_tim.o(i.TIM_ITRxExternalClockConfig), (20 bytes).
    Removing stm32f10x_tim.o(i.TIM_InternalClockConfig), (10 bytes).
    Removing stm32f10x_tim.o(i.TIM_OC1FastConfig), (12 bytes).
    Removing stm32f10x_tim.o(i.TIM_OC1NPolarityConfig), (12 bytes).
    Removing stm32f10x_tim.o(i.TIM_OC1PolarityConfig), (12 bytes).
    Removing stm32f10x_tim.o(i.TIM_OC2FastConfig), (20 bytes).
    Removing stm32f10x_tim.o(i.TIM_OC2NPolarityConfig), (20 bytes).
    Removing stm32f10x_tim.o(i.TIM_OC2PolarityConfig), (20 bytes).
    Removing stm32f10x_tim.o(i.TIM_OC3FastConfig), (12 bytes).
    Removing stm32f10x_tim.o(i.TIM_OC3Init), (132 bytes).
    Removing stm32f10x_tim.o(i.TIM_OC3NPolarityConfig), (20 bytes).
    Removing stm32f10x_tim.o(i.TIM_OC3PolarityConfig), (20 bytes).
    Removing stm32f10x_tim.o(i.TIM_OC3PreloadConfig), (12 bytes).
    Removing stm32f10x_tim.o(i.TIM_OC4FastConfig), (20 bytes).
    Removing stm32f10x_tim.o(i.TIM_OC4Init), (104 bytes).
    Removing stm32f10x_tim.o(i.TIM_OC4PolarityConfig), (20 bytes).
    Removing stm32f10x_tim.o(i.TIM_OC4PreloadConfig), (20 bytes).
    Removing stm32f10x_tim.o(i.TIM_OCStructInit), (20 bytes).
    Removing stm32f10x_tim.o(i.TIM_PWMIConfig), (110 bytes).
    Removing stm32f10x_tim.o(i.TIM_PrescalerConfig), (6 bytes).
    Removing stm32f10x_tim.o(i.TIM_SelectCCDMA), (24 bytes).
    Removing stm32f10x_tim.o(i.TIM_SelectCOM), (24 bytes).
    Removing stm32f10x_tim.o(i.TIM_SelectHallSensor), (24 bytes).
    Removing stm32f10x_tim.o(i.TIM_SelectInputTrigger), (12 bytes).
    Removing stm32f10x_tim.o(i.TIM_SelectMasterSlaveMode), (16 bytes).
    Removing stm32f10x_tim.o(i.TIM_SelectOCxM), (76 bytes).
    Removing stm32f10x_tim.o(i.TIM_SelectOnePulseMode), (16 bytes).
    Removing stm32f10x_tim.o(i.TIM_SelectOutputTrigger), (16 bytes).
    Removing stm32f10x_tim.o(i.TIM_SelectSlaveMode), (16 bytes).
    Removing stm32f10x_tim.o(i.TIM_SetAutoreload), (4 bytes).
    Removing stm32f10x_tim.o(i.TIM_SetClockDivision), (16 bytes).
    Removing stm32f10x_tim.o(i.TIM_SetCompare1), (4 bytes).
    Removing stm32f10x_tim.o(i.TIM_SetCompare2), (4 bytes).
    Removing stm32f10x_tim.o(i.TIM_SetCompare3), (4 bytes).
    Removing stm32f10x_tim.o(i.TIM_SetCompare4), (6 bytes).
    Removing stm32f10x_tim.o(i.TIM_SetCounter), (4 bytes).
    Removing stm32f10x_tim.o(i.TIM_SetIC1Prescaler), (16 bytes).
    Removing stm32f10x_tim.o(i.TIM_SetIC2Prescaler), (24 bytes).
    Removing stm32f10x_tim.o(i.TIM_SetIC3Prescaler), (16 bytes).
    Removing stm32f10x_tim.o(i.TIM_SetIC4Prescaler), (24 bytes).
    Removing stm32f10x_tim.o(i.TIM_TIxExternalClockConfig), (48 bytes).
    Removing stm32f10x_tim.o(i.TIM_TimeBaseStructInit), (18 bytes).
    Removing stm32f10x_tim.o(i.TIM_UpdateDisableConfig), (24 bytes).
    Removing stm32f10x_tim.o(i.TIM_UpdateRequestConfig), (24 bytes).
    Removing stm32f10x_exti.o(i.EXTI_ClearFlag), (12 bytes).
    Removing stm32f10x_exti.o(i.EXTI_ClearITPendingBit), (12 bytes).
    Removing stm32f10x_exti.o(i.EXTI_DeInit), (36 bytes).
    Removing stm32f10x_exti.o(i.EXTI_GenerateSWInterrupt), (16 bytes).
    Removing stm32f10x_exti.o(i.EXTI_GetFlagStatus), (20 bytes).
    Removing stm32f10x_exti.o(i.EXTI_GetITStatus), (32 bytes).
    Removing stm32f10x_exti.o(i.EXTI_Init), (116 bytes).
    Removing stm32f10x_exti.o(i.EXTI_StructInit), (14 bytes).
    Removing stm32f10x_dma.o(i.DMA_ClearFlag), (24 bytes).
    Removing stm32f10x_dma.o(i.DMA_GetITStatus), (36 bytes).
    Removing stm32f10x_dma.o(i.DMA_ITConfig), (20 bytes).
    Removing stm32f10x_dma.o(i.DMA_StructInit), (26 bytes).
    Removing stm32f10x_usart.o(i.USART_ClearFlag), (8 bytes).
    Removing stm32f10x_usart.o(i.USART_ClockInit), (30 bytes).
    Removing stm32f10x_usart.o(i.USART_ClockStructInit), (12 bytes).
    Removing stm32f10x_usart.o(i.USART_DeInit), (164 bytes).
    Removing stm32f10x_usart.o(i.USART_GetFlagStatus), (14 bytes).
    Removing stm32f10x_usart.o(i.USART_HalfDuplexCmd), (24 bytes).
    Removing stm32f10x_usart.o(i.USART_IrDACmd), (24 bytes).
    Removing stm32f10x_usart.o(i.USART_IrDAConfig), (16 bytes).
    Removing stm32f10x_usart.o(i.USART_LINBreakDetectLengthConfig), (16 bytes).
    Removing stm32f10x_usart.o(i.USART_LINCmd), (24 bytes).
    Removing stm32f10x_usart.o(i.USART_OneBitMethodCmd), (24 bytes).
    Removing stm32f10x_usart.o(i.USART_OverSampling8Cmd), (24 bytes).
    Removing stm32f10x_usart.o(i.USART_ReceiveData), (8 bytes).
    Removing stm32f10x_usart.o(i.USART_ReceiverWakeUpCmd), (24 bytes).
    Removing stm32f10x_usart.o(i.USART_SendBreak), (10 bytes).
    Removing stm32f10x_usart.o(i.USART_SendData), (8 bytes).
    Removing stm32f10x_usart.o(i.USART_SetAddress), (16 bytes).
    Removing stm32f10x_usart.o(i.USART_SetGuardTime), (16 bytes).
    Removing stm32f10x_usart.o(i.USART_SetPrescaler), (16 bytes).
    Removing stm32f10x_usart.o(i.USART_SmartCardCmd), (24 bytes).
    Removing stm32f10x_usart.o(i.USART_SmartCardNACKCmd), (24 bytes).
    Removing stm32f10x_usart.o(i.USART_StructInit), (22 bytes).
    Removing stm32f10x_usart.o(i.USART_WakeUpConfig), (16 bytes).
    Removing core_cm3.o(.emb_text), (32 bytes).
    Removing system_stm32f10x.o(.constdata), (4 bytes).
    Removing system_stm32f10x.o(.constdata), (4 bytes).
    Removing system_stm32f10x.o(.constdata), (4 bytes).
    Removing system_stm32f10x.o(.constdata), (4 bytes).
    Removing system_stm32f10x.o(.constdata), (4 bytes).
    Removing dshot.o(.bss), (144 bytes).
    Removing datascope_dp.o(i.DataScope_Data_Generate), (132 bytes).
    Removing datascope_dp.o(i.DataScope_Get_Channel_Data), (156 bytes).
    Removing datascope_dp.o(i.Float2Byte), (20 bytes).
    Removing datascope_dp.o(i.dataScope_sendChannalData), (20 bytes).
    Removing datascope_dp.o(.bss), (44 bytes).
    Removing dbus.o(i.reset_remote_control_msg), (60 bytes).
    Removing motor.o(i.DM50_control), (2 bytes).
    Removing motor.o(i.RM6623_control), (152 bytes).
    Removing imu.o(i.getPitchAngle), (12 bytes).
    Removing imu.o(i.getPitchSpeed), (12 bytes).
    Removing imu.o(i.getYawAngle), (12 bytes).
    Removing imu.o(i.getYawSpeed), (12 bytes).
    Removing algorithmofcrc.o(i.Append_CRC16_Check_Sum), (44 bytes).
    Removing algorithmofcrc.o(i.Append_CRC8_Check_Sum), (32 bytes).
    Removing algorithmofcrc.o(i.Get_CRC16_Check_Sum), (48 bytes).
    Removing algorithmofcrc.o(i.Get_CRC8_Check_Sum), (28 bytes).
    Removing algorithmofcrc.o(i.Verify_CRC16_Check_Sum), (64 bytes).
    Removing algorithmofcrc.o(i.Verify_CRC8_Check_Sum), (56 bytes).
    Removing algorithmofcrc.o(.constdata), (768 bytes).
    Removing algorithmofcrc.o(.constdata), (1 bytes).
    Removing algorithmofcrc.o(.data), (4 bytes).
    Removing zerocheck.o(i.ResetZeroCheck), (14 bytes).
    Removing gimbal.o(.data), (2 bytes).
    Removing shoot.o(.data), (2 bytes).

231 unused section(s) (total 8685 bytes) removed from the image.

==============================================================================

Image Symbol Table

    Local Symbols

    Symbol Name                              Value     Ov Type        Size  Object(Section)

    ../clib/microlib/init/entry.s            0x00000000   Number         0  entry10a.o ABSOLUTE
    ../clib/microlib/init/entry.s            0x00000000   Number         0  entry8b.o ABSOLUTE
    ../clib/microlib/init/entry.s            0x00000000   Number         0  entry11b.o ABSOLUTE
    ../clib/microlib/init/entry.s            0x00000000   Number         0  entry11a.o ABSOLUTE
    ../clib/microlib/init/entry.s            0x00000000   Number         0  entry10b.o ABSOLUTE
    ../clib/microlib/init/entry.s            0x00000000   Number         0  entry.o ABSOLUTE
    ../clib/microlib/init/entry.s            0x00000000   Number         0  entry9b.o ABSOLUTE
    ../clib/microlib/init/entry.s            0x00000000   Number         0  entry9a.o ABSOLUTE
    ../clib/microlib/init/entry.s            0x00000000   Number         0  entry8a.o ABSOLUTE
    ../clib/microlib/init/entry.s            0x00000000   Number         0  entry7b.o ABSOLUTE
    ../clib/microlib/init/entry.s            0x00000000   Number         0  entry7a.o ABSOLUTE
    ../clib/microlib/init/entry.s            0x00000000   Number         0  entry5.o ABSOLUTE
    ../clib/microlib/init/entry.s            0x00000000   Number         0  entry2.o ABSOLUTE
    ../clib/microlib/longlong.c              0x00000000   Number         0  llushr.o ABSOLUTE
    ../clib/microlib/longlong.c              0x00000000   Number         0  llsshr.o ABSOLUTE
    ../clib/microlib/longlong.c              0x00000000   Number         0  llshl.o ABSOLUTE
    ../clib/microlib/string/memcpy.c         0x00000000   Number         0  memcpya.o ABSOLUTE
    ../clib/microlib/string/memcpy.c         0x00000000   Number         0  memcpyb.o ABSOLUTE
    ../clib/microlib/stubs.s                 0x00000000   Number         0  iusefp.o ABSOLUTE
    ../fplib/microlib/d2f.c                  0x00000000   Number         0  d2f.o ABSOLUTE
    ../fplib/microlib/f2d.c                  0x00000000   Number         0  f2d.o ABSOLUTE
    ../fplib/microlib/fpadd.c                0x00000000   Number         0  dadd.o ABSOLUTE
    ../fplib/microlib/fpadd.c                0x00000000   Number         0  fadd.o ABSOLUTE
    ../fplib/microlib/fpepilogue.c           0x00000000   Number         0  depilogue.o ABSOLUTE
    ../fplib/microlib/fpepilogue.c           0x00000000   Number         0  fepilogue.o ABSOLUTE
    ../fplib/microlib/fpfix.c                0x00000000   Number         0  ffixi.o ABSOLUTE
    ../fplib/microlib/fpflt.c                0x00000000   Number         0  fflti.o ABSOLUTE
    ../fplib/microlib/fpflt.c                0x00000000   Number         0  dflti.o ABSOLUTE
    ../fplib/microlib/fpflt.c                0x00000000   Number         0  ffltui.o ABSOLUTE
    ../fplib/microlib/fpmul.c                0x00000000   Number         0  dmul.o ABSOLUTE
    ../fplib/microlib/fpmul.c                0x00000000   Number         0  fmul.o ABSOLUTE
    FWlib\SRC\misc.c                         0x00000000   Number         0  misc.o ABSOLUTE
    FWlib\SRC\stm32f10x_can.c                0x00000000   Number         0  stm32f10x_can.o ABSOLUTE
    FWlib\SRC\stm32f10x_dma.c                0x00000000   Number         0  stm32f10x_dma.o ABSOLUTE
    FWlib\SRC\stm32f10x_exti.c               0x00000000   Number         0  stm32f10x_exti.o ABSOLUTE
    FWlib\SRC\stm32f10x_gpio.c               0x00000000   Number         0  stm32f10x_gpio.o ABSOLUTE
    FWlib\SRC\stm32f10x_rcc.c                0x00000000   Number         0  stm32f10x_rcc.o ABSOLUTE
    FWlib\SRC\stm32f10x_tim.c                0x00000000   Number         0  stm32f10x_tim.o ABSOLUTE
    FWlib\SRC\stm32f10x_usart.c              0x00000000   Number         0  stm32f10x_usart.o ABSOLUTE
    Hardware\drv_can.c                       0x00000000   Number         0  drv_can.o ABSOLUTE
    Hardware\drv_dma.c                       0x00000000   Number         0  drv_dma.o ABSOLUTE
    Hardware\drv_gpio.c                      0x00000000   Number         0  drv_gpio.o ABSOLUTE
    Hardware\drv_nvic.c                      0x00000000   Number         0  drv_nvic.o ABSOLUTE
    Hardware\drv_tim.c                       0x00000000   Number         0  drv_tim.o ABSOLUTE
    Hardware\drv_usart.c                     0x00000000   Number         0  drv_usart.o ABSOLUTE
    algorithm\ZeroCheck.c                    0x00000000   Number         0  zerocheck.o ABSOLUTE
    algorithm\algorithmOfCRC.c               0x00000000   Number         0  algorithmofcrc.o ABSOLUTE
    algorithm\pid.c                          0x00000000   Number         0  pid.o ABSOLUTE
    cfcmple.s                                0x00000000   Number         0  cfcmple.o ABSOLUTE
    cfrcmple.s                               0x00000000   Number         0  cfrcmple.o ABSOLUTE
    dc.s                                     0x00000000   Number         0  dc.o ABSOLUTE
    device\DataScope_DP.C                    0x00000000   Number         0  datascope_dp.o ABSOLUTE
    device\IMU.c                             0x00000000   Number         0  imu.o ABSOLUTE
    device\dbus.c                            0x00000000   Number         0  dbus.o ABSOLUTE
    device\dshot.c                           0x00000000   Number         0  dshot.o ABSOLUTE
    device\motor.c                           0x00000000   Number         0  motor.o ABSOLUTE
    handlers.s                               0x00000000   Number         0  handlers.o ABSOLUTE
    init.s                                   0x00000000   Number         0  init.o ABSOLUTE
    modules\gimbal.c                         0x00000000   Number         0  gimbal.o ABSOLUTE
    modules\modules.c                        0x00000000   Number         0  modules.o ABSOLUTE
    modules\shoot.c                          0x00000000   Number         0  shoot.o ABSOLUTE
    startup\startup_stm32f10x_cl.s           0x00000000   Number         0  startup_stm32f10x_cl.o ABSOLUTE
    user\\core_cm3.c                         0x00000000   Number         0  core_cm3.o ABSOLUTE
    user\core_cm3.c                          0x00000000   Number         0  core_cm3.o ABSOLUTE
    user\main.c                              0x00000000   Number         0  main.o ABSOLUTE
    user\stm32f10x_it.c                      0x00000000   Number         0  stm32f10x_it.o ABSOLUTE
    user\system_stm32f10x.c                  0x00000000   Number         0  system_stm32f10x.o ABSOLUTE
    RESET                                    0x08000000   Section      336  startup_stm32f10x_cl.o(RESET)
    .ARM.Collect$$$$00000000                 0x08000150   Section        0  entry.o(.ARM.Collect$$$$00000000)
    .ARM.Collect$$$$00000001                 0x08000150   Section        4  entry2.o(.ARM.Collect$$$$00000001)
    .ARM.Collect$$$$00000004                 0x08000154   Section        4  entry5.o(.ARM.Collect$$$$00000004)
    .ARM.Collect$$$$00000008                 0x08000158   Section        0  entry7b.o(.ARM.Collect$$$$00000008)
    .ARM.Collect$$$$0000000A                 0x08000158   Section        0  entry8b.o(.ARM.Collect$$$$0000000A)
    .ARM.Collect$$$$0000000B                 0x08000158   Section        8  entry9a.o(.ARM.Collect$$$$0000000B)
    .ARM.Collect$$$$0000000D                 0x08000160   Section        0  entry10a.o(.ARM.Collect$$$$0000000D)
    .ARM.Collect$$$$0000000F                 0x08000160   Section        0  entry11a.o(.ARM.Collect$$$$0000000F)
    .ARM.Collect$$$$00002712                 0x08000160   Section        4  entry2.o(.ARM.Collect$$$$00002712)
    __lit__00000000                          0x08000160   Data           4  entry2.o(.ARM.Collect$$$$00002712)
    .text                                    0x08000164   Section       36  startup_stm32f10x_cl.o(.text)
    .text                                    0x08000188   Section        0  memcpya.o(.text)
    .text                                    0x080001ac   Section        0  fadd.o(.text)
    .text                                    0x0800025c   Section        0  fmul.o(.text)
    .text                                    0x080002c0   Section        0  dadd.o(.text)
    .text                                    0x0800040e   Section        0  dmul.o(.text)
    .text                                    0x080004f2   Section        0  fflti.o(.text)
    .text                                    0x08000504   Section        0  ffltui.o(.text)
    .text                                    0x0800050e   Section        0  dflti.o(.text)
    .text                                    0x08000530   Section        0  ffixi.o(.text)
    .text                                    0x08000562   Section        0  f2d.o(.text)
    .text                                    0x08000588   Section        0  d2f.o(.text)
    .text                                    0x080005c0   Section       20  cfcmple.o(.text)
    .text                                    0x080005d4   Section       20  cfrcmple.o(.text)
    .text                                    0x080005e8   Section        0  llshl.o(.text)
    .text                                    0x08000606   Section        0  llsshr.o(.text)
    .text                                    0x0800062a   Section        0  iusefp.o(.text)
    .text                                    0x0800062a   Section        0  fepilogue.o(.text)
    .text                                    0x08000698   Section        0  depilogue.o(.text)
    .text                                    0x08000754   Section       36  init.o(.text)
    .text                                    0x08000778   Section        0  llushr.o(.text)
    i.BusFault_Handler                       0x08000798   Section        0  stm32f10x_it.o(i.BusFault_Handler)
    i.CAN1_RX0_IRQHandler                    0x0800079c   Section        0  stm32f10x_it.o(i.CAN1_RX0_IRQHandler)
    i.CAN2_RX0_IRQHandler                    0x080007c4   Section        0  stm32f10x_it.o(i.CAN2_RX0_IRQHandler)
    i.CAN2_RX1_IRQHandler                    0x080007e4   Section        0  stm32f10x_it.o(i.CAN2_RX1_IRQHandler)
    i.CAN_ClearITPendingBit                  0x08000804   Section        0  stm32f10x_can.o(i.CAN_ClearITPendingBit)
    i.CAN_Config                             0x0800088c   Section        0  drv_can.o(i.CAN_Config)
    i.CAN_DeInit                             0x08000a4c   Section        0  stm32f10x_can.o(i.CAN_DeInit)
    i.CAN_FilterInit                         0x08000a84   Section        0  stm32f10x_can.o(i.CAN_FilterInit)
    i.CAN_ITConfig                           0x08000b58   Section        0  stm32f10x_can.o(i.CAN_ITConfig)
    i.CAN_Init                               0x08000b6c   Section        0  stm32f10x_can.o(i.CAN_Init)
    i.CAN_Receive                            0x08000c70   Section        0  stm32f10x_can.o(i.CAN_Receive)
    i.CAN_SendData                           0x08000cf4   Section        0  drv_can.o(i.CAN_SendData)
    i.CAN_StructInit                         0x08000d84   Section        0  stm32f10x_can.o(i.CAN_StructInit)
    i.CAN_Transmit                           0x08000da4   Section        0  stm32f10x_can.o(i.CAN_Transmit)
    i.Can1Receive_Hook                       0x08000e5c   Section        0  drv_can.o(i.Can1Receive_Hook)
    i.Can2Receive_Hook                       0x08000ed4   Section        0  drv_can.o(i.Can2Receive_Hook)
    i.DMA2_Channel2_IRQHandler               0x08000f60   Section        0  stm32f10x_it.o(i.DMA2_Channel2_IRQHandler)
    i.DMA_ClearITPendingBit                  0x08000f80   Section        0  stm32f10x_dma.o(i.DMA_ClearITPendingBit)
    i.DMA_Cmd                                0x08000f98   Section        0  stm32f10x_dma.o(i.DMA_Cmd)
    i.DMA_Config                             0x08000fb2   Section        0  drv_dma.o(i.DMA_Config)
    i.DMA_DeInit                             0x08000ffc   Section        0  stm32f10x_dma.o(i.DMA_DeInit)
    i.DMA_GetCurrDataCounter                 0x080010f4   Section        0  stm32f10x_dma.o(i.DMA_GetCurrDataCounter)
    i.DMA_GetFlagStatus                      0x080010fc   Section        0  stm32f10x_dma.o(i.DMA_GetFlagStatus)
    i.DMA_Init                               0x08001120   Section        0  stm32f10x_dma.o(i.DMA_Init)
    i.DMA_SetCurrDataCounter                 0x0800115a   Section        0  stm32f10x_dma.o(i.DMA_SetCurrDataCounter)
    i.DebugMon_Handler                       0x0800115e   Section        0  stm32f10x_it.o(i.DebugMon_Handler)
    i.GM6020_control                         0x08001160   Section        0  motor.o(i.GM6020_control)
    i.GPIO_Init                              0x080011f6   Section        0  stm32f10x_gpio.o(i.GPIO_Init)
    i.GPIO_PinRemapConfig                    0x0800129c   Section        0  stm32f10x_gpio.o(i.GPIO_PinRemapConfig)
    i.Get_ZeroCheck_Value_Interface          0x080012f8   Section        0  zerocheck.o(i.Get_ZeroCheck_Value_Interface)
    i.HardFault_Handler                      0x080012fc   Section        0  stm32f10x_it.o(i.HardFault_Handler)
    i.M2006_control                          0x080012fe   Section        0  motor.o(i.M2006_control)
    i.MemManage_Handler                      0x08001394   Section        0  stm32f10x_it.o(i.MemManage_Handler)
    i.NMI_Handler                            0x08001396   Section        0  stm32f10x_it.o(i.NMI_Handler)
    i.NVIC_Config                            0x08001398   Section        0  drv_nvic.o(i.NVIC_Config)
    i.NVIC_Init                              0x080013b4   Section        0  misc.o(i.NVIC_Init)
    i.PID_struct_init                        0x08001418   Section        0  pid.o(i.PID_struct_init)
    i.PendSV_Handler                         0x08001450   Section        0  stm32f10x_it.o(i.PendSV_Handler)
    i.RCC_AHBPeriphClockCmd                  0x08001454   Section        0  stm32f10x_rcc.o(i.RCC_AHBPeriphClockCmd)
    i.RCC_APB1PeriphClockCmd                 0x08001470   Section        0  stm32f10x_rcc.o(i.RCC_APB1PeriphClockCmd)
    i.RCC_APB1PeriphResetCmd                 0x0800148c   Section        0  stm32f10x_rcc.o(i.RCC_APB1PeriphResetCmd)
    i.RCC_APB2PeriphClockCmd                 0x080014a8   Section        0  stm32f10x_rcc.o(i.RCC_APB2PeriphClockCmd)
    i.RCC_GetClocksFreq                      0x080014c4   Section        0  stm32f10x_rcc.o(i.RCC_GetClocksFreq)
    i.RemoteReceive                          0x08001598   Section        0  dbus.o(i.RemoteReceive)
    i.SVC_Handler                            0x08001700   Section        0  stm32f10x_it.o(i.SVC_Handler)
    i.SetSysClock                            0x08001702   Section        0  system_stm32f10x.o(i.SetSysClock)
    SetSysClock                              0x08001703   Thumb Code     4  system_stm32f10x.o(i.SetSysClock)
    i.SetSysClockTo72                        0x08001708   Section        0  system_stm32f10x.o(i.SetSysClockTo72)
    SetSysClockTo72                          0x08001709   Thumb Code   168  system_stm32f10x.o(i.SetSysClockTo72)
    i.SysTick_Handler                        0x080017b8   Section        0  main.o(i.SysTick_Handler)
    i.SystemInit                             0x080017e4   Section        0  system_stm32f10x.o(i.SystemInit)
    i.TIM_ARRPreloadConfig                   0x08001824   Section        0  stm32f10x_tim.o(i.TIM_ARRPreloadConfig)
    i.TIM_BASE_Config                        0x0800183c   Section        0  drv_tim.o(i.TIM_BASE_Config)
    i.TIM_Cmd                                0x08001858   Section        0  stm32f10x_tim.o(i.TIM_Cmd)
    i.TIM_Config                             0x08001870   Section        0  drv_tim.o(i.TIM_Config)
    i.TIM_CtrlPWMOutputs                     0x08001974   Section        0  stm32f10x_tim.o(i.TIM_CtrlPWMOutputs)
    i.TIM_DMACmd                             0x08001990   Section        0  stm32f10x_tim.o(i.TIM_DMACmd)
    i.TIM_DMAConfig                          0x080019a4   Section        0  stm32f10x_tim.o(i.TIM_DMAConfig)
    i.TIM_GPIO_Config                        0x080019ac   Section        0  drv_tim.o(i.TIM_GPIO_Config)
    i.TIM_OC1Init                            0x08001a20   Section        0  stm32f10x_tim.o(i.TIM_OC1Init)
    i.TIM_OC1PreloadConfig                   0x08001aa8   Section        0  stm32f10x_tim.o(i.TIM_OC1PreloadConfig)
    i.TIM_OC2Init                            0x08001ab4   Section        0  stm32f10x_tim.o(i.TIM_OC2Init)
    i.TIM_OC2PreloadConfig                   0x08001b3c   Section        0  stm32f10x_tim.o(i.TIM_OC2PreloadConfig)
    i.TIM_OC_Config                          0x08001b50   Section        0  drv_tim.o(i.TIM_OC_Config)
    i.TIM_TimeBaseInit                       0x08001b6c   Section        0  stm32f10x_tim.o(i.TIM_TimeBaseInit)
    i.UART4_IRQHandler                       0x08001c08   Section        0  stm32f10x_it.o(i.UART4_IRQHandler)
    i.UART5_IRQHandler                       0x08001c2c   Section        0  stm32f10x_it.o(i.UART5_IRQHandler)
    i.UART_Config                            0x08001c50   Section        0  drv_usart.o(i.UART_Config)
    i.UART_GPIO_RX_Config                    0x08001c70   Section        0  drv_usart.o(i.UART_GPIO_RX_Config)
    i.UART_GPIO_TX_Config                    0x08001c84   Section        0  drv_usart.o(i.UART_GPIO_TX_Config)
    i.USART1_IRQHandler                      0x08001c98   Section        0  stm32f10x_it.o(i.USART1_IRQHandler)
    i.USART2_IRQHandler                      0x08001cbc   Section        0  stm32f10x_it.o(i.USART2_IRQHandler)
    i.USART3_IRQHandler                      0x08001ce0   Section        0  stm32f10x_it.o(i.USART3_IRQHandler)
    i.USART_ClearITPendingBit                0x08001d70   Section        0  stm32f10x_usart.o(i.USART_ClearITPendingBit)
    i.USART_Cmd                              0x08001d80   Section        0  stm32f10x_usart.o(i.USART_Cmd)
    i.USART_Config                           0x08001d98   Section        0  drv_usart.o(i.USART_Config)
    i.USART_DMACmd                           0x08002000   Section        0  stm32f10x_usart.o(i.USART_DMACmd)
    i.USART_GetITStatus                      0x08002014   Section        0  stm32f10x_usart.o(i.USART_GetITStatus)
    i.USART_ITConfig                         0x08002054   Section        0  stm32f10x_usart.o(i.USART_ITConfig)
    i.USART_Init                             0x0800208c   Section        0  stm32f10x_usart.o(i.USART_Init)
    i.UsageFault_Handler                     0x08002148   Section        0  stm32f10x_it.o(i.UsageFault_Handler)
    i.ZeroCheck_Init_Interface               0x0800214a   Section        0  zerocheck.o(i.ZeroCheck_Init_Interface)
    i.ZeroCheck_cal                          0x08002158   Section        0  zerocheck.o(i.ZeroCheck_cal)
    i.__scatterload_copy                     0x080021d8   Section       14  handlers.o(i.__scatterload_copy)
    i.__scatterload_null                     0x080021e6   Section        2  handlers.o(i.__scatterload_null)
    i.__scatterload_zeroinit                 0x080021e8   Section       14  handlers.o(i.__scatterload_zeroinit)
    i.abs_limit                              0x080021f6   Section        0  pid.o(i.abs_limit)
    i.delayMs_Block                          0x0800221a   Section        0  drv_tim.o(i.delayMs_Block)
    i.droneConfig                            0x08002234   Section        0  main.o(i.droneConfig)
    i.droneInit                              0x08002274   Section        0  main.o(i.droneInit)
    i.getRCData                              0x08002278   Section        0  dbus.o(i.getRCData)
    i.get_systick_min                        0x08002284   Section        0  main.o(i.get_systick_min)
    i.get_systick_ms                         0x08002290   Section        0  main.o(i.get_systick_ms)
    i.get_systick_s                          0x0800229c   Section        0  main.o(i.get_systick_s)
    i.gimbal_init                            0x080022a8   Section        0  gimbal.o(i.gimbal_init)
    i.gimbal_tast                            0x08002388   Section        0  gimbal.o(i.gimbal_tast)
    i.imuDiscode                             0x08002534   Section        0  imu.o(i.imuDiscode)
    i.main                                   0x0800254c   Section        0  main.o(i.main)
    i.modules_init                           0x08002556   Section        0  modules.o(i.modules_init)
    i.modules_task                           0x08002574   Section        0  modules.o(i.modules_task)
    i.motor_PID_cal                          0x08002604   Section        0  motor.o(i.motor_PID_cal)
    i.pid_calc                               0x0800269c   Section        0  pid.o(i.pid_calc)
    i.pid_param_init                         0x0800271e   Section        0  pid.o(i.pid_param_init)
    pid_param_init                           0x0800271f   Thumb Code    20  pid.o(i.pid_param_init)
    i.pid_reset                              0x08002732   Section        0  pid.o(i.pid_reset)
    pid_reset                                0x08002733   Thumb Code    18  pid.o(i.pid_reset)
    i.setDshotValue                          0x08002744   Section        0  dshot.o(i.setDshotValue)
    i.shoot_init                             0x08002834   Section        0  shoot.o(i.shoot_init)
    i.shoot_task                             0x080028a4   Section        0  shoot.o(i.shoot_task)
    .data                                    0x20000000   Section        8  stm32f10x_it.o(.data)
    DATA_LENGTH                              0x20000004   Data           4  stm32f10x_it.o(.data)
    .data                                    0x20000008   Section       16  drv_usart.o(.data)
    .data                                    0x20000018   Section       20  stm32f10x_rcc.o(.data)
    ADCPrescTable                            0x20000018   Data           4  stm32f10x_rcc.o(.data)
    APBAHBPrescTable                         0x2000001c   Data          16  stm32f10x_rcc.o(.data)
    .data                                    0x2000002c   Section        1  dshot.o(.data)
    .data                                    0x20000030   Section        8  gimbal.o(.data)
    .data                                    0x20000038   Section        4  shoot.o(.data)
    .bss                                     0x2000003c   Section       40  main.o(.bss)
    .bss                                     0x20000064   Section      152  drv_can.o(.bss)
    .bss                                     0x200000fc   Section       60  drv_tim.o(.bss)
    .bss                                     0x20000138   Section      200  drv_usart.o(.bss)
    .bss                                     0x20000200   Section       52  dshot.o(.bss)
    .bss                                     0x20000234   Section       76  dbus.o(.bss)
    .bss                                     0x20000280   Section       24  imu.o(.bss)
    .bss                                     0x20000298   Section      448  gimbal.o(.bss)
    .bss                                     0x20000458   Section      220  shoot.o(.bss)
    STACK                                    0x20000538   Section     1024  startup_stm32f10x_cl.o(STACK)

    Global Symbols

    Symbol Name                              Value     Ov Type        Size  Object(Section)

    BuildAttributes$$THM_ISAv4$P$D$K$B$S$PE$A:L22UL41UL21$X:L11$S22US41US21$IEEE1$IW$USESV6$~STKCKD$USESV7$~SHL$OTIME$ROPI$EBA8$MICROLIB$REQ8$PRES8$EABIv2 0x00000000   Number         0  anon$$obj.o ABSOLUTE
    __ARM_use_no_argv                        0x00000000   Number         0  main.o ABSOLUTE
    __cpp_initialize__aeabi_                  - Undefined Weak Reference
    __cxa_finalize                            - Undefined Weak Reference
    __decompress                              - Undefined Weak Reference
    _clock_init                               - Undefined Weak Reference
    _microlib_exit                            - Undefined Weak Reference
    __Vectors_Size                           0x00000150   Number         0  startup_stm32f10x_cl.o ABSOLUTE
    __Vectors                                0x08000000   Data           4  startup_stm32f10x_cl.o(RESET)
    __Vectors_End                            0x08000150   Data           0  startup_stm32f10x_cl.o(RESET)
    __main                                   0x08000151   Thumb Code     0  entry.o(.ARM.Collect$$$$00000000)
    _main_stk                                0x08000151   Thumb Code     0  entry2.o(.ARM.Collect$$$$00000001)
    _main_scatterload                        0x08000155   Thumb Code     0  entry5.o(.ARM.Collect$$$$00000004)
    __main_after_scatterload                 0x08000159   Thumb Code     0  entry5.o(.ARM.Collect$$$$00000004)
    _main_clock                              0x08000159   Thumb Code     0  entry7b.o(.ARM.Collect$$$$00000008)
    _main_cpp_init                           0x08000159   Thumb Code     0  entry8b.o(.ARM.Collect$$$$0000000A)
    _main_init                               0x08000159   Thumb Code     0  entry9a.o(.ARM.Collect$$$$0000000B)
    __rt_final_cpp                           0x08000161   Thumb Code     0  entry10a.o(.ARM.Collect$$$$0000000D)
    __rt_final_exit                          0x08000161   Thumb Code     0  entry11a.o(.ARM.Collect$$$$0000000F)
    Reset_Handler                            0x08000165   Thumb Code     8  startup_stm32f10x_cl.o(.text)
    ADC1_2_IRQHandler                        0x0800017f   Thumb Code     0  startup_stm32f10x_cl.o(.text)
    CAN1_RX1_IRQHandler                      0x0800017f   Thumb Code     0  startup_stm32f10x_cl.o(.text)
    CAN1_SCE_IRQHandler                      0x0800017f   Thumb Code     0  startup_stm32f10x_cl.o(.text)
    CAN1_TX_IRQHandler                       0x0800017f   Thumb Code     0  startup_stm32f10x_cl.o(.text)
    CAN2_SCE_IRQHandler                      0x0800017f   Thumb Code     0  startup_stm32f10x_cl.o(.text)
    CAN2_TX_IRQHandler                       0x0800017f   Thumb Code     0  startup_stm32f10x_cl.o(.text)
    DMA1_Channel1_IRQHandler                 0x0800017f   Thumb Code     0  startup_stm32f10x_cl.o(.text)
    DMA1_Channel2_IRQHandler                 0x0800017f   Thumb Code     0  startup_stm32f10x_cl.o(.text)
    DMA1_Channel3_IRQHandler                 0x0800017f   Thumb Code     0  startup_stm32f10x_cl.o(.text)
    DMA1_Channel4_IRQHandler                 0x0800017f   Thumb Code     0  startup_stm32f10x_cl.o(.text)
    DMA1_Channel5_IRQHandler                 0x0800017f   Thumb Code     0  startup_stm32f10x_cl.o(.text)
    DMA1_Channel6_IRQHandler                 0x0800017f   Thumb Code     0  startup_stm32f10x_cl.o(.text)
    DMA1_Channel7_IRQHandler                 0x0800017f   Thumb Code     0  startup_stm32f10x_cl.o(.text)
    DMA2_Channel1_IRQHandler                 0x0800017f   Thumb Code     0  startup_stm32f10x_cl.o(.text)
    DMA2_Channel3_IRQHandler                 0x0800017f   Thumb Code     0  startup_stm32f10x_cl.o(.text)
    DMA2_Channel4_IRQHandler                 0x0800017f   Thumb Code     0  startup_stm32f10x_cl.o(.text)
    DMA2_Channel5_IRQHandler                 0x0800017f   Thumb Code     0  startup_stm32f10x_cl.o(.text)
    ETH_IRQHandler                           0x0800017f   Thumb Code     0  startup_stm32f10x_cl.o(.text)
    ETH_WKUP_IRQHandler                      0x0800017f   Thumb Code     0  startup_stm32f10x_cl.o(.text)
    EXTI0_IRQHandler                         0x0800017f   Thumb Code     0  startup_stm32f10x_cl.o(.text)
    EXTI15_10_IRQHandler                     0x0800017f   Thumb Code     0  startup_stm32f10x_cl.o(.text)
    EXTI1_IRQHandler                         0x0800017f   Thumb Code     0  startup_stm32f10x_cl.o(.text)
    EXTI2_IRQHandler                         0x0800017f   Thumb Code     0  startup_stm32f10x_cl.o(.text)
    EXTI3_IRQHandler                         0x0800017f   Thumb Code     0  startup_stm32f10x_cl.o(.text)
    EXTI4_IRQHandler                         0x0800017f   Thumb Code     0  startup_stm32f10x_cl.o(.text)
    EXTI9_5_IRQHandler                       0x0800017f   Thumb Code     0  startup_stm32f10x_cl.o(.text)
    FLASH_IRQHandler                         0x0800017f   Thumb Code     0  startup_stm32f10x_cl.o(.text)
    I2C1_ER_IRQHandler                       0x0800017f   Thumb Code     0  startup_stm32f10x_cl.o(.text)
    I2C1_EV_IRQHandler                       0x0800017f   Thumb Code     0  startup_stm32f10x_cl.o(.text)
    I2C2_ER_IRQHandler                       0x0800017f   Thumb Code     0  startup_stm32f10x_cl.o(.text)
    I2C2_EV_IRQHandler                       0x0800017f   Thumb Code     0  startup_stm32f10x_cl.o(.text)
    OTG_FS_IRQHandler                        0x0800017f   Thumb Code     0  startup_stm32f10x_cl.o(.text)
    OTG_FS_WKUP_IRQHandler                   0x0800017f   Thumb Code     0  startup_stm32f10x_cl.o(.text)
    PVD_IRQHandler                           0x0800017f   Thumb Code     0  startup_stm32f10x_cl.o(.text)
    RCC_IRQHandler                           0x0800017f   Thumb Code     0  startup_stm32f10x_cl.o(.text)
    RTCAlarm_IRQHandler                      0x0800017f   Thumb Code     0  startup_stm32f10x_cl.o(.text)
    RTC_IRQHandler                           0x0800017f   Thumb Code     0  startup_stm32f10x_cl.o(.text)
    SPI1_IRQHandler                          0x0800017f   Thumb Code     0  startup_stm32f10x_cl.o(.text)
    SPI2_IRQHandler                          0x0800017f   Thumb Code     0  startup_stm32f10x_cl.o(.text)
    SPI3_IRQHandler                          0x0800017f   Thumb Code     0  startup_stm32f10x_cl.o(.text)
    TAMPER_IRQHandler                        0x0800017f   Thumb Code     0  startup_stm32f10x_cl.o(.text)
    TIM1_BRK_IRQHandler                      0x0800017f   Thumb Code     0  startup_stm32f10x_cl.o(.text)
    TIM1_CC_IRQHandler                       0x0800017f   Thumb Code     0  startup_stm32f10x_cl.o(.text)
    TIM1_TRG_COM_IRQHandler                  0x0800017f   Thumb Code     0  startup_stm32f10x_cl.o(.text)
    TIM1_UP_IRQHandler                       0x0800017f   Thumb Code     0  startup_stm32f10x_cl.o(.text)
    TIM2_IRQHandler                          0x0800017f   Thumb Code     0  startup_stm32f10x_cl.o(.text)
    TIM3_IRQHandler                          0x0800017f   Thumb Code     0  startup_stm32f10x_cl.o(.text)
    TIM4_IRQHandler                          0x0800017f   Thumb Code     0  startup_stm32f10x_cl.o(.text)
    TIM5_IRQHandler                          0x0800017f   Thumb Code     0  startup_stm32f10x_cl.o(.text)
    TIM6_IRQHandler                          0x0800017f   Thumb Code     0  startup_stm32f10x_cl.o(.text)
    TIM7_IRQHandler                          0x0800017f   Thumb Code     0  startup_stm32f10x_cl.o(.text)
    WWDG_IRQHandler                          0x0800017f   Thumb Code     0  startup_stm32f10x_cl.o(.text)
    __aeabi_memcpy                           0x08000189   Thumb Code    36  memcpya.o(.text)
    __aeabi_memcpy4                          0x08000189   Thumb Code     0  memcpya.o(.text)
    __aeabi_memcpy8                          0x08000189   Thumb Code     0  memcpya.o(.text)
    __aeabi_fadd                             0x080001ad   Thumb Code   164  fadd.o(.text)
    __aeabi_fsub                             0x08000251   Thumb Code     6  fadd.o(.text)
    __aeabi_frsub                            0x08000257   Thumb Code     6  fadd.o(.text)
    __aeabi_fmul                             0x0800025d   Thumb Code   100  fmul.o(.text)
    __aeabi_dadd                             0x080002c1   Thumb Code   322  dadd.o(.text)
    __aeabi_dsub                             0x08000403   Thumb Code     6  dadd.o(.text)
    __aeabi_drsub                            0x08000409   Thumb Code     6  dadd.o(.text)
    __aeabi_dmul                             0x0800040f   Thumb Code   228  dmul.o(.text)
    __aeabi_i2f                              0x080004f3   Thumb Code    18  fflti.o(.text)
    __aeabi_ui2f                             0x08000505   Thumb Code    10  ffltui.o(.text)
    __aeabi_i2d                              0x0800050f   Thumb Code    34  dflti.o(.text)
    __aeabi_f2iz                             0x08000531   Thumb Code    50  ffixi.o(.text)
    __aeabi_f2d                              0x08000563   Thumb Code    38  f2d.o(.text)
    __aeabi_d2f                              0x08000589   Thumb Code    56  d2f.o(.text)
    __aeabi_cfcmpeq                          0x080005c1   Thumb Code     0  cfcmple.o(.text)
    __aeabi_cfcmple                          0x080005c1   Thumb Code    20  cfcmple.o(.text)
    __aeabi_cfrcmple                         0x080005d5   Thumb Code    20  cfrcmple.o(.text)
    __aeabi_llsl                             0x080005e9   Thumb Code    30  llshl.o(.text)
    _ll_shift_l                              0x080005e9   Thumb Code     0  llshl.o(.text)
    __aeabi_lasr                             0x08000607   Thumb Code    36  llsshr.o(.text)
    _ll_sshift_r                             0x08000607   Thumb Code     0  llsshr.o(.text)
    __I$use$fp                               0x0800062b   Thumb Code     0  iusefp.o(.text)
    _float_round                             0x0800062b   Thumb Code    18  fepilogue.o(.text)
    _float_epilogue                          0x0800063d   Thumb Code    92  fepilogue.o(.text)
    _double_round                            0x08000699   Thumb Code    30  depilogue.o(.text)
    _double_epilogue                         0x080006b7   Thumb Code   156  depilogue.o(.text)
    __scatterload                            0x08000755   Thumb Code    28  init.o(.text)
    __scatterload_rt2                        0x08000755   Thumb Code     0  init.o(.text)
    __aeabi_llsr                             0x08000779   Thumb Code    32  llushr.o(.text)
    _ll_ushift_r                             0x08000779   Thumb Code     0  llushr.o(.text)
    BusFault_Handler                         0x08000799   Thumb Code     2  stm32f10x_it.o(i.BusFault_Handler)
    CAN1_RX0_IRQHandler                      0x0800079d   Thumb Code    34  stm32f10x_it.o(i.CAN1_RX0_IRQHandler)
    CAN2_RX0_IRQHandler                      0x080007c5   Thumb Code    26  stm32f10x_it.o(i.CAN2_RX0_IRQHandler)
    CAN2_RX1_IRQHandler                      0x080007e5   Thumb Code    26  stm32f10x_it.o(i.CAN2_RX1_IRQHandler)
    CAN_ClearITPendingBit                    0x08000805   Thumb Code   132  stm32f10x_can.o(i.CAN_ClearITPendingBit)
    CAN_Config                               0x0800088d   Thumb Code   430  drv_can.o(i.CAN_Config)
    CAN_DeInit                               0x08000a4d   Thumb Code    52  stm32f10x_can.o(i.CAN_DeInit)
    CAN_FilterInit                           0x08000a85   Thumb Code   202  stm32f10x_can.o(i.CAN_FilterInit)
    CAN_ITConfig                             0x08000b59   Thumb Code    20  stm32f10x_can.o(i.CAN_ITConfig)
    CAN_Init                                 0x08000b6d   Thumb Code   260  stm32f10x_can.o(i.CAN_Init)
    CAN_Receive                              0x08000c71   Thumb Code   130  stm32f10x_can.o(i.CAN_Receive)
    CAN_SendData                             0x08000cf5   Thumb Code   132  drv_can.o(i.CAN_SendData)
    CAN_StructInit                           0x08000d85   Thumb Code    32  stm32f10x_can.o(i.CAN_StructInit)
    CAN_Transmit                             0x08000da5   Thumb Code   182  stm32f10x_can.o(i.CAN_Transmit)
    Can1Receive_Hook                         0x08000e5d   Thumb Code   106  drv_can.o(i.Can1Receive_Hook)
    Can2Receive_Hook                         0x08000ed5   Thumb Code   132  drv_can.o(i.Can2Receive_Hook)
    DMA2_Channel2_IRQHandler                 0x08000f61   Thumb Code    26  stm32f10x_it.o(i.DMA2_Channel2_IRQHandler)
    DMA_ClearITPendingBit                    0x08000f81   Thumb Code    16  stm32f10x_dma.o(i.DMA_ClearITPendingBit)
    DMA_Cmd                                  0x08000f99   Thumb Code    26  stm32f10x_dma.o(i.DMA_Cmd)
    DMA_Config                               0x08000fb3   Thumb Code    74  drv_dma.o(i.DMA_Config)
    DMA_DeInit                               0x08000ffd   Thumb Code   238  stm32f10x_dma.o(i.DMA_DeInit)
    DMA_GetCurrDataCounter                   0x080010f5   Thumb Code     6  stm32f10x_dma.o(i.DMA_GetCurrDataCounter)
    DMA_GetFlagStatus                        0x080010fd   Thumb Code    26  stm32f10x_dma.o(i.DMA_GetFlagStatus)
    DMA_Init                                 0x08001121   Thumb Code    58  stm32f10x_dma.o(i.DMA_Init)
    DMA_SetCurrDataCounter                   0x0800115b   Thumb Code     4  stm32f10x_dma.o(i.DMA_SetCurrDataCounter)
    DebugMon_Handler                         0x0800115f   Thumb Code     2  stm32f10x_it.o(i.DebugMon_Handler)
    GM6020_control                           0x08001161   Thumb Code   150  motor.o(i.GM6020_control)
    GPIO_Init                                0x080011f7   Thumb Code   166  stm32f10x_gpio.o(i.GPIO_Init)
    GPIO_PinRemapConfig                      0x0800129d   Thumb Code    86  stm32f10x_gpio.o(i.GPIO_PinRemapConfig)
    Get_ZeroCheck_Value_Interface            0x080012f9   Thumb Code     4  zerocheck.o(i.Get_ZeroCheck_Value_Interface)
    HardFault_Handler                        0x080012fd   Thumb Code     2  stm32f10x_it.o(i.HardFault_Handler)
    M2006_control                            0x080012ff   Thumb Code   150  motor.o(i.M2006_control)
    MemManage_Handler                        0x08001395   Thumb Code     2  stm32f10x_it.o(i.MemManage_Handler)
    NMI_Handler                              0x08001397   Thumb Code     2  stm32f10x_it.o(i.NMI_Handler)
    NVIC_Config                              0x08001399   Thumb Code    28  drv_nvic.o(i.NVIC_Config)
    NVIC_Init                                0x080013b5   Thumb Code    96  misc.o(i.NVIC_Init)
    PID_struct_init                          0x08001419   Thumb Code    46  pid.o(i.PID_struct_init)
    PendSV_Handler                           0x08001451   Thumb Code     2  stm32f10x_it.o(i.PendSV_Handler)
    RCC_AHBPeriphClockCmd                    0x08001455   Thumb Code    22  stm32f10x_rcc.o(i.RCC_AHBPeriphClockCmd)
    RCC_APB1PeriphClockCmd                   0x08001471   Thumb Code    22  stm32f10x_rcc.o(i.RCC_APB1PeriphClockCmd)
    RCC_APB1PeriphResetCmd                   0x0800148d   Thumb Code    22  stm32f10x_rcc.o(i.RCC_APB1PeriphResetCmd)
    RCC_APB2PeriphClockCmd                   0x080014a9   Thumb Code    22  stm32f10x_rcc.o(i.RCC_APB2PeriphClockCmd)
    RCC_GetClocksFreq                        0x080014c5   Thumb Code   196  stm32f10x_rcc.o(i.RCC_GetClocksFreq)
    RemoteReceive                            0x08001599   Thumb Code   346  dbus.o(i.RemoteReceive)
    SVC_Handler                              0x08001701   Thumb Code     2  stm32f10x_it.o(i.SVC_Handler)
    SysTick_Handler                          0x080017b9   Thumb Code    40  main.o(i.SysTick_Handler)
    SystemInit                               0x080017e5   Thumb Code    50  system_stm32f10x.o(i.SystemInit)
    TIM_ARRPreloadConfig                     0x08001825   Thumb Code    24  stm32f10x_tim.o(i.TIM_ARRPreloadConfig)
    TIM_BASE_Config                          0x0800183d   Thumb Code    28  drv_tim.o(i.TIM_BASE_Config)
    TIM_Cmd                                  0x08001859   Thumb Code    24  stm32f10x_tim.o(i.TIM_Cmd)
    TIM_Config                               0x08001871   Thumb Code   238  drv_tim.o(i.TIM_Config)
    TIM_CtrlPWMOutputs                       0x08001975   Thumb Code    28  stm32f10x_tim.o(i.TIM_CtrlPWMOutputs)
    TIM_DMACmd                               0x08001991   Thumb Code    20  stm32f10x_tim.o(i.TIM_DMACmd)
    TIM_DMAConfig                            0x080019a5   Thumb Code     8  stm32f10x_tim.o(i.TIM_DMAConfig)
    TIM_GPIO_Config                          0x080019ad   Thumb Code   114  drv_tim.o(i.TIM_GPIO_Config)
    TIM_OC1Init                              0x08001a21   Thumb Code   114  stm32f10x_tim.o(i.TIM_OC1Init)
    TIM_OC1PreloadConfig                     0x08001aa9   Thumb Code    12  stm32f10x_tim.o(i.TIM_OC1PreloadConfig)
    TIM_OC2Init                              0x08001ab5   Thumb Code   128  stm32f10x_tim.o(i.TIM_OC2Init)
    TIM_OC2PreloadConfig                     0x08001b3d   Thumb Code    20  stm32f10x_tim.o(i.TIM_OC2PreloadConfig)
    TIM_OC_Config                            0x08001b51   Thumb Code    28  drv_tim.o(i.TIM_OC_Config)
    TIM_TimeBaseInit                         0x08001b6d   Thumb Code   114  stm32f10x_tim.o(i.TIM_TimeBaseInit)
    UART4_IRQHandler                         0x08001c09   Thumb Code    32  stm32f10x_it.o(i.UART4_IRQHandler)
    UART5_IRQHandler                         0x08001c2d   Thumb Code    32  stm32f10x_it.o(i.UART5_IRQHandler)
    UART_Config                              0x08001c51   Thumb Code    32  drv_usart.o(i.UART_Config)
    UART_GPIO_RX_Config                      0x08001c71   Thumb Code    20  drv_usart.o(i.UART_GPIO_RX_Config)
    UART_GPIO_TX_Config                      0x08001c85   Thumb Code    20  drv_usart.o(i.UART_GPIO_TX_Config)
    USART1_IRQHandler                        0x08001c99   Thumb Code    32  stm32f10x_it.o(i.USART1_IRQHandler)
    USART2_IRQHandler                        0x08001cbd   Thumb Code    32  stm32f10x_it.o(i.USART2_IRQHandler)
    USART3_IRQHandler                        0x08001ce1   Thumb Code   132  stm32f10x_it.o(i.USART3_IRQHandler)
    USART_ClearITPendingBit                  0x08001d71   Thumb Code    16  stm32f10x_usart.o(i.USART_ClearITPendingBit)
    USART_Cmd                                0x08001d81   Thumb Code    24  stm32f10x_usart.o(i.USART_Cmd)
    USART_Config                             0x08001d99   Thumb Code   564  drv_usart.o(i.USART_Config)
    USART_DMACmd                             0x08002001   Thumb Code    20  stm32f10x_usart.o(i.USART_DMACmd)
    USART_GetITStatus                        0x08002015   Thumb Code    64  stm32f10x_usart.o(i.USART_GetITStatus)
    USART_ITConfig                           0x08002055   Thumb Code    54  stm32f10x_usart.o(i.USART_ITConfig)
    USART_Init                               0x0800208d   Thumb Code   182  stm32f10x_usart.o(i.USART_Init)
    UsageFault_Handler                       0x08002149   Thumb Code     2  stm32f10x_it.o(i.UsageFault_Handler)
    ZeroCheck_Init_Interface                 0x0800214b   Thumb Code    14  zerocheck.o(i.ZeroCheck_Init_Interface)
    ZeroCheck_cal                            0x08002159   Thumb Code   118  zerocheck.o(i.ZeroCheck_cal)
    __scatterload_copy                       0x080021d9   Thumb Code    14  handlers.o(i.__scatterload_copy)
    __scatterload_null                       0x080021e7   Thumb Code     2  handlers.o(i.__scatterload_null)
    __scatterload_zeroinit                   0x080021e9   Thumb Code    14  handlers.o(i.__scatterload_zeroinit)
    abs_limit                                0x080021f7   Thumb Code    36  pid.o(i.abs_limit)
    delayMs_Block                            0x0800221b   Thumb Code    26  drv_tim.o(i.delayMs_Block)
    droneConfig                              0x08002235   Thumb Code    50  main.o(i.droneConfig)
    droneInit                                0x08002275   Thumb Code     4  main.o(i.droneInit)
    getRCData                                0x08002279   Thumb Code     8  dbus.o(i.getRCData)
    get_systick_min                          0x08002285   Thumb Code     6  main.o(i.get_systick_min)
    get_systick_ms                           0x08002291   Thumb Code     6  main.o(i.get_systick_ms)
    get_systick_s                            0x0800229d   Thumb Code     6  main.o(i.get_systick_s)
    gimbal_init                              0x080022a9   Thumb Code   188  gimbal.o(i.gimbal_init)
    gimbal_tast                              0x08002389   Thumb Code   406  gimbal.o(i.gimbal_tast)
    imuDiscode                               0x08002535   Thumb Code    20  imu.o(i.imuDiscode)
    main                                     0x0800254d   Thumb Code    10  main.o(i.main)
    modules_init                             0x08002557   Thumb Code    30  modules.o(i.modules_init)
    modules_task                             0x08002575   Thumb Code   138  modules.o(i.modules_task)
    motor_PID_cal                            0x08002605   Thumb Code   148  motor.o(i.motor_PID_cal)
    pid_calc                                 0x0800269d   Thumb Code   130  pid.o(i.pid_calc)
    setDshotValue                            0x08002745   Thumb Code   232  dshot.o(i.setDshotValue)
    shoot_init                               0x08002835   Thumb Code    90  shoot.o(i.shoot_init)
    shoot_task                               0x080028a5   Thumb Code   350  shoot.o(i.shoot_task)
    Region$$Table$$Base                      0x08002a14   Number         0  anon$$obj.o(Region$$Table)
    Region$$Table$$Limit                     0x08002a34   Number         0  anon$$obj.o(Region$$Table)
    last_time                                0x20000000   Data           4  stm32f10x_it.o(.data)
    uart2_RxBuffer                           0x20000008   Data           8  drv_usart.o(.data)
    uart2_TxBuffer                           0x20000010   Data           8  drv_usart.o(.data)
    Dshot_delay                              0x2000002c   Data           1  dshot.o(.data)
    scale_yaw                                0x20000030   Data           4  gimbal.o(.data)
    scale_pitch                              0x20000034   Data           4  gimbal.o(.data)
    shoot_speed                              0x20000038   Data           2  shoot.o(.data)
    toggleBullet_delay                       0x2000003a   Data           2  shoot.o(.data)
    drone_state                              0x2000003c   Data          20  main.o(.bss)
    rcc                                      0x20000050   Data          20  main.o(.bss)
    hcan1                                    0x20000064   Data          56  drv_can.o(.bss)
    hcan2                                    0x2000009c   Data          56  drv_can.o(.bss)
    CanReceiveBuffer                         0x200000d4   Data          40  drv_can.o(.bss)
    htim5                                    0x200000fc   Data          60  drv_tim.o(.bss)
    huart1                                   0x20000138   Data          28  drv_usart.o(.bss)
    huart2                                   0x20000154   Data          28  drv_usart.o(.bss)
    huart3                                   0x20000170   Data          28  drv_usart.o(.bss)
    huart4                                   0x2000018c   Data          28  drv_usart.o(.bss)
    huart5                                   0x200001a8   Data          28  drv_usart.o(.bss)
    uart1_TxBuffer                           0x200001c4   Data          42  drv_usart.o(.bss)
    uart3_RxBuffer                           0x200001ee   Data          18  drv_usart.o(.bss)
    dshotBuffer                              0x20000200   Data          36  dshot.o(.bss)
    BIT                                      0x20000224   Data          16  dshot.o(.bss)
    dbus                                     0x20000234   Data          18  dbus.o(.bss)
    RC_Ctl                                   0x20000248   Data          56  dbus.o(.bss)
    imu                                      0x20000280   Data          24  imu.o(.bss)
    pitch                                    0x20000298   Data         220  gimbal.o(.bss)
    yaw                                      0x20000374   Data         228  gimbal.o(.bss)
    toggleBullet                             0x20000458   Data         220  shoot.o(.bss)
    __initial_sp                             0x20000938   Data           0  startup_stm32f10x_cl.o(STACK)



==============================================================================

Memory Map of the image

  Image Entry point : 0x08000151

  Load Region LR_IROM1 (Base: 0x08000000, Size: 0x00002a70, Max: 0x00020000, ABSOLUTE)

    Execution Region ER_IROM1 (Exec base: 0x08000000, Load base: 0x08000000, Size: 0x00002a34, Max: 0x00020000, ABSOLUTE)

    Exec Addr    Load Addr    Size         Type   Attr      Idx    E Section Name        Object

    0x08000000   0x08000000   0x00000150   Data   RO            3    RESET               startup_stm32f10x_cl.o
    0x08000150   0x08000150   0x00000000   Code   RO         2338  * .ARM.Collect$$$$00000000  mc_w.l(entry.o)
    0x08000150   0x08000150   0x00000004   Code   RO         2369    .ARM.Collect$$$$00000001  mc_w.l(entry2.o)
    0x08000154   0x08000154   0x00000004   Code   RO         2372    .ARM.Collect$$$$00000004  mc_w.l(entry5.o)
    0x08000158   0x08000158   0x00000000   Code   RO         2374    .ARM.Collect$$$$00000008  mc_w.l(entry7b.o)
    0x08000158   0x08000158   0x00000000   Code   RO         2376    .ARM.Collect$$$$0000000A  mc_w.l(entry8b.o)
    0x08000158   0x08000158   0x00000008   Code   RO         2377    .ARM.Collect$$$$0000000B  mc_w.l(entry9a.o)
    0x08000160   0x08000160   0x00000000   Code   RO         2379    .ARM.Collect$$$$0000000D  mc_w.l(entry10a.o)
    0x08000160   0x08000160   0x00000000   Code   RO         2381    .ARM.Collect$$$$0000000F  mc_w.l(entry11a.o)
    0x08000160   0x08000160   0x00000004   Code   RO         2370    .ARM.Collect$$$$00002712  mc_w.l(entry2.o)
    0x08000164   0x08000164   0x00000024   Code   RO            4    .text               startup_stm32f10x_cl.o
    0x08000188   0x08000188   0x00000024   Code   RO         2341    .text               mc_w.l(memcpya.o)
    0x080001ac   0x080001ac   0x000000b0   Code   RO         2345    .text               mf_w.l(fadd.o)
    0x0800025c   0x0800025c   0x00000064   Code   RO         2347    .text               mf_w.l(fmul.o)
    0x080002c0   0x080002c0   0x0000014e   Code   RO         2349    .text               mf_w.l(dadd.o)
    0x0800040e   0x0800040e   0x000000e4   Code   RO         2351    .text               mf_w.l(dmul.o)
    0x080004f2   0x080004f2   0x00000012   Code   RO         2353    .text               mf_w.l(fflti.o)
    0x08000504   0x08000504   0x0000000a   Code   RO         2355    .text               mf_w.l(ffltui.o)
    0x0800050e   0x0800050e   0x00000022   Code   RO         2357    .text               mf_w.l(dflti.o)
    0x08000530   0x08000530   0x00000032   Code   RO         2359    .text               mf_w.l(ffixi.o)
    0x08000562   0x08000562   0x00000026   Code   RO         2361    .text               mf_w.l(f2d.o)
    0x08000588   0x08000588   0x00000038   Code   RO         2363    .text               mf_w.l(d2f.o)
    0x080005c0   0x080005c0   0x00000014   Code   RO         2365    .text               mf_w.l(cfcmple.o)
    0x080005d4   0x080005d4   0x00000014   Code   RO         2367    .text               mf_w.l(cfrcmple.o)
    0x080005e8   0x080005e8   0x0000001e   Code   RO         2383    .text               mc_w.l(llshl.o)
    0x08000606   0x08000606   0x00000024   Code   RO         2385    .text               mc_w.l(llsshr.o)
    0x0800062a   0x0800062a   0x00000000   Code   RO         2387    .text               mc_w.l(iusefp.o)
    0x0800062a   0x0800062a   0x0000006e   Code   RO         2388    .text               mf_w.l(fepilogue.o)
    0x08000698   0x08000698   0x000000ba   Code   RO         2390    .text               mf_w.l(depilogue.o)
    0x08000752   0x08000752   0x00000002   PAD
    0x08000754   0x08000754   0x00000024   Code   RO         2392    .text               mc_w.l(init.o)
    0x08000778   0x08000778   0x00000020   Code   RO         2394    .text               mc_w.l(llushr.o)
    0x08000798   0x08000798   0x00000002   Code   RO          157    i.BusFault_Handler  stm32f10x_it.o
    0x0800079a   0x0800079a   0x00000002   PAD
    0x0800079c   0x0800079c   0x00000028   Code   RO          158    i.CAN1_RX0_IRQHandler  stm32f10x_it.o
    0x080007c4   0x080007c4   0x00000020   Code   RO          159    i.CAN2_RX0_IRQHandler  stm32f10x_it.o
    0x080007e4   0x080007e4   0x00000020   Code   RO          160    i.CAN2_RX1_IRQHandler  stm32f10x_it.o
    0x08000804   0x08000804   0x00000088   Code   RO          903    i.CAN_ClearITPendingBit  stm32f10x_can.o
    0x0800088c   0x0800088c   0x000001c0   Code   RO          308    i.CAN_Config        drv_can.o
    0x08000a4c   0x08000a4c   0x00000038   Code   RO          905    i.CAN_DeInit        stm32f10x_can.o
    0x08000a84   0x08000a84   0x000000d4   Code   RO          907    i.CAN_FilterInit    stm32f10x_can.o
    0x08000b58   0x08000b58   0x00000014   Code   RO          913    i.CAN_ITConfig      stm32f10x_can.o
    0x08000b6c   0x08000b6c   0x00000104   Code   RO          914    i.CAN_Init          stm32f10x_can.o
    0x08000c70   0x08000c70   0x00000082   Code   RO          917    i.CAN_Receive       stm32f10x_can.o
    0x08000cf2   0x08000cf2   0x00000002   PAD
    0x08000cf4   0x08000cf4   0x00000090   Code   RO          309    i.CAN_SendData      drv_can.o
    0x08000d84   0x08000d84   0x00000020   Code   RO          920    i.CAN_StructInit    stm32f10x_can.o
    0x08000da4   0x08000da4   0x000000b6   Code   RO          922    i.CAN_Transmit      stm32f10x_can.o
    0x08000e5a   0x08000e5a   0x00000002   PAD
    0x08000e5c   0x08000e5c   0x00000078   Code   RO          310    i.Can1Receive_Hook  drv_can.o
    0x08000ed4   0x08000ed4   0x0000008c   Code   RO          311    i.Can2Receive_Hook  drv_can.o
    0x08000f60   0x08000f60   0x00000020   Code   RO          161    i.DMA2_Channel2_IRQHandler  stm32f10x_it.o
    0x08000f80   0x08000f80   0x00000018   Code   RO         1662    i.DMA_ClearITPendingBit  stm32f10x_dma.o
    0x08000f98   0x08000f98   0x0000001a   Code   RO         1663    i.DMA_Cmd           stm32f10x_dma.o
    0x08000fb2   0x08000fb2   0x0000004a   Code   RO          360    i.DMA_Config        drv_dma.o
    0x08000ffc   0x08000ffc   0x000000f8   Code   RO         1664    i.DMA_DeInit        stm32f10x_dma.o
    0x080010f4   0x080010f4   0x00000006   Code   RO         1665    i.DMA_GetCurrDataCounter  stm32f10x_dma.o
    0x080010fa   0x080010fa   0x00000002   PAD
    0x080010fc   0x080010fc   0x00000024   Code   RO         1666    i.DMA_GetFlagStatus  stm32f10x_dma.o
    0x08001120   0x08001120   0x0000003a   Code   RO         1669    i.DMA_Init          stm32f10x_dma.o
    0x0800115a   0x0800115a   0x00000004   Code   RO         1670    i.DMA_SetCurrDataCounter  stm32f10x_dma.o
    0x0800115e   0x0800115e   0x00000002   Code   RO          162    i.DebugMon_Handler  stm32f10x_it.o
    0x08001160   0x08001160   0x00000096   Code   RO         2048    i.GM6020_control    motor.o
    0x080011f6   0x080011f6   0x000000a6   Code   RO          793    i.GPIO_Init         stm32f10x_gpio.o
    0x0800129c   0x0800129c   0x0000005c   Code   RO          795    i.GPIO_PinRemapConfig  stm32f10x_gpio.o
    0x080012f8   0x080012f8   0x00000004   Code   RO         2235    i.Get_ZeroCheck_Value_Interface  zerocheck.o
    0x080012fc   0x080012fc   0x00000002   Code   RO          163    i.HardFault_Handler  stm32f10x_it.o
    0x080012fe   0x080012fe   0x00000096   Code   RO         2049    i.M2006_control     motor.o
    0x08001394   0x08001394   0x00000002   Code   RO          164    i.MemManage_Handler  stm32f10x_it.o
    0x08001396   0x08001396   0x00000002   Code   RO          165    i.NMI_Handler       stm32f10x_it.o
    0x08001398   0x08001398   0x0000001c   Code   RO          482    i.NVIC_Config       drv_nvic.o
    0x080013b4   0x080013b4   0x00000064   Code   RO          497    i.NVIC_Init         misc.o
    0x08001418   0x08001418   0x00000038   Code   RO         2194    i.PID_struct_init   pid.o
    0x08001450   0x08001450   0x00000002   Code   RO          166    i.PendSV_Handler    stm32f10x_it.o
    0x08001452   0x08001452   0x00000002   PAD
    0x08001454   0x08001454   0x0000001c   Code   RO          534    i.RCC_AHBPeriphClockCmd  stm32f10x_rcc.o
    0x08001470   0x08001470   0x0000001c   Code   RO          536    i.RCC_APB1PeriphClockCmd  stm32f10x_rcc.o
    0x0800148c   0x0800148c   0x0000001c   Code   RO          537    i.RCC_APB1PeriphResetCmd  stm32f10x_rcc.o
    0x080014a8   0x080014a8   0x0000001c   Code   RO          538    i.RCC_APB2PeriphClockCmd  stm32f10x_rcc.o
    0x080014c4   0x080014c4   0x000000d4   Code   RO          546    i.RCC_GetClocksFreq  stm32f10x_rcc.o
    0x08001598   0x08001598   0x00000168   Code   RO         2016    i.RemoteReceive     dbus.o
    0x08001700   0x08001700   0x00000002   Code   RO          167    i.SVC_Handler       stm32f10x_it.o
    0x08001702   0x08001702   0x00000004   Code   RO         1923    i.SetSysClock       system_stm32f10x.o
    0x08001706   0x08001706   0x00000002   PAD
    0x08001708   0x08001708   0x000000b0   Code   RO         1924    i.SetSysClockTo72   system_stm32f10x.o
    0x080017b8   0x080017b8   0x0000002c   Code   RO           10    i.SysTick_Handler   main.o
    0x080017e4   0x080017e4   0x00000040   Code   RO         1925    i.SystemInit        system_stm32f10x.o
    0x08001824   0x08001824   0x00000018   Code   RO         1060    i.TIM_ARRPreloadConfig  stm32f10x_tim.o
    0x0800183c   0x0800183c   0x0000001c   Code   RO          378    i.TIM_BASE_Config   drv_tim.o
    0x08001858   0x08001858   0x00000018   Code   RO         1072    i.TIM_Cmd           stm32f10x_tim.o
    0x08001870   0x08001870   0x00000104   Code   RO          379    i.TIM_Config        drv_tim.o
    0x08001974   0x08001974   0x0000001c   Code   RO         1074    i.TIM_CtrlPWMOutputs  stm32f10x_tim.o
    0x08001990   0x08001990   0x00000014   Code   RO         1075    i.TIM_DMACmd        stm32f10x_tim.o
    0x080019a4   0x080019a4   0x00000008   Code   RO         1076    i.TIM_DMAConfig     stm32f10x_tim.o
    0x080019ac   0x080019ac   0x00000072   Code   RO          380    i.TIM_GPIO_Config   drv_tim.o
    0x08001a1e   0x08001a1e   0x00000002   PAD
    0x08001a20   0x08001a20   0x00000088   Code   RO         1101    i.TIM_OC1Init       stm32f10x_tim.o
    0x08001aa8   0x08001aa8   0x0000000c   Code   RO         1104    i.TIM_OC1PreloadConfig  stm32f10x_tim.o
    0x08001ab4   0x08001ab4   0x00000088   Code   RO         1106    i.TIM_OC2Init       stm32f10x_tim.o
    0x08001b3c   0x08001b3c   0x00000014   Code   RO         1109    i.TIM_OC2PreloadConfig  stm32f10x_tim.o
    0x08001b50   0x08001b50   0x0000001c   Code   RO          382    i.TIM_OC_Config     drv_tim.o
    0x08001b6c   0x08001b6c   0x0000009c   Code   RO         1143    i.TIM_TimeBaseInit  stm32f10x_tim.o
    0x08001c08   0x08001c08   0x00000024   Code   RO          168    i.UART4_IRQHandler  stm32f10x_it.o
    0x08001c2c   0x08001c2c   0x00000024   Code   RO          169    i.UART5_IRQHandler  stm32f10x_it.o
    0x08001c50   0x08001c50   0x00000020   Code   RO          447    i.UART_Config       drv_usart.o
    0x08001c70   0x08001c70   0x00000014   Code   RO          448    i.UART_GPIO_RX_Config  drv_usart.o
    0x08001c84   0x08001c84   0x00000014   Code   RO          449    i.UART_GPIO_TX_Config  drv_usart.o
    0x08001c98   0x08001c98   0x00000024   Code   RO          170    i.USART1_IRQHandler  stm32f10x_it.o
    0x08001cbc   0x08001cbc   0x00000024   Code   RO          171    i.USART2_IRQHandler  stm32f10x_it.o
    0x08001ce0   0x08001ce0   0x00000090   Code   RO          172    i.USART3_IRQHandler  stm32f10x_it.o
    0x08001d70   0x08001d70   0x00000010   Code   RO         1734    i.USART_ClearITPendingBit  stm32f10x_usart.o
    0x08001d80   0x08001d80   0x00000018   Code   RO         1737    i.USART_Cmd         stm32f10x_usart.o
    0x08001d98   0x08001d98   0x00000268   Code   RO          450    i.USART_Config      drv_usart.o
    0x08002000   0x08002000   0x00000014   Code   RO         1738    i.USART_DMACmd      stm32f10x_usart.o
    0x08002014   0x08002014   0x00000040   Code   RO         1741    i.USART_GetITStatus  stm32f10x_usart.o
    0x08002054   0x08002054   0x00000036   Code   RO         1743    i.USART_ITConfig    stm32f10x_usart.o
    0x0800208a   0x0800208a   0x00000002   PAD
    0x0800208c   0x0800208c   0x000000bc   Code   RO         1744    i.USART_Init        stm32f10x_usart.o
    0x08002148   0x08002148   0x00000002   Code   RO          173    i.UsageFault_Handler  stm32f10x_it.o
    0x0800214a   0x0800214a   0x0000000e   Code   RO         2237    i.ZeroCheck_Init_Interface  zerocheck.o
    0x08002158   0x08002158   0x00000080   Code   RO         2238    i.ZeroCheck_cal     zerocheck.o
    0x080021d8   0x080021d8   0x0000000e   Code   RO         2398    i.__scatterload_copy  mc_w.l(handlers.o)
    0x080021e6   0x080021e6   0x00000002   Code   RO         2399    i.__scatterload_null  mc_w.l(handlers.o)
    0x080021e8   0x080021e8   0x0000000e   Code   RO         2400    i.__scatterload_zeroinit  mc_w.l(handlers.o)
    0x080021f6   0x080021f6   0x00000024   Code   RO         2195    i.abs_limit         pid.o
    0x0800221a   0x0800221a   0x0000001a   Code   RO          383    i.delayMs_Block     drv_tim.o
    0x08002234   0x08002234   0x00000040   Code   RO           11    i.droneConfig       main.o
    0x08002274   0x08002274   0x00000004   Code   RO           12    i.droneInit         main.o
    0x08002278   0x08002278   0x0000000c   Code   RO         2017    i.getRCData         dbus.o
    0x08002284   0x08002284   0x0000000c   Code   RO           13    i.get_systick_min   main.o
    0x08002290   0x08002290   0x0000000c   Code   RO           14    i.get_systick_ms    main.o
    0x0800229c   0x0800229c   0x0000000c   Code   RO           15    i.get_systick_s     main.o
    0x080022a8   0x080022a8   0x000000e0   Code   RO         2268    i.gimbal_init       gimbal.o
    0x08002388   0x08002388   0x000001ac   Code   RO         2269    i.gimbal_tast       gimbal.o
    0x08002534   0x08002534   0x00000018   Code   RO         2106    i.imuDiscode        imu.o
    0x0800254c   0x0800254c   0x0000000a   Code   RO           16    i.main              main.o
    0x08002556   0x08002556   0x0000001e   Code   RO         2316    i.modules_init      modules.o
    0x08002574   0x08002574   0x00000090   Code   RO         2317    i.modules_task      modules.o
    0x08002604   0x08002604   0x00000098   Code   RO         2051    i.motor_PID_cal     motor.o
    0x0800269c   0x0800269c   0x00000082   Code   RO         2196    i.pid_calc          pid.o
    0x0800271e   0x0800271e   0x00000014   Code   RO         2197    i.pid_param_init    pid.o
    0x08002732   0x08002732   0x00000012   Code   RO         2198    i.pid_reset         pid.o
    0x08002744   0x08002744   0x000000f0   Code   RO         1955    i.setDshotValue     dshot.o
    0x08002834   0x08002834   0x00000070   Code   RO         2292    i.shoot_init        shoot.o
    0x080028a4   0x080028a4   0x00000170   Code   RO         2293    i.shoot_task        shoot.o
    0x08002a14   0x08002a14   0x00000020   Data   RO         2396    Region$$Table       anon$$obj.o


    Execution Region RW_IRAM1 (Exec base: 0x20000000, Load base: 0x08002a34, Size: 0x00000938, Max: 0x00010000, ABSOLUTE)

    Exec Addr    Load Addr    Size         Type   Attr      Idx    E Section Name        Object

    0x20000000   0x08002a34   0x00000008   Data   RW          175    .data               stm32f10x_it.o
    0x20000008   0x08002a3c   0x00000010   Data   RW          453    .data               drv_usart.o
    0x20000018   0x08002a4c   0x00000014   Data   RW          574    .data               stm32f10x_rcc.o
    0x2000002c   0x08002a60   0x00000001   Data   RW         1958    .data               dshot.o
    0x2000002d   0x08002a61   0x00000003   PAD
    0x20000030   0x08002a64   0x00000008   Data   RW         2271    .data               gimbal.o
    0x20000038   0x08002a6c   0x00000004   Data   RW         2296    .data               shoot.o
    0x2000003c        -       0x00000028   Zero   RW           17    .bss                main.o
    0x20000064        -       0x00000098   Zero   RW          313    .bss                drv_can.o
    0x200000fc        -       0x0000003c   Zero   RW          389    .bss                drv_tim.o
    0x20000138        -       0x000000c8   Zero   RW          451    .bss                drv_usart.o
    0x20000200        -       0x00000034   Zero   RW         1957    .bss                dshot.o
    0x20000234        -       0x0000004c   Zero   RW         2019    .bss                dbus.o
    0x20000280        -       0x00000018   Zero   RW         2107    .bss                imu.o
    0x20000298        -       0x000001c0   Zero   RW         2270    .bss                gimbal.o
    0x20000458        -       0x000000dc   Zero   RW         2294    .bss                shoot.o
    0x20000534   0x08002a70   0x00000004   PAD
    0x20000538        -       0x00000400   Zero   RW            1    STACK               startup_stm32f10x_cl.o


==============================================================================

Image component sizes


      Code (inc. data)   RO Data    RW Data    ZI Data      Debug   Object Name

       372         18          0          0         76       2635   dbus.o
       852         52          0          0        152       5034   drv_can.o
        74          0          0          0          0       1341   drv_dma.o
        28          0          0          0          0        566   drv_nvic.o
       456         22          0          0         60       5023   drv_tim.o
       688         52          0         16        200       3345   drv_usart.o
       240          8          0          1         52       1426   dshot.o
       652         58          0          8        448       1451   gimbal.o
        24          4          0          0         24       1315   imu.o
       158         36          0          0         40     304816   main.o
       100          4          0          0          0        940   misc.o
       174          6          0          0          0        926   modules.o
       452          4          0          0          0       4720   motor.o
       260         10          0          0          0       3881   pid.o
       480         40          0          4        220       1644   shoot.o
        36          8        336          0       1024        792   startup_stm32f10x_cl.o
      1028         18          0          0          0       5990   stm32f10x_can.o
       402         28          0          0          0       5484   stm32f10x_dma.o
       258          6          0          0          0       2674   stm32f10x_gpio.o
       440         52          0          8          0     237307   stm32f10x_it.o
       324         40          0         20          0       6239   stm32f10x_rcc.o
       564         72          0          0          0       6424   stm32f10x_tim.o
       366          6          0          0          0       5567   stm32f10x_usart.o
       244         22          0          0          0       1601   system_stm32f10x.o
       146         10          0          0          0       2311   zerocheck.o

    ----------------------------------------------------------------------
      8834        576        368         60       2300     613452   Object Totals
         0          0         32          0          0          0   (incl. Generated)
        16          0          0          3          4          0   (incl. Padding)

    ----------------------------------------------------------------------

      Code (inc. data)   RO Data    RW Data    ZI Data      Debug   Library Member Name

         0          0          0          0          0          0   entry.o
         0          0          0          0          0          0   entry10a.o
         0          0          0          0          0          0   entry11a.o
         8          4          0          0          0          0   entry2.o
         4          0          0          0          0          0   entry5.o
         0          0          0          0          0          0   entry7b.o
         0          0          0          0          0          0   entry8b.o
         8          4          0          0          0          0   entry9a.o
        30          0          0          0          0          0   handlers.o
        36          8          0          0          0         68   init.o
         0          0          0          0          0          0   iusefp.o
        30          0          0          0          0         68   llshl.o
        36          0          0          0          0         68   llsshr.o
        32          0          0          0          0         68   llushr.o
        36          0          0          0          0         68   memcpya.o
        20          0          0          0          0         68   cfcmple.o
        20          0          0          0          0         68   cfrcmple.o
        56          0          0          0          0         88   d2f.o
       334          0          0          0          0        148   dadd.o
       186          0          0          0          0        176   depilogue.o
        34          0          0          0          0         76   dflti.o
       228          0          0          0          0         96   dmul.o
        38          0          0          0          0         68   f2d.o
       176          0          0          0          0        140   fadd.o
       110          0          0          0          0        168   fepilogue.o
        50          0          0          0          0         68   ffixi.o
        18          0          0          0          0         68   fflti.o
        10          0          0          0          0         68   ffltui.o
       100          0          0          0          0         76   fmul.o

    ----------------------------------------------------------------------
      1602         16          0          0          0       1716   Library Totals
         2          0          0          0          0          0   (incl. Padding)

    ----------------------------------------------------------------------

      Code (inc. data)   RO Data    RW Data    ZI Data      Debug   Library Name

       220         16          0          0          0        340   mc_w.l
      1380          0          0          0          0       1376   mf_w.l

    ----------------------------------------------------------------------
      1602         16          0          0          0       1716   Library Totals

    ----------------------------------------------------------------------

==============================================================================


      Code (inc. data)   RO Data    RW Data    ZI Data      Debug   

     10436        592        368         60       2300     609392   Grand Totals
     10436        592        368         60       2300     609392   ELF Image Totals
     10436        592        368         60          0          0   ROM Totals

==============================================================================

    Total RO  Size (Code + RO Data)                10804 (  10.55kB)
    Total RW  Size (RW Data + ZI Data)              2360 (   2.30kB)
    Total ROM Size (Code + RO Data + RW Data)      10864 (  10.61kB)

==============================================================================

