Component: ARM Compiler 5.06 update 6 (build 750) Tool: armlink [4d35ed]

==============================================================================

Section Cross References

    startup_stm32f105xc.o(RESET) refers to startup_stm32f105xc.o(STACK) for __initial_sp
    startup_stm32f105xc.o(RESET) refers to startup_stm32f105xc.o(.text) for Reset_Handler
    startup_stm32f105xc.o(RESET) refers to stm32f1xx_it.o(i.NMI_Handler) for NMI_Handler
    startup_stm32f105xc.o(RESET) refers to stm32f1xx_it.o(i.HardFault_Handler) for HardFault_Handler
    startup_stm32f105xc.o(RESET) refers to stm32f1xx_it.o(i.MemManage_Handler) for MemManage_Handler
    startup_stm32f105xc.o(RESET) refers to stm32f1xx_it.o(i.BusFault_Handler) for BusFault_Handler
    startup_stm32f105xc.o(RESET) refers to stm32f1xx_it.o(i.UsageFault_Handler) for UsageFault_Handler
    startup_stm32f105xc.o(RESET) refers to port.o(.emb_text) for SVC_Handler
    startup_stm32f105xc.o(RESET) refers to stm32f1xx_it.o(i.DebugMon_Handler) for DebugMon_Handler
    startup_stm32f105xc.o(RESET) refers to stm32f1xx_it.o(i.SysTick_Handler) for SysTick_Handler
    startup_stm32f105xc.o(RESET) refers to stm32f1xx_it.o(i.DMA1_Channel2_IRQHandler) for DMA1_Channel2_IRQHandler
    startup_stm32f105xc.o(RESET) refers to stm32f1xx_it.o(i.DMA1_Channel3_IRQHandler) for DMA1_Channel3_IRQHandler
    startup_stm32f105xc.o(RESET) refers to stm32f1xx_it.o(i.DMA1_Channel4_IRQHandler) for DMA1_Channel4_IRQHandler
    startup_stm32f105xc.o(RESET) refers to stm32f1xx_it.o(i.DMA1_Channel5_IRQHandler) for DMA1_Channel5_IRQHandler
    startup_stm32f105xc.o(RESET) refers to stm32f1xx_it.o(i.DMA1_Channel6_IRQHandler) for DMA1_Channel6_IRQHandler
    startup_stm32f105xc.o(RESET) refers to stm32f1xx_it.o(i.DMA1_Channel7_IRQHandler) for DMA1_Channel7_IRQHandler
    startup_stm32f105xc.o(RESET) refers to stm32f1xx_it.o(i.CAN1_RX0_IRQHandler) for CAN1_RX0_IRQHandler
    startup_stm32f105xc.o(RESET) refers to stm32f1xx_it.o(i.TIM1_UP_IRQHandler) for TIM1_UP_IRQHandler
    startup_stm32f105xc.o(RESET) refers to stm32f1xx_it.o(i.TIM3_IRQHandler) for TIM3_IRQHandler
    startup_stm32f105xc.o(RESET) refers to stm32f1xx_it.o(i.TIM4_IRQHandler) for TIM4_IRQHandler
    startup_stm32f105xc.o(RESET) refers to stm32f1xx_it.o(i.USART1_IRQHandler) for USART1_IRQHandler
    startup_stm32f105xc.o(RESET) refers to stm32f1xx_it.o(i.USART2_IRQHandler) for USART2_IRQHandler
    startup_stm32f105xc.o(RESET) refers to stm32f1xx_it.o(i.USART3_IRQHandler) for USART3_IRQHandler
    startup_stm32f105xc.o(RESET) refers to stm32f1xx_it.o(i.UART4_IRQHandler) for UART4_IRQHandler
    startup_stm32f105xc.o(RESET) refers to stm32f1xx_it.o(i.UART5_IRQHandler) for UART5_IRQHandler
    startup_stm32f105xc.o(RESET) refers to stm32f1xx_it.o(i.DMA2_Channel3_IRQHandler) for DMA2_Channel3_IRQHandler
    startup_stm32f105xc.o(RESET) refers to stm32f1xx_it.o(i.CAN2_RX0_IRQHandler) for CAN2_RX0_IRQHandler
    startup_stm32f105xc.o(.text) refers to system_stm32f1xx.o(i.SystemInit) for SystemInit
    startup_stm32f105xc.o(.text) refers to entry.o(.ARM.Collect$$$$00000000) for __main
    main.o(i.SystemClock_Config) refers to memseta.o(.text) for __aeabi_memclr4
    main.o(i.SystemClock_Config) refers to stm32f1xx_hal_rcc.o(i.HAL_RCC_OscConfig) for HAL_RCC_OscConfig
    main.o(i.SystemClock_Config) refers to stm32f1xx_hal_rcc.o(i.HAL_RCC_ClockConfig) for HAL_RCC_ClockConfig
    main.o(i.main) refers to stm32f1xx_hal.o(i.HAL_Init) for HAL_Init
    main.o(i.main) refers to main.o(i.SystemClock_Config) for SystemClock_Config
    main.o(i.main) refers to gpio.o(i.MX_GPIO_Init) for MX_GPIO_Init
    main.o(i.main) refers to dma.o(i.MX_DMA_Init) for MX_DMA_Init
    main.o(i.main) refers to can.o(i.MX_CAN1_Init) for MX_CAN1_Init
    main.o(i.main) refers to can.o(i.MX_CAN2_Init) for MX_CAN2_Init
    main.o(i.main) refers to usart.o(i.MX_USART3_UART_Init) for MX_USART3_UART_Init
    main.o(i.main) refers to i2c.o(i.MX_I2C1_Init) for MX_I2C1_Init
    main.o(i.main) refers to usart.o(i.MX_UART4_Init) for MX_UART4_Init
    main.o(i.main) refers to usart.o(i.MX_USART1_UART_Init) for MX_USART1_UART_Init
    main.o(i.main) refers to usart.o(i.MX_USART2_UART_Init) for MX_USART2_UART_Init
    main.o(i.main) refers to tim.o(i.MX_TIM3_Init) for MX_TIM3_Init
    main.o(i.main) refers to tim.o(i.MX_TIM4_Init) for MX_TIM4_Init
    main.o(i.main) refers to tim.o(i.MX_TIM1_Init) for MX_TIM1_Init
    main.o(i.main) refers to usart.o(i.MX_UART5_Init) for MX_UART5_Init
    main.o(i.main) refers to tim.o(i.MX_TIM5_Init) for MX_TIM5_Init
    main.o(i.main) refers to drv_can.o(i.CanFilterInit) for CanFilterInit
    main.o(i.main) refers to freertos.o(i.MX_FREERTOS_Init) for MX_FREERTOS_Init
    main.o(i.main) refers to cmsis_os.o(i.osKernelStart) for osKernelStart
    main.o(i.main) refers to dshot.o(i.setDshotValue) for setDshotValue
    main.o(i.main) refers to stm32f1xx_hal.o(i.HAL_Delay) for HAL_Delay
    main.o(i.main) refers to can.o(.bss) for hcan1
[...]
    i.HAL_CAN_RxFifo1FullCallback            0x08000954   Section        0  stm32f1xx_hal_can.o(i.HAL_CAN_RxFifo1FullCallback)
    i.HAL_CAN_RxFifo1MsgPendingCallback      0x08000956   Section        0  stm32f1xx_hal_can.o(i.HAL_CAN_RxFifo1MsgPendingCallback)
    i.HAL_CAN_SleepCallback                  0x08000958   Section        0  stm32f1xx_hal_can.o(i.HAL_CAN_SleepCallback)
    i.HAL_CAN_Start                          0x0800095c   Section        0  stm32f1xx_hal_can.o(i.HAL_CAN_Start)
    i.HAL_CAN_TxMailbox0AbortCallback        0x080009b4   Section        0  stm32f1xx_hal_can.o(i.HAL_CAN_TxMailbox0AbortCallback)
    i.HAL_CAN_TxMailbox0CompleteCallback     0x080009b6   Section        0  stm32f1xx_hal_can.o(i.HAL_CAN_TxMailbox0CompleteCallback)
    i.HAL_CAN_TxMailbox1AbortCallback        0x080009b8   Section        0  stm32f1xx_hal_can.o(i.HAL_CAN_TxMailbox1AbortCallback)
    i.HAL_CAN_TxMailbox1CompleteCallback     0x080009ba   Section        0  stm32f1xx_hal_can.o(i.HAL_CAN_TxMailbox1CompleteCallback)
    i.HAL_CAN_TxMailbox2AbortCallback        0x080009bc   Section        0  stm32f1xx_hal_can.o(i.HAL_CAN_TxMailbox2AbortCallback)
    i.HAL_CAN_TxMailbox2CompleteCallback     0x080009be   Section        0  stm32f1xx_hal_can.o(i.HAL_CAN_TxMailbox2CompleteCallback)
    i.HAL_CAN_WakeUpFromRxMsgCallback        0x080009c0   Section        0  stm32f1xx_hal_can.o(i.HAL_CAN_WakeUpFromRxMsgCallback)
    i.HAL_DMA_Abort_IT                       0x080009c4   Section        0  stm32f1xx_hal_dma.o(i.HAL_DMA_Abort_IT)
    i.HAL_DMA_IRQHandler                     0x08000af4   Section        0  stm32f1xx_hal_dma.o(i.HAL_DMA_IRQHandler)
    i.HAL_DMA_Init                           0x08000d3c   Section        0  stm32f1xx_hal_dma.o(i.HAL_DMA_Init)
    i.HAL_DMA_Start_IT                       0x08000db8   Section        0  stm32f1xx_hal_dma.o(i.HAL_DMA_Start_IT)
    i.HAL_Delay                              0x08000e28   Section        0  stm32f1xx_hal.o(i.HAL_Delay)
    i.HAL_GPIO_Init                          0x08000e4c   Section        0  stm32f1xx_hal_gpio.o(i.HAL_GPIO_Init)
    i.HAL_GPIO_WritePin                      0x08001008   Section        0  stm32f1xx_hal_gpio.o(i.HAL_GPIO_WritePin)
    i.HAL_GetTick                            0x08001014   Section        0  stm32f1xx_hal.o(i.HAL_GetTick)
    i.HAL_I2C_Init                           0x08001020   Section        0  stm32f1xx_hal_i2c.o(i.HAL_I2C_Init)
    i.HAL_I2C_MspInit                        0x08001160   Section        0  i2c.o(i.HAL_I2C_MspInit)
    i.HAL_IncTick                            0x080011bc   Section        0  stm32f1xx_hal.o(i.HAL_IncTick)
    i.HAL_Init                               0x080011cc   Section        0  stm32f1xx_hal.o(i.HAL_Init)
    i.HAL_InitTick                           0x080011f0   Section        0  stm32f1xx_hal.o(i.HAL_InitTick)
    i.HAL_MspInit                            0x08001230   Section        0  stm32f1xx_hal_msp.o(i.HAL_MspInit)
    i.HAL_MultiProcessor_Init                0x08001278   Section        0  stm32f1xx_hal_uart.o(i.HAL_MultiProcessor_Init)
    i.HAL_NVIC_EnableIRQ                     0x080012fa   Section        0  stm32f1xx_hal_cortex.o(i.HAL_NVIC_EnableIRQ)
    i.HAL_NVIC_SetPriority                   0x08001310   Section        0  stm32f1xx_hal_cortex.o(i.HAL_NVIC_SetPriority)
    i.HAL_NVIC_SetPriorityGrouping           0x08001350   Section        0  stm32f1xx_hal_cortex.o(i.HAL_NVIC_SetPriorityGrouping)
    i.HAL_RCC_ClockConfig                    0x08001374   Section        0  stm32f1xx_hal_rcc.o(i.HAL_RCC_ClockConfig)
    i.HAL_RCC_GetPCLK1Freq                   0x080014e0   Section        0  stm32f1xx_hal_rcc.o(i.HAL_RCC_GetPCLK1Freq)
    i.HAL_RCC_GetPCLK2Freq                   0x08001500   Section        0  stm32f1xx_hal_rcc.o(i.HAL_RCC_GetPCLK2Freq)
    i.HAL_RCC_GetSysClockFreq                0x08001520   Section        0  stm32f1xx_hal_rcc.o(i.HAL_RCC_GetSysClockFreq)
    i.HAL_RCC_OscConfig                      0x080015dc   Section        0  stm32f1xx_hal_rcc.o(i.HAL_RCC_OscConfig)
    i.HAL_SYSTICK_Config                     0x080019a4   Section        0  stm32f1xx_hal_cortex.o(i.HAL_SYSTICK_Config)
    i.HAL_TIMEx_BreakCallback                0x080019cc   Section        0  stm32f1xx_hal_tim_ex.o(i.HAL_TIMEx_BreakCallback)
    i.HAL_TIMEx_CommutationCallback          0x080019ce   Section        0  stm32f1xx_hal_tim_ex.o(i.HAL_TIMEx_CommutationCallback)
    i.HAL_TIMEx_MasterConfigSynchronization  0x080019d0   Section        0  stm32f1xx_hal_tim_ex.o(i.HAL_TIMEx_MasterConfigSynchronization)
    i.HAL_TIM_Base_Init                      0x08001a20   Section        0  stm32f1xx_hal_tim.o(i.HAL_TIM_Base_Init)
    i.HAL_TIM_Base_MspInit                   0x08001a58   Section        0  tim.o(i.HAL_TIM_Base_MspInit)
    i.HAL_TIM_ConfigClockSource              0x08001abc   Section        0  stm32f1xx_hal_tim.o(i.HAL_TIM_ConfigClockSource)
    i.HAL_TIM_ErrorCallback                  0x08001bae   Section        0  stm32f1xx_hal_tim.o(i.HAL_TIM_ErrorCallback)
    i.HAL_TIM_IC_CaptureCallback             0x08001bb0   Section        0  stm32f1xx_hal_tim.o(i.HAL_TIM_IC_CaptureCallback)
    i.HAL_TIM_IRQHandler                     0x08001bb2   Section        0  stm32f1xx_hal_tim.o(i.HAL_TIM_IRQHandler)
    i.HAL_TIM_MspPostInit                    0x08001d18   Section        0  tim.o(i.HAL_TIM_MspPostInit)
    i.HAL_TIM_OC_DelayElapsedCallback        0x08001dac   Section        0  stm32f1xx_hal_tim.o(i.HAL_TIM_OC_DelayElapsedCallback)
    i.HAL_TIM_PWM_ConfigChannel              0x08001dae   Section        0  stm32f1xx_hal_tim.o(i.HAL_TIM_PWM_ConfigChannel)
    i.HAL_TIM_PWM_Init                       0x08001e7e   Section        0  stm32f1xx_hal_tim.o(i.HAL_TIM_PWM_Init)
    i.HAL_TIM_PWM_MspInit                    0x08001eb4   Section        0  tim.o(i.HAL_TIM_PWM_MspInit)
    i.HAL_TIM_PWM_PulseFinishedCallback      0x08001f08   Section        0  stm32f1xx_hal_tim.o(i.HAL_TIM_PWM_PulseFinishedCallback)
    i.HAL_TIM_PWM_Start_DMA                  0x08001f0c   Section        0  stm32f1xx_hal_tim.o(i.HAL_TIM_PWM_Start_DMA)
    i.HAL_TIM_PeriodElapsedCallback          0x08001ff0   Section        0  stm32f1xx_hal_tim.o(i.HAL_TIM_PeriodElapsedCallback)
    i.HAL_TIM_TriggerCallback                0x08001ff2   Section        0  stm32f1xx_hal_tim.o(i.HAL_TIM_TriggerCallback)
    i.HAL_UART_ErrorCallback                 0x08001ff4   Section        0  stm32f1xx_hal_uart.o(i.HAL_UART_ErrorCallback)
    i.HAL_UART_IRQHandler                    0x08001ff8   Section        0  stm32f1xx_hal_uart.o(i.HAL_UART_IRQHandler)
    i.HAL_UART_MspInit                       0x08002108   Section        0  usart.o(i.HAL_UART_MspInit)
    i.HAL_UART_RxCpltCallback                0x0800243c   Section        0  stm32f1xx_hal_uart.o(i.HAL_UART_RxCpltCallback)
    i.HAL_UART_TxCpltCallback                0x0800243e   Section        0  stm32f1xx_hal_uart.o(i.HAL_UART_TxCpltCallback)
    i.HardFault_Handler                      0x08002440   Section        0  stm32f1xx_it.o(i.HardFault_Handler)
    i.MX_CAN1_Init                           0x08002444   Section        0  can.o(i.MX_CAN1_Init)
    i.MX_CAN2_Init                           0x08002488   Section        0  can.o(i.MX_CAN2_Init)
    i.MX_DMA_Init                            0x080024cc   Section        0  dma.o(i.MX_DMA_Init)
    i.MX_FREERTOS_Init                       0x08002598   Section        0  freertos.o(i.MX_FREERTOS_Init)
    i.MX_GPIO_Init                           0x080025c0   Section        0  gpio.o(i.MX_GPIO_Init)
    i.MX_I2C1_Init                           0x08002678   Section        0  i2c.o(i.MX_I2C1_Init)
    i.MX_TIM1_Init                           0x080026b8   Section        0  tim.o(i.MX_TIM1_Init)
    i.MX_TIM3_Init                           0x08002720   Section        0  tim.o(i.MX_TIM3_Init)
    i.MX_TIM4_Init                           0x080027b0   Section        0  tim.o(i.MX_TIM4_Init)
    i.MX_TIM5_Init                           0x08002814   Section        0  tim.o(i.MX_TIM5_Init)
    i.MX_UART4_Init                          0x08002890   Section        0  usart.o(i.MX_UART4_Init)
    i.MX_UART5_Init                          0x080028cc   Section        0  usart.o(i.MX_UART5_Init)
    i.MX_USART1_UART_Init                    0x08002908   Section        0  usart.o(i.MX_USART1_UART_Init)
    i.MX_USART2_UART_Init                    0x08002944   Section        0  usart.o(i.MX_USART2_UART_Init)
    i.MX_USART3_UART_Init                    0x08002980   Section        0  usart.o(i.MX_USART3_UART_Init)
    i.MemManage_Handler                      0x080029bc   Section        0  stm32f1xx_it.o(i.MemManage_Handler)
    i.NMI_Handler                            0x080029be   Section        0  stm32f1xx_it.o(i.NMI_Handler)
    i.NVIC_SetPriority                       0x080029c0   Section        0  stm32f1xx_hal_cortex.o(i.NVIC_SetPriority)
    NVIC_SetPriority                         0x080029c1   Thumb Code    32  stm32f1xx_hal_cortex.o(i.NVIC_SetPriority)
    i.RemoteReceive                          0x080029e0   Section        0  dbus.o(i.RemoteReceive)
    i.StartDefaultTask                       0x08002ae4   Section        0  freertos.o(i.StartDefaultTask)
    i.SysTick_Handler                        0x08002aec   Section        0  stm32f1xx_it.o(i.SysTick_Handler)
    i.SystemClock_Config                     0x08002afc   Section        0  main.o(i.SystemClock_Config)
    i.SystemInit                             0x08002b6c   Section        0  system_stm32f1xx.o(i.SystemInit)
    i.TIM1_UP_IRQHandler                     0x08002bc0   Section        0  stm32f1xx_it.o(i.TIM1_UP_IRQHandler)
    i.TIM3_IRQHandler                        0x08002bcc   Section        0  stm32f1xx_it.o(i.TIM3_IRQHandler)
    i.TIM4_IRQHandler                        0x08002bd8   Section        0  stm32f1xx_it.o(i.TIM4_IRQHandler)
    i.TIM_Base_SetConfig                     0x08002be4   Section        0  stm32f1xx_hal_tim.o(i.TIM_Base_SetConfig)
    i.TIM_CCxChannelCmd                      0x08002c60   Section        0  stm32f1xx_hal_tim.o(i.TIM_CCxChannelCmd)
    i.TIM_DMADelayPulseCplt                  0x08002c76   Section        0  stm32f1xx_hal_tim.o(i.TIM_DMADelayPulseCplt)
    i.TIM_DMAError                           0x08002cb4   Section        0  stm32f1xx_hal_tim.o(i.TIM_DMAError)
    i.TIM_ETR_SetConfig                      0x08002cc4   Section        0  stm32f1xx_hal_tim.o(i.TIM_ETR_SetConfig)
    TIM_ETR_SetConfig                        0x08002cc5   Thumb Code    20  stm32f1xx_hal_tim.o(i.TIM_ETR_SetConfig)
    i.TIM_ITRx_SetConfig                     0x08002cd8   Section        0  stm32f1xx_hal_tim.o(i.TIM_ITRx_SetConfig)
    TIM_ITRx_SetConfig                       0x08002cd9   Thumb Code    16  stm32f1xx_hal_tim.o(i.TIM_ITRx_SetConfig)
    i.TIM_OC1_SetConfig                      0x08002ce8   Section        0  stm32f1xx_hal_tim.o(i.TIM_OC1_SetConfig)
    TIM_OC1_SetConfig                        0x08002ce9   Thumb Code    74  stm32f1xx_hal_tim.o(i.TIM_OC1_SetConfig)
    i.TIM_OC2_SetConfig                      0x08002d38   Section        0  stm32f1xx_hal_tim.o(i.TIM_OC2_SetConfig)
    i.TIM_OC3_SetConfig                      0x08002d90   Section        0  stm32f1xx_hal_tim.o(i.TIM_OC3_SetConfig)
    TIM_OC3_SetConfig                        0x08002d91   Thumb Code    82  stm32f1xx_hal_tim.o(i.TIM_OC3_SetConfig)
    i.TIM_OC4_SetConfig                      0x08002de8   Section        0  stm32f1xx_hal_tim.o(i.TIM_OC4_SetConfig)
    TIM_OC4_SetConfig                        0x08002de9   Thumb Code    64  stm32f1xx_hal_tim.o(i.TIM_OC4_SetConfig)
    i.TIM_TI1_ConfigInputStage               0x08002e2c   Section        0  stm32f1xx_hal_tim.o(i.TIM_TI1_ConfigInputStage)
    TIM_TI1_ConfigInputStage                 0x08002e2d   Thumb Code    34  stm32f1xx_hal_tim.o(i.TIM_TI1_ConfigInputStage)
    i.TIM_TI2_ConfigInputStage               0x08002e4e   Section        0  stm32f1xx_hal_tim.o(i.TIM_TI2_ConfigInputStage)
    TIM_TI2_ConfigInputStage                 0x08002e4f   Thumb Code    36  stm32f1xx_hal_tim.o(i.TIM_TI2_ConfigInputStage)
    i.UART3_receiveData_hook                 0x08002e74   Section        0  drv_uart.o(i.UART3_receiveData_hook)
    i.UART4_IRQHandler                       0x08002ec4   Section        0  stm32f1xx_it.o(i.UART4_IRQHandler)
    i.UART5_IRQHandler                       0x08002edc   Section        0  stm32f1xx_it.o(i.UART5_IRQHandler)
    i.UART_DMAAbortOnError                   0x08002ee8   Section        0  stm32f1xx_hal_uart.o(i.UART_DMAAbortOnError)
    UART_DMAAbortOnError                     0x08002ee9   Thumb Code    16  stm32f1xx_hal_uart.o(i.UART_DMAAbortOnError)
    i.UART_EndRxTransfer                     0x08002ef8   Section        0  stm32f1xx_hal_uart.o(i.UART_EndRxTransfer)
    UART_EndRxTransfer                       0x08002ef9   Thumb Code    28  stm32f1xx_hal_uart.o(i.UART_EndRxTransfer)
    i.UART_Receive_IT                        0x08002f14   Section        0  stm32f1xx_hal_uart.o(i.UART_Receive_IT)
    UART_Receive_IT                          0x08002f15   Thumb Code   150  stm32f1xx_hal_uart.o(i.UART_Receive_IT)
    i.UART_SetConfig                         0x08002fac   Section        0  stm32f1xx_hal_uart.o(i.UART_SetConfig)
    UART_SetConfig                           0x08002fad   Thumb Code   364  stm32f1xx_hal_uart.o(i.UART_SetConfig)
    i.UART_Transmit_IT                       0x0800311c   Section        0  stm32f1xx_hal_uart.o(i.UART_Transmit_IT)
    UART_Transmit_IT                         0x0800311d   Thumb Code    98  stm32f1xx_hal_uart.o(i.UART_Transmit_IT)
    i.UART_receiveData_hook                  0x0800317e   Section        0  drv_uart.o(i.UART_receiveData_hook)
    i.USART1_IRQHandler                      0x08003190   Section        0  stm32f1xx_it.o(i.USART1_IRQHandler)
    i.USART2_IRQHandler                      0x080031a8   Section        0  stm32f1xx_it.o(i.USART2_IRQHandler)
    i.USART3_IRQHandler                      0x080031c0   Section        0  stm32f1xx_it.o(i.USART3_IRQHandler)
    i.UsageFault_Handler                     0x080031d8   Section        0  stm32f1xx_it.o(i.UsageFault_Handler)
    i.__scatterload_copy                     0x080031da   Section       14  handlers.o(i.__scatterload_copy)
    i.__scatterload_null                     0x080031e8   Section        2  handlers.o(i.__scatterload_null)
    i.__scatterload_zeroinit                 0x080031ea   Section       14  handlers.o(i.__scatterload_zeroinit)
    i.main                                   0x080031f8   Section        0  main.o(i.main)
    i.makeFreeRtosPriority                   0x08003264   Section        0  cmsis_os.o(i.makeFreeRtosPriority)
    makeFreeRtosPriority                     0x08003265   Thumb Code    12  cmsis_os.o(i.makeFreeRtosPriority)
    i.osDelay                                0x08003270   Section        0  cmsis_os.o(i.osDelay)
    i.osKernelStart                          0x0800327e   Section        0  cmsis_os.o(i.osKernelStart)
    i.osSystickHandler                       0x08003288   Section        0  cmsis_os.o(i.osSystickHandler)
    i.osThreadCreate                         0x0800329c   Section        0  cmsis_os.o(i.osThreadCreate)
    i.prvAddCurrentTaskToDelayedList         0x080032cc   Section        0  tasks.o(i.prvAddCurrentTaskToDelayedList)
    prvAddCurrentTaskToDelayedList           0x080032cd   Thumb Code   102  tasks.o(i.prvAddCurrentTaskToDelayedList)
    i.prvAddNewTaskToReadyList               0x0800333c   Section        0  tasks.o(i.prvAddNewTaskToReadyList)
    prvAddNewTaskToReadyList                 0x0800333d   Thumb Code   194  tasks.o(i.prvAddNewTaskToReadyList)
    i.prvCheckForValidListAndQueue           0x0800340c   Section        0  timers.o(i.prvCheckForValidListAndQueue)
    prvCheckForValidListAndQueue             0x0800340d   Thumb Code    62  timers.o(i.prvCheckForValidListAndQueue)
    i.prvCheckTasksWaitingTermination        0x0800345c   Section        0  tasks.o(i.prvCheckTasksWaitingTermination)
    prvCheckTasksWaitingTermination          0x0800345d   Thumb Code    70  tasks.o(i.prvCheckTasksWaitingTermination)
    i.prvCopyDataFromQueue                   0x080034ac   Section        0  queue.o(i.prvCopyDataFromQueue)
    prvCopyDataFromQueue                     0x080034ad   Thumb Code    38  queue.o(i.prvCopyDataFromQueue)
    i.prvCopyDataToQueue                     0x080034d2   Section        0  queue.o(i.prvCopyDataToQueue)
    prvCopyDataToQueue                       0x080034d3   Thumb Code   108  queue.o(i.prvCopyDataToQueue)
    i.prvDeleteTCB                           0x0800353e   Section        0  tasks.o(i.prvDeleteTCB)
    prvDeleteTCB                             0x0800353f   Thumb Code    20  tasks.o(i.prvDeleteTCB)
    i.prvHeapInit                            0x08003554   Section        0  heap_4.o(i.prvHeapInit)
    prvHeapInit                              0x08003555   Thumb Code    66  heap_4.o(i.prvHeapInit)
    i.prvIdleTask                            0x080035a0   Section        0  tasks.o(i.prvIdleTask)
    prvIdleTask                              0x080035a1   Thumb Code    30  tasks.o(i.prvIdleTask)
    i.prvInitialiseNewTask                   0x080035c8   Section        0  tasks.o(i.prvInitialiseNewTask)
    prvInitialiseNewTask                     0x080035c9   Thumb Code   142  tasks.o(i.prvInitialiseNewTask)
    i.prvInsertBlockIntoFreeList             0x08003658   Section        0  heap_4.o(i.prvInsertBlockIntoFreeList)
    prvInsertBlockIntoFreeList               0x08003659   Thumb Code    72  heap_4.o(i.prvInsertBlockIntoFreeList)
    i.prvInsertTimerInActiveList             0x080036a4   Section        0  timers.o(i.prvInsertTimerInActiveList)
    prvInsertTimerInActiveList               0x080036a5   Thumb Code    52  timers.o(i.prvInsertTimerInActiveList)
    i.prvIsQueueEmpty                        0x080036dc   Section        0  queue.o(i.prvIsQueueEmpty)
    prvIsQueueEmpty                          0x080036dd   Thumb Code    28  queue.o(i.prvIsQueueEmpty)
    i.prvProcessReceivedCommands             0x080036f8   Section        0  timers.o(i.prvProcessReceivedCommands)
    prvProcessReceivedCommands               0x080036f9   Thumb Code   180  timers.o(i.prvProcessReceivedCommands)
    i.prvProcessTimerOrBlockTask             0x080037b0   Section        0  timers.o(i.prvProcessTimerOrBlockTask)
    prvProcessTimerOrBlockTask               0x080037b1   Thumb Code   172  timers.o(i.prvProcessTimerOrBlockTask)
    i.prvResetNextTaskUnblockTime            0x08003864   Section        0  tasks.o(i.prvResetNextTaskUnblockTime)
    prvResetNextTaskUnblockTime              0x08003865   Thumb Code    26  tasks.o(i.prvResetNextTaskUnblockTime)
    i.prvSampleTimeNow                       0x08003884   Section        0  timers.o(i.prvSampleTimeNow)
    prvSampleTimeNow                         0x08003885   Thumb Code    36  timers.o(i.prvSampleTimeNow)
    i.prvSwitchTimerLists                    0x080038ac   Section        0  timers.o(i.prvSwitchTimerLists)
    prvSwitchTimerLists                      0x080038ad   Thumb Code   102  timers.o(i.prvSwitchTimerLists)
    i.prvTaskExitError                       0x08003918   Section        0  port.o(i.prvTaskExitError)
    prvTaskExitError                         0x08003919   Thumb Code    36  port.o(i.prvTaskExitError)
    i.prvTimerTask                           0x08003940   Section        0  timers.o(i.prvTimerTask)
    prvTimerTask                             0x08003941   Thumb Code    32  timers.o(i.prvTimerTask)
    i.prvUnlockQueue                         0x08003964   Section        0  queue.o(i.prvUnlockQueue)
    prvUnlockQueue                           0x08003965   Thumb Code   106  queue.o(i.prvUnlockQueue)
    i.pvPortMalloc                           0x080039d0   Section        0  heap_4.o(i.pvPortMalloc)
    i.pvTaskIncrementMutexHeldCount          0x08003aa8   Section        0  tasks.o(i.pvTaskIncrementMutexHeldCount)
    i.pxPortInitialiseStack                  0x08003ac0   Section        0  port.o(i.pxPortInitialiseStack)
    i.setDshotValue                          0x08003ae4   Section        0  dshot.o(i.setDshotValue)
    i.uxListRemove                           0x08003bc4   Section        0  list.o(i.uxListRemove)
    i.vListInitialise                        0x08003be8   Section        0  list.o(i.vListInitialise)
    i.vListInitialiseItem                    0x08003bfe   Section        0  list.o(i.vListInitialiseItem)
    i.vListInsert                            0x08003c04   Section        0  list.o(i.vListInsert)
    i.vListInsertEnd                         0x08003c34   Section        0  list.o(i.vListInsertEnd)
    i.vPortEnterCritical                     0x08003c4c   Section        0  port.o(i.vPortEnterCritical)
    i.vPortExitCritical                      0x08003c8c   Section        0  port.o(i.vPortExitCritical)
    i.vPortFree                              0x08003cb4   Section        0  heap_4.o(i.vPortFree)
    i.vPortSetupTimerInterrupt               0x08003d10   Section        0  port.o(i.vPortSetupTimerInterrupt)
    i.vPortValidateInterruptPriority         0x08003d30   Section        0  port.o(i.vPortValidateInterruptPriority)
    i.vQueueAddToRegistry                    0x08003d84   Section        0  queue.o(i.vQueueAddToRegistry)
    i.vQueueWaitForMessageRestricted         0x08003dac   Section        0  queue.o(i.vQueueWaitForMessageRestricted)
    i.vTaskDelay                             0x08003df0   Section        0  tasks.o(i.vTaskDelay)
    i.vTaskMissedYield                       0x08003e3c   Section        0  tasks.o(i.vTaskMissedYield)
    i.vTaskPlaceOnEventList                  0x08003e48   Section        0  tasks.o(i.vTaskPlaceOnEventList)
    i.vTaskPlaceOnEventListRestricted        0x08003e78   Section        0  tasks.o(i.vTaskPlaceOnEventListRestricted)
    i.vTaskPriorityInherit                   0x08003eb0   Section        0  tasks.o(i.vTaskPriorityInherit)
    i.vTaskSetTimeOutState                   0x08003f34   Section        0  tasks.o(i.vTaskSetTimeOutState)
    i.vTaskStartScheduler                    0x08003f58   Section        0  tasks.o(i.vTaskStartScheduler)
    i.vTaskSuspendAll                        0x08003fc8   Section        0  tasks.o(i.vTaskSuspendAll)
    i.vTaskSwitchContext                     0x08003fd8   Section        0  tasks.o(i.vTaskSwitchContext)
    i.xPortStartScheduler                    0x08004034   Section        0  port.o(i.xPortStartScheduler)
    i.xPortSysTickHandler                    0x080040a8   Section        0  port.o(i.xPortSysTickHandler)
    i.xQueueGenericCreate                    0x080040d4   Section        0  queue.o(i.xQueueGenericCreate)
    i.xQueueGenericReceive                   0x0800411c   Section        0  queue.o(i.xQueueGenericReceive)
    i.xQueueGenericReset                     0x08004288   Section        0  queue.o(i.xQueueGenericReset)
    i.xQueueGenericSend                      0x08004310   Section        0  queue.o(i.xQueueGenericSend)
    i.xQueueGenericSendFromISR               0x08004470   Section        0  queue.o(i.xQueueGenericSendFromISR)
    i.xTaskCheckForTimeOut                   0x0800452c   Section        0  tasks.o(i.xTaskCheckForTimeOut)
    i.xTaskCreate                            0x08004598   Section        0  tasks.o(i.xTaskCreate)
    i.xTaskGetSchedulerState                 0x080045f0   Section        0  tasks.o(i.xTaskGetSchedulerState)
    i.xTaskGetTickCount                      0x0800460c   Section        0  tasks.o(i.xTaskGetTickCount)
    i.xTaskIncrementTick                     0x08004618   Section        0  tasks.o(i.xTaskIncrementTick)
    i.xTaskPriorityDisinherit                0x080046e0   Section        0  tasks.o(i.xTaskPriorityDisinherit)
    i.xTaskRemoveFromEventList               0x08004778   Section        0  tasks.o(i.xTaskRemoveFromEventList)
    i.xTaskResumeAll                         0x080047ec   Section        0  tasks.o(i.xTaskResumeAll)
    i.xTimerCreateTimerTask                  0x080048b0   Section        0  timers.o(i.xTimerCreateTimerTask)
    i.xTimerGenericCommand                   0x080048f8   Section        0  timers.o(i.xTimerGenericCommand)
    .constdata                               0x08004958   Section       20  freertos.o(.constdata)
    .constdata                               0x0800496c   Section       16  system_stm32f1xx.o(.constdata)
    .constdata                               0x0800497c   Section        8  system_stm32f1xx.o(.constdata)
    .conststring                             0x08004984   Section       12  freertos.o(.conststring)
    .data                                    0x20000000   Section        1  main.o(.data)
    .data                                    0x20000004   Section        4  can.o(.data)
    HAL_RCC_CAN1_CLK_ENABLED                 0x20000004   Data           4  can.o(.data)
    .data                                    0x20000008   Section        4  freertos.o(.data)
    .data                                    0x2000000c   Section       12  stm32f1xx_hal.o(.data)
    .data                                    0x20000018   Section        4  system_stm32f1xx.o(.data)
    .data                                    0x2000001c   Section       60  tasks.o(.data)
    uxDeletedTasksWaitingCleanUp             0x20000020   Data           4  tasks.o(.data)
    uxCurrentNumberOfTasks                   0x20000024   Data           4  tasks.o(.data)
    xTickCount                               0x20000028   Data           4  tasks.o(.data)
    uxTopReadyPriority                       0x2000002c   Data           4  tasks.o(.data)
    xSchedulerRunning                        0x20000030   Data           4  tasks.o(.data)
    uxPendedTicks                            0x20000034   Data           4  tasks.o(.data)
    xYieldPending                            0x20000038   Data           4  tasks.o(.data)
    xNumOfOverflows                          0x2000003c   Data           4  tasks.o(.data)
    uxTaskNumber                             0x20000040   Data           4  tasks.o(.data)
    xNextTaskUnblockTime                     0x20000044   Data           4  tasks.o(.data)
    xIdleTaskHandle                          0x20000048   Data           4  tasks.o(.data)
    uxSchedulerSuspended                     0x2000004c   Data           4  tasks.o(.data)
    pxDelayedTaskList                        0x20000050   Data           4  tasks.o(.data)
    pxOverflowDelayedTaskList                0x20000054   Data           4  tasks.o(.data)
    .data                                    0x20000058   Section       20  timers.o(.data)
    xTimerQueue                              0x20000058   Data           4  timers.o(.data)
    xTimerTaskHandle                         0x2000005c   Data           4  timers.o(.data)
    xLastTime                                0x20000060   Data           4  timers.o(.data)
    pxCurrentTimerList                       0x20000064   Data           4  timers.o(.data)
    pxOverflowTimerList                      0x20000068   Data           4  timers.o(.data)
    .data                                    0x2000006c   Section       24  heap_4.o(.data)
    pxEnd                                    0x2000006c   Data           4  heap_4.o(.data)
    xFreeBytesRemaining                      0x20000070   Data           4  heap_4.o(.data)
    xMinimumEverFreeBytesRemaining           0x20000074   Data           4  heap_4.o(.data)
    xBlockAllocatedBit                       0x20000078   Data           4  heap_4.o(.data)
    xStart                                   0x2000007c   Data           8  heap_4.o(.data)
    .data                                    0x20000084   Section       12  port.o(.data)
    ucMaxSysCallPriority                     0x20000084   Data           1  port.o(.data)
    uxCriticalNesting                        0x20000088   Data           4  port.o(.data)
    ulMaxPRIGROUPValue                       0x2000008c   Data           4  port.o(.data)
    .bss                                     0x20000090   Section       30  main.o(.bss)
    .bss                                     0x200000b0   Section       80  can.o(.bss)
    .bss                                     0x20000100   Section       68  dma.o(.bss)
    .bss                                     0x20000144   Section       84  i2c.o(.bss)
    .bss                                     0x20000198   Section      256  tim.o(.bss)
    .bss                                     0x20000298   Section      796  usart.o(.bss)
    .bss                                     0x200005b4   Section       56  dbus.o(.bss)
    .bss                                     0x200005ec   Section       36  dshot.o(.bss)
    .bss                                     0x20000610   Section       64  queue.o(.bss)
    .bss                                     0x20000650   Section      240  tasks.o(.bss)
    pxReadyTasksLists                        0x20000650   Data         140  tasks.o(.bss)
    xDelayedTaskList1                        0x200006dc   Data          20  tasks.o(.bss)
    xDelayedTaskList2                        0x200006f0   Data          20  tasks.o(.bss)
    xPendingReadyList                        0x20000704   Data          20  tasks.o(.bss)
    xTasksWaitingTermination                 0x20000718   Data          20  tasks.o(.bss)
    xSuspendedTaskList                       0x2000072c   Data          20  tasks.o(.bss)
    .bss                                     0x20000740   Section       40  timers.o(.bss)
    xActiveTimerList1                        0x20000740   Data          20  timers.o(.bss)
    xActiveTimerList2                        0x20000754   Data          20  timers.o(.bss)
    .bss                                     0x20000768   Section     4096  heap_4.o(.bss)
    ucHeap                                   0x20000768   Data        4096  heap_4.o(.bss)
    STACK                                    0x20001768   Section     1024  startup_stm32f105xc.o(STACK)

    Global Symbols

    Symbol Name                              Value     Ov Type        Size  Object(Section)

    BuildAttributes$$THM_ISAv4$P$D$K$B$S$PE$A:L22UL41UL21$X:L11$S22US41US21$IEEE1$IW$USESV6$~STKCKD$USESV7$~SHL$OTIME$ROPI$EBA8$MICROLIB$REQ8$PRES8$EABIv2 0x00000000   Number         0  anon$$obj.o ABSOLUTE
    __ARM_use_no_argv                        0x00000000   Number         0  main.o ABSOLUTE
    __cpp_initialize__aeabi_                  - Undefined Weak Reference
    __cxa_finalize                            - Undefined Weak Reference
    __decompress                              - Undefined Weak Reference
    _clock_init                               - Undefined Weak Reference
    _microlib_exit                            - Undefined Weak Reference
    __Vectors_Size                           0x00000150   Number         0  startup_stm32f105xc.o ABSOLUTE
    __Vectors                                0x08000000   Data           4  startup_stm32f105xc.o(RESET)
    __Vectors_End                            0x08000150   Data           0  startup_stm32f105xc.o(RESET)
    __main                                   0x08000151   Thumb Code     0  entry.o(.ARM.Collect$$$$00000000)
    _main_stk                                0x08000151   Thumb Code     0  entry2.o(.ARM.Collect$$$$00000001)
    _main_scatterload                        0x08000155   Thumb Code     0  entry5.o(.ARM.Collect$$$$00000004)
    __main_after_scatterload                 0x08000159   Thumb Code     0  entry5.o(.ARM.Collect$$$$00000004)
    _main_clock                              0x08000159   Thumb Code     0  entry7b.o(.ARM.Collect$$$$00000008)
    _main_cpp_init                           0x08000159   Thumb Code     0  entry8b.o(.ARM.Collect$$$$0000000A)
    _main_init                               0x08000159   Thumb Code     0  entry9a.o(.ARM.Collect$$$$0000000B)
    __rt_final_cpp                           0x08000161   Thumb Code     0  entry10a.o(.ARM.Collect$$$$0000000D)
    __rt_final_exit                          0x08000161   Thumb Code     0  entry11a.o(.ARM.Collect$$$$0000000F)
    SVC_Handler                              0x08000165   Thumb Code    32  port.o(.emb_text)
    __asm___6_port_c_39a90d8d__prvStartFirstTask 0x08000189   Thumb Code    28  port.o(.emb_text)
    PendSV_Handler                           0x080001a9   Thumb Code    72  port.o(.emb_text)
    vPortGetIPSR                             0x080001f5   Thumb Code     6  port.o(.emb_text)
    Reset_Handler                            0x080001fd   Thumb Code     8  startup_stm32f105xc.o(.text)
    ADC1_2_IRQHandler                        0x08000217   Thumb Code     0  startup_stm32f105xc.o(.text)
    CAN1_RX1_IRQHandler                      0x08000217   Thumb Code     0  startup_stm32f105xc.o(.text)
    CAN1_SCE_IRQHandler                      0x08000217   Thumb Code     0  startup_stm32f105xc.o(.text)
    CAN1_TX_IRQHandler                       0x08000217   Thumb Code     0  startup_stm32f105xc.o(.text)
    CAN2_RX1_IRQHandler                      0x08000217   Thumb Code     0  startup_stm32f105xc.o(.text)
    CAN2_SCE_IRQHandler                      0x08000217   Thumb Code     0  startup_stm32f105xc.o(.text)
    CAN2_TX_IRQHandler                       0x08000217   Thumb Code     0  startup_stm32f105xc.o(.text)
    DMA1_Channel1_IRQHandler                 0x08000217   Thumb Code     0  startup_stm32f105xc.o(.text)
    DMA2_Channel1_IRQHandler                 0x08000217   Thumb Code     0  startup_stm32f105xc.o(.text)
    DMA2_Channel2_IRQHandler                 0x08000217   Thumb Code     0  startup_stm32f105xc.o(.text)
    DMA2_Channel4_IRQHandler                 0x08000217   Thumb Code     0  startup_stm32f105xc.o(.text)
    DMA2_Channel5_IRQHandler                 0x08000217   Thumb Code     0  startup_stm32f105xc.o(.text)
    EXTI0_IRQHandler                         0x08000217   Thumb Code     0  startup_stm32f105xc.o(.text)
    EXTI15_10_IRQHandler                     0x08000217   Thumb Code     0  startup_stm32f105xc.o(.text)
    EXTI1_IRQHandler                         0x08000217   Thumb Code     0  startup_stm32f105xc.o(.text)
    EXTI2_IRQHandler                         0x08000217   Thumb Code     0  startup_stm32f105xc.o(.text)
    EXTI3_IRQHandler                         0x08000217   Thumb Code     0  startup_stm32f105xc.o(.text)
    EXTI4_IRQHandler                         0x08000217   Thumb Code     0  startup_stm32f105xc.o(.text)
    EXTI9_5_IRQHandler                       0x08000217   Thumb Code     0  startup_stm32f105xc.o(.text)
    FLASH_IRQHandler                         0x08000217   Thumb Code     0  startup_stm32f105xc.o(.text)
    I2C1_ER_IRQHandler                       0x08000217   Thumb Code     0  startup_stm32f105xc.o(.text)
    I2C1_EV_IRQHandler                       0x08000217   Thumb Code     0  startup_stm32f105xc.o(.text)
    I2C2_ER_IRQHandler                       0x08000217   Thumb Code     0  startup_stm32f105xc.o(.text)
    I2C2_EV_IRQHandler                       0x08000217   Thumb Code     0  startup_stm32f105xc.o(.text)
    OTG_FS_IRQHandler                        0x08000217   Thumb Code     0  startup_stm32f105xc.o(.text)
    OTG_FS_WKUP_IRQHandler                   0x08000217   Thumb Code     0  startup_stm32f105xc.o(.text)
    PVD_IRQHandler                           0x08000217   Thumb Code     0  startup_stm32f105xc.o(.text)
    RCC_IRQHandler                           0x08000217   Thumb Code     0  startup_stm32f105xc.o(.text)
    RTC_Alarm_IRQHandler                     0x08000217   Thumb Code     0  startup_stm32f105xc.o(.text)
    RTC_IRQHandler                           0x08000217   Thumb Code     0  startup_stm32f105xc.o(.text)
    SPI1_IRQHandler                          0x08000217   Thumb Code     0  startup_stm32f105xc.o(.text)
    SPI2_IRQHandler                          0x08000217   Thumb Code     0  startup_stm32f105xc.o(.text)
    SPI3_IRQHandler                          0x08000217   Thumb Code     0  startup_stm32f105xc.o(.text)
    TAMPER_IRQHandler                        0x08000217   Thumb Code     0  startup_stm32f105xc.o(.text)
    TIM1_BRK_IRQHandler                      0x08000217   Thumb Code     0  startup_stm32f105xc.o(.text)
    TIM1_CC_IRQHandler                       0x08000217   Thumb Code     0  startup_stm32f105xc.o(.text)
    TIM1_TRG_COM_IRQHandler                  0x08000217   Thumb Code     0  startup_stm32f105xc.o(.text)
    TIM2_IRQHandler                          0x08000217   Thumb Code     0  startup_stm32f105xc.o(.text)
    TIM5_IRQHandler                          0x08000217   Thumb Code     0  startup_stm32f105xc.o(.text)
    TIM6_IRQHandler                          0x08000217   Thumb Code     0  startup_stm32f105xc.o(.text)
    TIM7_IRQHandler                          0x08000217   Thumb Code     0  startup_stm32f105xc.o(.text)
    WWDG_IRQHandler                          0x08000217   Thumb Code     0  startup_stm32f105xc.o(.text)
    __aeabi_uldivmod                         0x08000221   Thumb Code    98  uldiv.o(.text)
    __aeabi_llsr                             0x08000283   Thumb Code    32  llushr.o(.text)
    _ll_ushift_r                             0x08000283   Thumb Code     0  llushr.o(.text)
    __aeabi_memcpy                           0x080002a3   Thumb Code    36  memcpya.o(.text)
    __aeabi_memcpy4                          0x080002a3   Thumb Code     0  memcpya.o(.text)
    __aeabi_memcpy8                          0x080002a3   Thumb Code     0  memcpya.o(.text)
    __aeabi_memset                           0x080002c7   Thumb Code    14  memseta.o(.text)
    __aeabi_memset4                          0x080002c7   Thumb Code     0  memseta.o(.text)
    __aeabi_memset8                          0x080002c7   Thumb Code     0  memseta.o(.text)
    __aeabi_memclr                           0x080002d5   Thumb Code     4  memseta.o(.text)
    __aeabi_memclr4                          0x080002d5   Thumb Code     0  memseta.o(.text)
    __aeabi_memclr8                          0x080002d5   Thumb Code     0  memseta.o(.text)
    _memset$wrapper                          0x080002d9   Thumb Code    18  memseta.o(.text)
    __aeabi_llsl                             0x080002eb   Thumb Code    30  llshl.o(.text)
    _ll_shift_l                              0x080002eb   Thumb Code     0  llshl.o(.text)
    __scatterload                            0x08000309   Thumb Code    28  init.o(.text)
    __scatterload_rt2                        0x08000309   Thumb Code     0  init.o(.text)
    BusFault_Handler                         0x0800032d   Thumb Code     2  stm32f1xx_it.o(i.BusFault_Handler)
    CAN1_RX0_IRQHandler                      0x08000331   Thumb Code     6  stm32f1xx_it.o(i.CAN1_RX0_IRQHandler)
    CAN2_RX0_IRQHandler                      0x0800033d   Thumb Code     6  stm32f1xx_it.o(i.CAN2_RX0_IRQHandler)
    CanFilterInit                            0x08000349   Thumb Code    72  drv_can.o(i.CanFilterInit)
    DMA1_Channel2_IRQHandler                 0x08000395   Thumb Code     6  stm32f1xx_it.o(i.DMA1_Channel2_IRQHandler)
    DMA1_Channel3_IRQHandler                 0x080003a1   Thumb Code     6  stm32f1xx_it.o(i.DMA1_Channel3_IRQHandler)
    DMA1_Channel4_IRQHandler                 0x080003ad   Thumb Code     6  stm32f1xx_it.o(i.DMA1_Channel4_IRQHandler)
    DMA1_Channel5_IRQHandler                 0x080003b9   Thumb Code     6  stm32f1xx_it.o(i.DMA1_Channel5_IRQHandler)
    DMA1_Channel6_IRQHandler                 0x080003c5   Thumb Code     6  stm32f1xx_it.o(i.DMA1_Channel6_IRQHandler)
    DMA1_Channel7_IRQHandler                 0x080003d1   Thumb Code     6  stm32f1xx_it.o(i.DMA1_Channel7_IRQHandler)
    DMA2_Channel3_IRQHandler                 0x080003dd   Thumb Code     6  stm32f1xx_it.o(i.DMA2_Channel3_IRQHandler)
    DebugMon_Handler                         0x08000413   Thumb Code     2  stm32f1xx_it.o(i.DebugMon_Handler)
    Error_Handler                            0x08000415   Thumb Code     2  main.o(i.Error_Handler)
    HAL_CAN_ConfigFilter                     0x08000419   Thumb Code   262  stm32f1xx_hal_can.o(i.HAL_CAN_ConfigFilter)
    HAL_CAN_ErrorCallback                    0x08000525   Thumb Code     2  stm32f1xx_hal_can.o(i.HAL_CAN_ErrorCallback)
    HAL_CAN_IRQHandler                       0x08000527   Thumb Code   508  stm32f1xx_hal_can.o(i.HAL_CAN_IRQHandler)
    HAL_CAN_Init                             0x08000723   Thumb Code   282  stm32f1xx_hal_can.o(i.HAL_CAN_Init)
    HAL_CAN_MspInit                          0x0800083d   Thumb Code   250  can.o(i.HAL_CAN_MspInit)
    HAL_CAN_RxFifo0FullCallback              0x08000951   Thumb Code     2  stm32f1xx_hal_can.o(i.HAL_CAN_RxFifo0FullCallback)
    HAL_CAN_RxFifo0MsgPendingCallback        0x08000953   Thumb Code     2  stm32f1xx_hal_can.o(i.HAL_CAN_RxFifo0MsgPendingCallback)
    HAL_CAN_RxFifo1FullCallback              0x08000955   Thumb Code     2  stm32f1xx_hal_can.o(i.HAL_CAN_RxFifo1FullCallback)
    HAL_CAN_RxFifo1MsgPendingCallback        0x08000957   Thumb Code     2  stm32f1xx_hal_can.o(i.HAL_CAN_RxFifo1MsgPendingCallback)
    HAL_CAN_SleepCallback                    0x08000959   Thumb Code     2  stm32f1xx_hal_can.o(i.HAL_CAN_SleepCallback)
    HAL_CAN_Start                            0x0800095d   Thumb Code    88  stm32f1xx_hal_can.o(i.HAL_CAN_Start)
    HAL_CAN_TxMailbox0AbortCallback          0x080009b5   Thumb Code     2  stm32f1xx_hal_can.o(i.HAL_CAN_TxMailbox0AbortCallback)
    HAL_CAN_TxMailbox0CompleteCallback       0x080009b7   Thumb Code     2  stm32f1xx_hal_can.o(i.HAL_CAN_TxMailbox0CompleteCallback)
    HAL_CAN_TxMailbox1AbortCallback          0x080009b9   Thumb Code     2  stm32f1xx_hal_can.o(i.HAL_CAN_TxMailbox1AbortCallback)
    HAL_CAN_TxMailbox1CompleteCallback       0x080009bb   Thumb Code     2  stm32f1xx_hal_can.o(i.HAL_CAN_TxMailbox1CompleteCallback)
    HAL_CAN_TxMailbox2AbortCallback          0x080009bd   Thumb Code     2  stm32f1xx_hal_can.o(i.HAL_CAN_TxMailbox2AbortCallback)
    HAL_CAN_TxMailbox2CompleteCallback       0x080009bf   Thumb Code     2  stm32f1xx_hal_can.o(i.HAL_CAN_TxMailbox2CompleteCallback)
    HAL_CAN_WakeUpFromRxMsgCallback          0x080009c1   Thumb Code     2  stm32f1xx_hal_can.o(i.HAL_CAN_WakeUpFromRxMsgCallback)
    HAL_DMA_Abort_IT                         0x080009c5   Thumb Code   296  stm32f1xx_hal_dma.o(i.HAL_DMA_Abort_IT)
    HAL_DMA_IRQHandler                       0x08000af5   Thumb Code   552  stm32f1xx_hal_dma.o(i.HAL_DMA_IRQHandler)
    HAL_DMA_Init                             0x08000d3d   Thumb Code   112  stm32f1xx_hal_dma.o(i.HAL_DMA_Init)
    HAL_DMA_Start_IT                         0x08000db9   Thumb Code   112  stm32f1xx_hal_dma.o(i.HAL_DMA_Start_IT)
    HAL_Delay                                0x08000e29   Thumb Code    32  stm32f1xx_hal.o(i.HAL_Delay)
    HAL_GPIO_Init                            0x08000e4d   Thumb Code   408  stm32f1xx_hal_gpio.o(i.HAL_GPIO_Init)
    HAL_GPIO_WritePin                        0x08001009   Thumb Code    10  stm32f1xx_hal_gpio.o(i.HAL_GPIO_WritePin)
    HAL_GetTick                              0x08001015   Thumb Code     6  stm32f1xx_hal.o(i.HAL_GetTick)
    HAL_I2C_Init                             0x08001021   Thumb Code   302  stm32f1xx_hal_i2c.o(i.HAL_I2C_Init)
    HAL_I2C_MspInit                          0x08001161   Thumb Code    80  i2c.o(i.HAL_I2C_MspInit)
    HAL_IncTick                              0x080011bd   Thumb Code    12  stm32f1xx_hal.o(i.HAL_IncTick)
    HAL_Init                                 0x080011cd   Thumb Code    32  stm32f1xx_hal.o(i.HAL_Init)
    HAL_InitTick                             0x080011f1   Thumb Code    54  stm32f1xx_hal.o(i.HAL_InitTick)
    HAL_MspInit                              0x08001231   Thumb Code    62  stm32f1xx_hal_msp.o(i.HAL_MspInit)
    HAL_MultiProcessor_Init                  0x08001279   Thumb Code   130  stm32f1xx_hal_uart.o(i.HAL_MultiProcessor_Init)
    HAL_NVIC_EnableIRQ                       0x080012fb   Thumb Code    22  stm32f1xx_hal_cortex.o(i.HAL_NVIC_EnableIRQ)
    HAL_NVIC_SetPriority                     0x08001311   Thumb Code    60  stm32f1xx_hal_cortex.o(i.HAL_NVIC_SetPriority)
    HAL_NVIC_SetPriorityGrouping             0x08001351   Thumb Code    26  stm32f1xx_hal_cortex.o(i.HAL_NVIC_SetPriorityGrouping)
    HAL_RCC_ClockConfig                      0x08001375   Thumb Code   346  stm32f1xx_hal_rcc.o(i.HAL_RCC_ClockConfig)
    HAL_RCC_GetPCLK1Freq                     0x080014e1   Thumb Code    20  stm32f1xx_hal_rcc.o(i.HAL_RCC_GetPCLK1Freq)
    HAL_RCC_GetPCLK2Freq                     0x08001501   Thumb Code    20  stm32f1xx_hal_rcc.o(i.HAL_RCC_GetPCLK2Freq)
    HAL_RCC_GetSysClockFreq                  0x08001521   Thumb Code   142  stm32f1xx_hal_rcc.o(i.HAL_RCC_GetSysClockFreq)
    HAL_RCC_OscConfig                        0x080015dd   Thumb Code   946  stm32f1xx_hal_rcc.o(i.HAL_RCC_OscConfig)
    HAL_SYSTICK_Config                       0x080019a5   Thumb Code    40  stm32f1xx_hal_cortex.o(i.HAL_SYSTICK_Config)
    HAL_TIMEx_BreakCallback                  0x080019cd   Thumb Code     2  stm32f1xx_hal_tim_ex.o(i.HAL_TIMEx_BreakCallback)
    HAL_TIMEx_CommutationCallback            0x080019cf   Thumb Code     2  stm32f1xx_hal_tim_ex.o(i.HAL_TIMEx_CommutationCallback)
    HAL_TIMEx_MasterConfigSynchronization    0x080019d1   Thumb Code    80  stm32f1xx_hal_tim_ex.o(i.HAL_TIMEx_MasterConfigSynchronization)
    HAL_TIM_Base_Init                        0x08001a21   Thumb Code    54  stm32f1xx_hal_tim.o(i.HAL_TIM_Base_Init)
    HAL_TIM_Base_MspInit                     0x08001a59   Thumb Code    86  tim.o(i.HAL_TIM_Base_MspInit)
    HAL_TIM_ConfigClockSource                0x08001abd   Thumb Code   242  stm32f1xx_hal_tim.o(i.HAL_TIM_ConfigClockSource)
    HAL_TIM_ErrorCallback                    0x08001baf   Thumb Code     2  stm32f1xx_hal_tim.o(i.HAL_TIM_ErrorCallback)
    HAL_TIM_IC_CaptureCallback               0x08001bb1   Thumb Code     2  stm32f1xx_hal_tim.o(i.HAL_TIM_IC_CaptureCallback)
    HAL_TIM_IRQHandler                       0x08001bb3   Thumb Code   358  stm32f1xx_hal_tim.o(i.HAL_TIM_IRQHandler)
    HAL_TIM_MspPostInit                      0x08001d19   Thumb Code   122  tim.o(i.HAL_TIM_MspPostInit)
    HAL_TIM_OC_DelayElapsedCallback          0x08001dad   Thumb Code     2  stm32f1xx_hal_tim.o(i.HAL_TIM_OC_DelayElapsedCallback)
    HAL_TIM_PWM_ConfigChannel                0x08001daf   Thumb Code   208  stm32f1xx_hal_tim.o(i.HAL_TIM_PWM_ConfigChannel)
    HAL_TIM_PWM_Init                         0x08001e7f   Thumb Code    54  stm32f1xx_hal_tim.o(i.HAL_TIM_PWM_Init)
    HAL_TIM_PWM_MspInit                      0x08001eb5   Thumb Code    72  tim.o(i.HAL_TIM_PWM_MspInit)
    HAL_TIM_PWM_PulseFinishedCallback        0x08001f09   Thumb Code     2  stm32f1xx_hal_tim.o(i.HAL_TIM_PWM_PulseFinishedCallback)
    HAL_TIM_PWM_Start_DMA                    0x08001f0d   Thumb Code   216  stm32f1xx_hal_tim.o(i.HAL_TIM_PWM_Start_DMA)
    HAL_TIM_PeriodElapsedCallback            0x08001ff1   Thumb Code     2  stm32f1xx_hal_tim.o(i.HAL_TIM_PeriodElapsedCallback)
    HAL_TIM_TriggerCallback                  0x08001ff3   Thumb Code     2  stm32f1xx_hal_tim.o(i.HAL_TIM_TriggerCallback)
    HAL_UART_ErrorCallback                   0x08001ff5   Thumb Code     2  stm32f1xx_hal_uart.o(i.HAL_UART_ErrorCallback)
    HAL_UART_IRQHandler                      0x08001ff9   Thumb Code   266  stm32f1xx_hal_uart.o(i.HAL_UART_IRQHandler)
    HAL_UART_MspInit                         0x08002109   Thumb Code   764  usart.o(i.HAL_UART_MspInit)
    HAL_UART_RxCpltCallback                  0x0800243d   Thumb Code     2  stm32f1xx_hal_uart.o(i.HAL_UART_RxCpltCallback)
    HAL_UART_TxCpltCallback                  0x0800243f   Thumb Code     2  stm32f1xx_hal_uart.o(i.HAL_UART_TxCpltCallback)
    HardFault_Handler                        0x08002441   Thumb Code     2  stm32f1xx_it.o(i.HardFault_Handler)
    MX_CAN1_Init                             0x08002445   Thumb Code    60  can.o(i.MX_CAN1_Init)
    MX_CAN2_Init                             0x08002489   Thumb Code    60  can.o(i.MX_CAN2_Init)
    MX_DMA_Init                              0x080024cd   Thumb Code   192  dma.o(i.MX_DMA_Init)
    MX_FREERTOS_Init                         0x08002599   Thumb Code    30  freertos.o(i.MX_FREERTOS_Init)
    MX_GPIO_Init                             0x080025c1   Thumb Code   172  gpio.o(i.MX_GPIO_Init)
    MX_I2C1_Init                             0x08002679   Thumb Code    50  i2c.o(i.MX_I2C1_Init)
    MX_TIM1_Init                             0x080026b9   Thumb Code    96  tim.o(i.MX_TIM1_Init)
    MX_TIM3_Init                             0x08002721   Thumb Code   134  tim.o(i.MX_TIM3_Init)
    MX_TIM4_Init                             0x080027b1   Thumb Code    90  tim.o(i.MX_TIM4_Init)
    MX_TIM5_Init                             0x08002815   Thumb Code   114  tim.o(i.MX_TIM5_Init)
    MX_UART4_Init                            0x08002891   Thumb Code    50  usart.o(i.MX_UART4_Init)
    MX_UART5_Init                            0x080028cd   Thumb Code    50  usart.o(i.MX_UART5_Init)
    MX_USART1_UART_Init                      0x08002909   Thumb Code    50  usart.o(i.MX_USART1_UART_Init)
    MX_USART2_UART_Init                      0x08002945   Thumb Code    50  usart.o(i.MX_USART2_UART_Init)
    MX_USART3_UART_Init                      0x08002981   Thumb Code    50  usart.o(i.MX_USART3_UART_Init)
    MemManage_Handler                        0x080029bd   Thumb Code     2  stm32f1xx_it.o(i.MemManage_Handler)
    NMI_Handler                              0x080029bf   Thumb Code     2  stm32f1xx_it.o(i.NMI_Handler)
    RemoteReceive                            0x080029e1   Thumb Code   250  dbus.o(i.RemoteReceive)
    StartDefaultTask                         0x08002ae5   Thumb Code     8  freertos.o(i.StartDefaultTask)
    SysTick_Handler                          0x08002aed   Thumb Code    14  stm32f1xx_it.o(i.SysTick_Handler)
    SystemClock_Config                       0x08002afd   Thumb Code   106  main.o(i.SystemClock_Config)
    SystemInit                               0x08002b6d   Thumb Code    68  system_stm32f1xx.o(i.SystemInit)
    TIM1_UP_IRQHandler                       0x08002bc1   Thumb Code     6  stm32f1xx_it.o(i.TIM1_UP_IRQHandler)
    TIM3_IRQHandler                          0x08002bcd   Thumb Code     6  stm32f1xx_it.o(i.TIM3_IRQHandler)
    TIM4_IRQHandler                          0x08002bd9   Thumb Code     6  stm32f1xx_it.o(i.TIM4_IRQHandler)
    TIM_Base_SetConfig                       0x08002be5   Thumb Code   106  stm32f1xx_hal_tim.o(i.TIM_Base_SetConfig)
    TIM_CCxChannelCmd                        0x08002c61   Thumb Code    22  stm32f1xx_hal_tim.o(i.TIM_CCxChannelCmd)
    TIM_DMADelayPulseCplt                    0x08002c77   Thumb Code    62  stm32f1xx_hal_tim.o(i.TIM_DMADelayPulseCplt)
    TIM_DMAError                             0x08002cb5   Thumb Code    16  stm32f1xx_hal_tim.o(i.TIM_DMAError)
    TIM_OC2_SetConfig                        0x08002d39   Thumb Code    84  stm32f1xx_hal_tim.o(i.TIM_OC2_SetConfig)
    UART3_receiveData_hook                   0x08002e75   Thumb Code    72  drv_uart.o(i.UART3_receiveData_hook)
    UART4_IRQHandler                         0x08002ec5   Thumb Code    18  stm32f1xx_it.o(i.UART4_IRQHandler)
    UART5_IRQHandler                         0x08002edd   Thumb Code     6  stm32f1xx_it.o(i.UART5_IRQHandler)
    UART_receiveData_hook                    0x0800317f   Thumb Code    18  drv_uart.o(i.UART_receiveData_hook)
    USART1_IRQHandler                        0x08003191   Thumb Code    18  stm32f1xx_it.o(i.USART1_IRQHandler)
    USART2_IRQHandler                        0x080031a9   Thumb Code    18  stm32f1xx_it.o(i.USART2_IRQHandler)
    USART3_IRQHandler                        0x080031c1   Thumb Code    18  stm32f1xx_it.o(i.USART3_IRQHandler)
    UsageFault_Handler                       0x080031d9   Thumb Code     2  stm32f1xx_it.o(i.UsageFault_Handler)
    __scatterload_copy                       0x080031db   Thumb Code    14  handlers.o(i.__scatterload_copy)
    __scatterload_null                       0x080031e9   Thumb Code     2  handlers.o(i.__scatterload_null)
    __scatterload_zeroinit                   0x080031eb   Thumb Code    14  handlers.o(i.__scatterload_zeroinit)
    main                                     0x080031f9   Thumb Code    98  main.o(i.main)
    osDelay                                  0x08003271   Thumb Code    14  cmsis_os.o(i.osDelay)
    osKernelStart                            0x0800327f   Thumb Code    10  cmsis_os.o(i.osKernelStart)
    osSystickHandler                         0x08003289   Thumb Code    20  cmsis_os.o(i.osSystickHandler)
    osThreadCreate                           0x0800329d   Thumb Code    46  cmsis_os.o(i.osThreadCreate)
    pvPortMalloc                             0x080039d1   Thumb Code   210  heap_4.o(i.pvPortMalloc)
    pvTaskIncrementMutexHeldCount            0x08003aa9   Thumb Code    18  tasks.o(i.pvTaskIncrementMutexHeldCount)
    pxPortInitialiseStack                    0x08003ac1   Thumb Code    32  port.o(i.pxPortInitialiseStack)
    setDshotValue                            0x08003ae5   Thumb Code   216  dshot.o(i.setDshotValue)
    uxListRemove                             0x08003bc5   Thumb Code    36  list.o(i.uxListRemove)
    vListInitialise                          0x08003be9   Thumb Code    22  list.o(i.vListInitialise)
    vListInitialiseItem                      0x08003bff   Thumb Code     6  list.o(i.vListInitialiseItem)
    vListInsert                              0x08003c05   Thumb Code    48  list.o(i.vListInsert)
    vListInsertEnd                           0x08003c35   Thumb Code    24  list.o(i.vListInsertEnd)
    vPortEnterCritical                       0x08003c4d   Thumb Code    54  port.o(i.vPortEnterCritical)
    vPortExitCritical                        0x08003c8d   Thumb Code    34  port.o(i.vPortExitCritical)
    vPortFree                                0x08003cb5   Thumb Code    88  heap_4.o(i.vPortFree)
    vPortSetupTimerInterrupt                 0x08003d11   Thumb Code    26  port.o(i.vPortSetupTimerInterrupt)
    vPortValidateInterruptPriority           0x08003d31   Thumb Code    74  port.o(i.vPortValidateInterruptPriority)
    vQueueAddToRegistry                      0x08003d85   Thumb Code    34  queue.o(i.vQueueAddToRegistry)
    vQueueWaitForMessageRestricted           0x08003dad   Thumb Code    68  queue.o(i.vQueueWaitForMessageRestricted)
    vTaskDelay                               0x08003df1   Thumb Code    66  tasks.o(i.vTaskDelay)
    vTaskMissedYield                         0x08003e3d   Thumb Code     8  tasks.o(i.vTaskMissedYield)
    vTaskPlaceOnEventList                    0x08003e49   Thumb Code    44  tasks.o(i.vTaskPlaceOnEventList)
    vTaskPlaceOnEventListRestricted          0x08003e79   Thumb Code    52  tasks.o(i.vTaskPlaceOnEventListRestricted)
    vTaskPriorityInherit                     0x08003eb1   Thumb Code   124  tasks.o(i.vTaskPriorityInherit)
    vTaskSetTimeOutState                     0x08003f35   Thumb Code    30  tasks.o(i.vTaskSetTimeOutState)
    vTaskStartScheduler                      0x08003f59   Thumb Code    94  tasks.o(i.vTaskStartScheduler)
    vTaskSuspendAll                          0x08003fc9   Thumb Code    10  tasks.o(i.vTaskSuspendAll)
    vTaskSwitchContext                       0x08003fd9   Thumb Code    82  tasks.o(i.vTaskSwitchContext)
    xPortStartScheduler                      0x08004035   Thumb Code   102  port.o(i.xPortStartScheduler)
    xPortSysTickHandler                      0x080040a9   Thumb Code    38  port.o(i.xPortSysTickHandler)
    xQueueGenericCreate                      0x080040d5   Thumb Code    72  queue.o(i.xQueueGenericCreate)
    xQueueGenericReceive                     0x0800411d   Thumb Code   360  queue.o(i.xQueueGenericReceive)
    xQueueGenericReset                       0x08004289   Thumb Code   132  queue.o(i.xQueueGenericReset)
    xQueueGenericSend                        0x08004311   Thumb Code   346  queue.o(i.xQueueGenericSend)
    xQueueGenericSendFromISR                 0x08004471   Thumb Code   188  queue.o(i.xQueueGenericSendFromISR)
    xTaskCheckForTimeOut                     0x0800452d   Thumb Code   102  tasks.o(i.xTaskCheckForTimeOut)
    xTaskCreate                              0x08004599   Thumb Code    86  tasks.o(i.xTaskCreate)
    xTaskGetSchedulerState                   0x080045f1   Thumb Code    22  tasks.o(i.xTaskGetSchedulerState)
    xTaskGetTickCount                        0x0800460d   Thumb Code     6  tasks.o(i.xTaskGetTickCount)
    xTaskIncrementTick                       0x08004619   Thumb Code   192  tasks.o(i.xTaskIncrementTick)
    xTaskPriorityDisinherit                  0x080046e1   Thumb Code   144  tasks.o(i.xTaskPriorityDisinherit)
    xTaskRemoveFromEventList                 0x08004779   Thumb Code   108  tasks.o(i.xTaskRemoveFromEventList)
    xTaskResumeAll                           0x080047ed   Thumb Code   182  tasks.o(i.xTaskResumeAll)
    xTimerCreateTimerTask                    0x080048b1   Thumb Code    56  timers.o(i.xTimerCreateTimerTask)
    xTimerGenericCommand                     0x080048f9   Thumb Code    92  timers.o(i.xTimerGenericCommand)
    AHBPrescTable                            0x0800496c   Data          16  system_stm32f1xx.o(.constdata)
    APBPrescTable                            0x0800497c   Data           8  system_stm32f1xx.o(.constdata)
    Region$$Table$$Base                      0x08004990   Number         0  anon$$obj.o(Region$$Table)
    Region$$Table$$Limit                     0x080049b0   Number         0  anon$$obj.o(Region$$Table)
    receiveBegin                             0x20000000   Data           1  main.o(.data)
    defaultTaskHandle                        0x20000008   Data           4  freertos.o(.data)
    uwTickFreq                               0x2000000c   Data           1  stm32f1xx_hal.o(.data)
    uwTickPrio                               0x20000010   Data           4  stm32f1xx_hal.o(.data)
    uwTick                                   0x20000014   Data           4  stm32f1xx_hal.o(.data)
    SystemCoreClock                          0x20000018   Data           4  system_stm32f1xx.o(.data)
    pxCurrentTCB                             0x2000001c   Data           4  tasks.o(.data)
    tempData                                 0x20000090   Data          30  main.o(.bss)
    hcan1                                    0x200000b0   Data          40  can.o(.bss)
    hcan2                                    0x200000d8   Data          40  can.o(.bss)
    hdma_memtomem_dma1_channel1              0x20000100   Data          68  dma.o(.bss)
    hi2c1                                    0x20000144   Data          84  i2c.o(.bss)
    htim1                                    0x20000198   Data          64  tim.o(.bss)
    htim3                                    0x200001d8   Data          64  tim.o(.bss)
    htim4                                    0x20000218   Data          64  tim.o(.bss)
    htim5                                    0x20000258   Data          64  tim.o(.bss)
    huart4                                   0x20000298   Data          64  usart.o(.bss)
    huart5                                   0x200002d8   Data          64  usart.o(.bss)
    huart1                                   0x20000318   Data          64  usart.o(.bss)
    huart2                                   0x20000358   Data          64  usart.o(.bss)
    huart3                                   0x20000398   Data          64  usart.o(.bss)
    hdma_uart4_rx                            0x200003d8   Data          68  usart.o(.bss)
    hdma_usart1_rx                           0x2000041c   Data          68  usart.o(.bss)
    hdma_usart1_tx                           0x20000460   Data          68  usart.o(.bss)
    hdma_usart2_rx                           0x200004a4   Data          68  usart.o(.bss)
    hdma_usart2_tx                           0x200004e8   Data          68  usart.o(.bss)
    hdma_usart3_rx                           0x2000052c   Data          68  usart.o(.bss)
    hdma_usart3_tx                           0x20000570   Data          68  usart.o(.bss)
    RC_Ctl                                   0x200005b4   Data          56  dbus.o(.bss)
    dshotBuffer                              0x200005ec   Data          20  dshot.o(.bss)
    BIT                                      0x20000600   Data          16  dshot.o(.bss)
    xQueueRegistry                           0x20000610   Data          64  queue.o(.bss)
    __initial_sp                             0x20001b68   Data           0  startup_stm32f105xc.o(STACK)



==============================================================================

Memory Map of the image

  Image Entry point : 0x08000151

  Load Region LR_IROM1 (Base: 0x08000000, Size: 0x00004a40, Max: 0x00020000, ABSOLUTE)

    Execution Region ER_IROM1 (Exec base: 0x08000000, Load base: 0x08000000, Size: 0x000049b0, Max: 0x00020000, ABSOLUTE)

    Exec Addr    Load Addr    Size         Type   Attr      Idx    E Section Name        Object

    0x08000000   0x08000000   0x00000150   Data   RO            3    RESET               startup_stm32f105xc.o
    0x08000150   0x08000150   0x00000000   Code   RO         5383  * .ARM.Collect$$$$00000000  mc_w.l(entry.o)
    0x08000150   0x08000150   0x00000004   Code   RO         5408    .ARM.Collect$$$$00000001  mc_w.l(entry2.o)
    0x08000154   0x08000154   0x00000004   Code   RO         5411    .ARM.Collect$$$$00000004  mc_w.l(entry5.o)
    0x08000158   0x08000158   0x00000000   Code   RO         5413    .ARM.Collect$$$$00000008  mc_w.l(entry7b.o)
    0x08000158   0x08000158   0x00000000   Code   RO         5415    .ARM.Collect$$$$0000000A  mc_w.l(entry8b.o)
    0x08000158   0x08000158   0x00000008   Code   RO         5416    .ARM.Collect$$$$0000000B  mc_w.l(entry9a.o)
    0x08000160   0x08000160   0x00000000   Code   RO         5418    .ARM.Collect$$$$0000000D  mc_w.l(entry10a.o)
    0x08000160   0x08000160   0x00000000   Code   RO         5420    .ARM.Collect$$$$0000000F  mc_w.l(entry11a.o)
    0x08000160   0x08000160   0x00000004   Code   RO         5409    .ARM.Collect$$$$00002712  mc_w.l(entry2.o)
    0x08000164   0x08000164   0x00000096   Code   RO         5306    .emb_text           port.o
    0x080001fa   0x080001fa   0x00000002   PAD
    0x080001fc   0x080001fc   0x00000024   Code   RO            4    .text               startup_stm32f105xc.o
    0x08000220   0x08000220   0x00000062   Code   RO         5386    .text               mc_w.l(uldiv.o)
    0x08000282   0x08000282   0x00000020   Code   RO         5388    .text               mc_w.l(llushr.o)
    0x080002a2   0x080002a2   0x00000024   Code   RO         5390    .text               mc_w.l(memcpya.o)
    0x080002c6   0x080002c6   0x00000024   Code   RO         5392    .text               mc_w.l(memseta.o)
    0x080002ea   0x080002ea   0x0000001e   Code   RO         5422    .text               mc_w.l(llshl.o)
    0x08000308   0x08000308   0x00000024   Code   RO         5427    .text               mc_w.l(init.o)
    0x0800032c   0x0800032c   0x00000002   Code   RO          578    i.BusFault_Handler  stm32f1xx_it.o
    0x0800032e   0x0800032e   0x00000002   PAD
    0x08000330   0x08000330   0x0000000c   Code   RO          579    i.CAN1_RX0_IRQHandler  stm32f1xx_it.o
    0x0800033c   0x0800033c   0x0000000c   Code   RO          580    i.CAN2_RX0_IRQHandler  stm32f1xx_it.o
    0x08000348   0x08000348   0x0000004c   Code   RO         3600    i.CanFilterInit     drv_can.o
    0x08000394   0x08000394   0x0000000c   Code   RO          581    i.DMA1_Channel2_IRQHandler  stm32f1xx_it.o
    0x080003a0   0x080003a0   0x0000000c   Code   RO          582    i.DMA1_Channel3_IRQHandler  stm32f1xx_it.o
    0x080003ac   0x080003ac   0x0000000c   Code   RO          583    i.DMA1_Channel4_IRQHandler  stm32f1xx_it.o
    0x080003b8   0x080003b8   0x0000000c   Code   RO          584    i.DMA1_Channel5_IRQHandler  stm32f1xx_it.o
    0x080003c4   0x080003c4   0x0000000c   Code   RO          585    i.DMA1_Channel6_IRQHandler  stm32f1xx_it.o
    0x080003d0   0x080003d0   0x0000000c   Code   RO          586    i.DMA1_Channel7_IRQHandler  stm32f1xx_it.o
    0x080003dc   0x080003dc   0x0000000c   Code   RO          587    i.DMA2_Channel3_IRQHandler  stm32f1xx_it.o
    0x080003e8   0x080003e8   0x0000002a   Code   RO         3016    i.DMA_SetConfig     stm32f1xx_hal_dma.o
    0x08000412   0x08000412   0x00000002   Code   RO          588    i.DebugMon_Handler  stm32f1xx_it.o
    0x08000414   0x08000414   0x00000002   Code   RO           13    i.Error_Handler     main.o
    0x08000416   0x08000416   0x00000002   PAD
    0x08000418   0x08000418   0x0000010c   Code   RO          807    i.HAL_CAN_ConfigFilter  stm32f1xx_hal_can.o
    0x08000524   0x08000524   0x00000002   Code   RO          810    i.HAL_CAN_ErrorCallback  stm32f1xx_hal_can.o
    0x08000526   0x08000526   0x000001fc   Code   RO          817    i.HAL_CAN_IRQHandler  stm32f1xx_hal_can.o
    0x08000722   0x08000722   0x0000011a   Code   RO          818    i.HAL_CAN_Init      stm32f1xx_hal_can.o
    0x0800083c   0x0800083c   0x00000114   Code   RO          261    i.HAL_CAN_MspInit   can.o
    0x08000950   0x08000950   0x00000002   Code   RO          825    i.HAL_CAN_RxFifo0FullCallback  stm32f1xx_hal_can.o
    0x08000952   0x08000952   0x00000002   Code   RO          826    i.HAL_CAN_RxFifo0MsgPendingCallback  stm32f1xx_hal_can.o
    0x08000954   0x08000954   0x00000002   Code   RO          827    i.HAL_CAN_RxFifo1FullCallback  stm32f1xx_hal_can.o
    0x08000956   0x08000956   0x00000002   Code   RO          828    i.HAL_CAN_RxFifo1MsgPendingCallback  stm32f1xx_hal_can.o
    0x08000958   0x08000958   0x00000002   Code   RO          829    i.HAL_CAN_SleepCallback  stm32f1xx_hal_can.o
    0x0800095a   0x0800095a   0x00000002   PAD
    0x0800095c   0x0800095c   0x00000058   Code   RO          830    i.HAL_CAN_Start     stm32f1xx_hal_can.o
    0x080009b4   0x080009b4   0x00000002   Code   RO          832    i.HAL_CAN_TxMailbox0AbortCallback  stm32f1xx_hal_can.o
    0x080009b6   0x080009b6   0x00000002   Code   RO          833    i.HAL_CAN_TxMailbox0CompleteCallback  stm32f1xx_hal_can.o
    0x080009b8   0x080009b8   0x00000002   Code   RO          834    i.HAL_CAN_TxMailbox1AbortCallback  stm32f1xx_hal_can.o
    0x080009ba   0x080009ba   0x00000002   Code   RO          835    i.HAL_CAN_TxMailbox1CompleteCallback  stm32f1xx_hal_can.o
    0x080009bc   0x080009bc   0x00000002   Code   RO          836    i.HAL_CAN_TxMailbox2AbortCallback  stm32f1xx_hal_can.o
    0x080009be   0x080009be   0x00000002   Code   RO          837    i.HAL_CAN_TxMailbox2CompleteCallback  stm32f1xx_hal_can.o
    0x080009c0   0x080009c0   0x00000002   Code   RO          839    i.HAL_CAN_WakeUpFromRxMsgCallback  stm32f1xx_hal_can.o
    0x080009c2   0x080009c2   0x00000002   PAD
    0x080009c4   0x080009c4   0x00000130   Code   RO         3018    i.HAL_DMA_Abort_IT  stm32f1xx_hal_dma.o
    0x08000af4   0x08000af4   0x00000248   Code   RO         3022    i.HAL_DMA_IRQHandler  stm32f1xx_hal_dma.o
    0x08000d3c   0x08000d3c   0x0000007c   Code   RO         3023    i.HAL_DMA_Init      stm32f1xx_hal_dma.o
    0x08000db8   0x08000db8   0x00000070   Code   RO         3027    i.HAL_DMA_Start_IT  stm32f1xx_hal_dma.o
    0x08000e28   0x08000e28   0x00000024   Code   RO         2633    i.HAL_Delay         stm32f1xx_hal.o
    0x08000e4c   0x08000e4c   0x000001bc   Code   RO         2953    i.HAL_GPIO_Init     stm32f1xx_hal_gpio.o
    0x08001008   0x08001008   0x0000000a   Code   RO         2957    i.HAL_GPIO_WritePin  stm32f1xx_hal_gpio.o
    0x08001012   0x08001012   0x00000002   PAD
    0x08001014   0x08001014   0x0000000c   Code   RO         2637    i.HAL_GetTick       stm32f1xx_hal.o
    0x08001020   0x08001020   0x00000140   Code   RO         1049    i.HAL_I2C_Init      stm32f1xx_hal_i2c.o
    0x08001160   0x08001160   0x0000005c   Code   RO          393    i.HAL_I2C_MspInit   i2c.o
    0x080011bc   0x080011bc   0x00000010   Code   RO         2641    i.HAL_IncTick       stm32f1xx_hal.o
    0x080011cc   0x080011cc   0x00000024   Code   RO         2642    i.HAL_Init          stm32f1xx_hal.o
    0x080011f0   0x080011f0   0x00000040   Code   RO         2643    i.HAL_InitTick      stm32f1xx_hal.o
    0x08001230   0x08001230   0x00000048   Code   RO          744    i.HAL_MspInit       stm32f1xx_hal_msp.o
    0x08001278   0x08001278   0x00000082   Code   RO         2307    i.HAL_MultiProcessor_Init  stm32f1xx_hal_uart.o
    0x080012fa   0x080012fa   0x00000016   Code   RO         3113    i.HAL_NVIC_EnableIRQ  stm32f1xx_hal_cortex.o
    0x08001310   0x08001310   0x00000040   Code   RO         3119    i.HAL_NVIC_SetPriority  stm32f1xx_hal_cortex.o
    0x08001350   0x08001350   0x00000024   Code   RO         3120    i.HAL_NVIC_SetPriorityGrouping  stm32f1xx_hal_cortex.o
    0x08001374   0x08001374   0x0000016c   Code   RO         2789    i.HAL_RCC_ClockConfig  stm32f1xx_hal_rcc.o
    0x080014e0   0x080014e0   0x00000020   Code   RO         2796    i.HAL_RCC_GetPCLK1Freq  stm32f1xx_hal_rcc.o
    0x08001500   0x08001500   0x00000020   Code   RO         2797    i.HAL_RCC_GetPCLK2Freq  stm32f1xx_hal_rcc.o
    0x08001520   0x08001520   0x000000bc   Code   RO         2798    i.HAL_RCC_GetSysClockFreq  stm32f1xx_hal_rcc.o
    0x080015dc   0x080015dc   0x000003c8   Code   RO         2801    i.HAL_RCC_OscConfig  stm32f1xx_hal_rcc.o
    0x080019a4   0x080019a4   0x00000028   Code   RO         3124    i.HAL_SYSTICK_Config  stm32f1xx_hal_cortex.o
    0x080019cc   0x080019cc   0x00000002   Code   RO         2067    i.HAL_TIMEx_BreakCallback  stm32f1xx_hal_tim_ex.o
    0x080019ce   0x080019ce   0x00000002   Code   RO         2068    i.HAL_TIMEx_CommutationCallback  stm32f1xx_hal_tim_ex.o
    0x080019d0   0x080019d0   0x00000050   Code   RO         2084    i.HAL_TIMEx_MasterConfigSynchronization  stm32f1xx_hal_tim_ex.o
    0x08001a20   0x08001a20   0x00000036   Code   RO         1438    i.HAL_TIM_Base_Init  stm32f1xx_hal_tim.o
    0x08001a56   0x08001a56   0x00000002   PAD
    0x08001a58   0x08001a58   0x00000064   Code   RO          435    i.HAL_TIM_Base_MspInit  tim.o
    0x08001abc   0x08001abc   0x000000f2   Code   RO         1447    i.HAL_TIM_ConfigClockSource  stm32f1xx_hal_tim.o
    0x08001bae   0x08001bae   0x00000002   Code   RO         1465    i.HAL_TIM_ErrorCallback  stm32f1xx_hal_tim.o
    0x08001bb0   0x08001bb0   0x00000002   Code   RO         1467    i.HAL_TIM_IC_CaptureCallback  stm32f1xx_hal_tim.o
    0x08001bb2   0x08001bb2   0x00000166   Code   RO         1480    i.HAL_TIM_IRQHandler  stm32f1xx_hal_tim.o
    0x08001d18   0x08001d18   0x00000094   Code   RO          436    i.HAL_TIM_MspPostInit  tim.o
    0x08001dac   0x08001dac   0x00000002   Code   RO         1483    i.HAL_TIM_OC_DelayElapsedCallback  stm32f1xx_hal_tim.o
    0x08001dae   0x08001dae   0x000000d0   Code   RO         1504    i.HAL_TIM_PWM_ConfigChannel  stm32f1xx_hal_tim.o
    0x08001e7e   0x08001e7e   0x00000036   Code   RO         1507    i.HAL_TIM_PWM_Init  stm32f1xx_hal_tim.o
    0x08001eb4   0x08001eb4   0x00000054   Code   RO          438    i.HAL_TIM_PWM_MspInit  tim.o
    0x08001f08   0x08001f08   0x00000002   Code   RO         1510    i.HAL_TIM_PWM_PulseFinishedCallback  stm32f1xx_hal_tim.o
    0x08001f0a   0x08001f0a   0x00000002   PAD
    0x08001f0c   0x08001f0c   0x000000e4   Code   RO         1512    i.HAL_TIM_PWM_Start_DMA  stm32f1xx_hal_tim.o
    0x08001ff0   0x08001ff0   0x00000002   Code   RO         1517    i.HAL_TIM_PeriodElapsedCallback  stm32f1xx_hal_tim.o
    0x08001ff2   0x08001ff2   0x00000002   Code   RO         1521    i.HAL_TIM_TriggerCallback  stm32f1xx_hal_tim.o
    0x08001ff4   0x08001ff4   0x00000002   Code   RO         2321    i.HAL_UART_ErrorCallback  stm32f1xx_hal_uart.o
    0x08001ff6   0x08001ff6   0x00000002   PAD
    0x08001ff8   0x08001ff8   0x00000110   Code   RO         2324    i.HAL_UART_IRQHandler  stm32f1xx_hal_uart.o
    0x08002108   0x08002108   0x00000334   Code   RO          513    i.HAL_UART_MspInit  usart.o
    0x0800243c   0x0800243c   0x00000002   Code   RO         2331    i.HAL_UART_RxCpltCallback  stm32f1xx_hal_uart.o
    0x0800243e   0x0800243e   0x00000002   Code   RO         2336    i.HAL_UART_TxCpltCallback  stm32f1xx_hal_uart.o
    0x08002440   0x08002440   0x00000002   Code   RO          589    i.HardFault_Handler  stm32f1xx_it.o
    0x08002442   0x08002442   0x00000002   PAD
    0x08002444   0x08002444   0x00000044   Code   RO          262    i.MX_CAN1_Init      can.o
    0x08002488   0x08002488   0x00000044   Code   RO          263    i.MX_CAN2_Init      can.o
    0x080024cc   0x080024cc   0x000000cc   Code   RO          309    i.MX_DMA_Init       dma.o
    0x08002598   0x08002598   0x00000028   Code   RO          339    i.MX_FREERTOS_Init  freertos.o
    0x080025c0   0x080025c0   0x000000b8   Code   RO          236    i.MX_GPIO_Init      gpio.o
    0x08002678   0x08002678   0x00000040   Code   RO          394    i.MX_I2C1_Init      i2c.o
    0x080026b8   0x080026b8   0x00000068   Code   RO          439    i.MX_TIM1_Init      tim.o
    0x08002720   0x08002720   0x00000090   Code   RO          440    i.MX_TIM3_Init      tim.o
    0x080027b0   0x080027b0   0x00000064   Code   RO          441    i.MX_TIM4_Init      tim.o
    0x08002814   0x08002814   0x0000007c   Code   RO          442    i.MX_TIM5_Init      tim.o
    0x08002890   0x08002890   0x0000003c   Code   RO          514    i.MX_UART4_Init     usart.o
    0x080028cc   0x080028cc   0x0000003c   Code   RO          515    i.MX_UART5_Init     usart.o
    0x08002908   0x08002908   0x0000003c   Code   RO          516    i.MX_USART1_UART_Init  usart.o
    0x08002944   0x08002944   0x0000003c   Code   RO          517    i.MX_USART2_UART_Init  usart.o
    0x08002980   0x08002980   0x0000003c   Code   RO          518    i.MX_USART3_UART_Init  usart.o
    0x080029bc   0x080029bc   0x00000002   Code   RO          590    i.MemManage_Handler  stm32f1xx_it.o
    0x080029be   0x080029be   0x00000002   Code   RO          591    i.NMI_Handler       stm32f1xx_it.o
    0x080029c0   0x080029c0   0x00000020   Code   RO         3126    i.NVIC_SetPriority  stm32f1xx_hal_cortex.o
    0x080029e0   0x080029e0   0x00000104   Code   RO         3776    i.RemoteReceive     dbus.o
    0x08002ae4   0x08002ae4   0x00000008   Code   RO          340    i.StartDefaultTask  freertos.o
    0x08002aec   0x08002aec   0x0000000e   Code   RO          592    i.SysTick_Handler   stm32f1xx_it.o
    0x08002afa   0x08002afa   0x00000002   PAD
    0x08002afc   0x08002afc   0x00000070   Code   RO           14    i.SystemClock_Config  main.o
    0x08002b6c   0x08002b6c   0x00000054   Code   RO         3542    i.SystemInit        system_stm32f1xx.o
    0x08002bc0   0x08002bc0   0x0000000c   Code   RO          593    i.TIM1_UP_IRQHandler  stm32f1xx_it.o
    0x08002bcc   0x08002bcc   0x0000000c   Code   RO          594    i.TIM3_IRQHandler   stm32f1xx_it.o
    0x08002bd8   0x08002bd8   0x0000000c   Code   RO          595    i.TIM4_IRQHandler   stm32f1xx_it.o
    0x08002be4   0x08002be4   0x0000007c   Code   RO         1522    i.TIM_Base_SetConfig  stm32f1xx_hal_tim.o
    0x08002c60   0x08002c60   0x00000016   Code   RO         1523    i.TIM_CCxChannelCmd  stm32f1xx_hal_tim.o
    0x08002c76   0x08002c76   0x0000003e   Code   RO         1525    i.TIM_DMADelayPulseCplt  stm32f1xx_hal_tim.o
    0x08002cb4   0x08002cb4   0x00000010   Code   RO         1526    i.TIM_DMAError      stm32f1xx_hal_tim.o
    0x08002cc4   0x08002cc4   0x00000014   Code   RO         1529    i.TIM_ETR_SetConfig  stm32f1xx_hal_tim.o
    0x08002cd8   0x08002cd8   0x00000010   Code   RO         1530    i.TIM_ITRx_SetConfig  stm32f1xx_hal_tim.o
    0x08002ce8   0x08002ce8   0x00000050   Code   RO         1531    i.TIM_OC1_SetConfig  stm32f1xx_hal_tim.o
    0x08002d38   0x08002d38   0x00000058   Code   RO         1532    i.TIM_OC2_SetConfig  stm32f1xx_hal_tim.o
    0x08002d90   0x08002d90   0x00000058   Code   RO         1533    i.TIM_OC3_SetConfig  stm32f1xx_hal_tim.o
    0x08002de8   0x08002de8   0x00000044   Code   RO         1534    i.TIM_OC4_SetConfig  stm32f1xx_hal_tim.o
    0x08002e2c   0x08002e2c   0x00000022   Code   RO         1536    i.TIM_TI1_ConfigInputStage  stm32f1xx_hal_tim.o
    0x08002e4e   0x08002e4e   0x00000024   Code   RO         1538    i.TIM_TI2_ConfigInputStage  stm32f1xx_hal_tim.o
    0x08002e72   0x08002e72   0x00000002   PAD
    0x08002e74   0x08002e74   0x00000050   Code   RO         3684    i.UART3_receiveData_hook  drv_uart.o
    0x08002ec4   0x08002ec4   0x00000018   Code   RO          596    i.UART4_IRQHandler  stm32f1xx_it.o
    0x08002edc   0x08002edc   0x0000000c   Code   RO          597    i.UART5_IRQHandler  stm32f1xx_it.o
    0x08002ee8   0x08002ee8   0x00000010   Code   RO         2338    i.UART_DMAAbortOnError  stm32f1xx_hal_uart.o
    0x08002ef8   0x08002ef8   0x0000001c   Code   RO         2348    i.UART_EndRxTransfer  stm32f1xx_hal_uart.o
    0x08002f14   0x08002f14   0x00000096   Code   RO         2350    i.UART_Receive_IT   stm32f1xx_hal_uart.o
    0x08002faa   0x08002faa   0x00000002   PAD
    0x08002fac   0x08002fac   0x00000170   Code   RO         2351    i.UART_SetConfig    stm32f1xx_hal_uart.o
    0x0800311c   0x0800311c   0x00000062   Code   RO         2352    i.UART_Transmit_IT  stm32f1xx_hal_uart.o
    0x0800317e   0x0800317e   0x00000012   Code   RO         3687    i.UART_receiveData_hook  drv_uart.o
    0x08003190   0x08003190   0x00000018   Code   RO          598    i.USART1_IRQHandler  stm32f1xx_it.o
    0x080031a8   0x080031a8   0x00000018   Code   RO          599    i.USART2_IRQHandler  stm32f1xx_it.o
    0x080031c0   0x080031c0   0x00000018   Code   RO          600    i.USART3_IRQHandler  stm32f1xx_it.o
    0x080031d8   0x080031d8   0x00000002   Code   RO          601    i.UsageFault_Handler  stm32f1xx_it.o
    0x080031da   0x080031da   0x0000000e   Code   RO         5431    i.__scatterload_copy  mc_w.l(handlers.o)
    0x080031e8   0x080031e8   0x00000002   Code   RO         5432    i.__scatterload_null  mc_w.l(handlers.o)
    0x080031ea   0x080031ea   0x0000000e   Code   RO         5433    i.__scatterload_zeroinit  mc_w.l(handlers.o)
    0x080031f8   0x080031f8   0x0000006c   Code   RO           15    i.main              main.o
    0x08003264   0x08003264   0x0000000c   Code   RO         4884    i.makeFreeRtosPriority  cmsis_os.o
    0x08003270   0x08003270   0x0000000e   Code   RO         4886    i.osDelay           cmsis_os.o
    0x0800327e   0x0800327e   0x0000000a   Code   RO         4889    i.osKernelStart     cmsis_os.o
    0x08003288   0x08003288   0x00000014   Code   RO         4922    i.osSystickHandler  cmsis_os.o
    0x0800329c   0x0800329c   0x0000002e   Code   RO         4923    i.osThreadCreate    cmsis_os.o
    0x080032ca   0x080032ca   0x00000002   PAD
    0x080032cc   0x080032cc   0x00000070   Code   RO         4479    i.prvAddCurrentTaskToDelayedList  tasks.o
    0x0800333c   0x0800333c   0x000000d0   Code   RO         4480    i.prvAddNewTaskToReadyList  tasks.o
    0x0800340c   0x0800340c   0x00000050   Code   RO         4765    i.prvCheckForValidListAndQueue  timers.o
    0x0800345c   0x0800345c   0x00000050   Code   RO         4481    i.prvCheckTasksWaitingTermination  tasks.o
    0x080034ac   0x080034ac   0x00000026   Code   RO         4333    i.prvCopyDataFromQueue  queue.o
    0x080034d2   0x080034d2   0x0000006c   Code   RO         4334    i.prvCopyDataToQueue  queue.o
    0x0800353e   0x0800353e   0x00000014   Code   RO         4482    i.prvDeleteTCB      tasks.o
    0x08003552   0x08003552   0x00000002   PAD
    0x08003554   0x08003554   0x0000004c   Code   RO         5257    i.prvHeapInit       heap_4.o
    0x080035a0   0x080035a0   0x00000028   Code   RO         4483    i.prvIdleTask       tasks.o
    0x080035c8   0x080035c8   0x0000008e   Code   RO         4484    i.prvInitialiseNewTask  tasks.o
    0x08003656   0x08003656   0x00000002   PAD
    0x08003658   0x08003658   0x0000004c   Code   RO         5258    i.prvInsertBlockIntoFreeList  heap_4.o
    0x080036a4   0x080036a4   0x00000038   Code   RO         4766    i.prvInsertTimerInActiveList  timers.o
    0x080036dc   0x080036dc   0x0000001c   Code   RO         4335    i.prvIsQueueEmpty   queue.o
    0x080036f8   0x080036f8   0x000000b8   Code   RO         4767    i.prvProcessReceivedCommands  timers.o
    0x080037b0   0x080037b0   0x000000b4   Code   RO         4768    i.prvProcessTimerOrBlockTask  timers.o
    0x08003864   0x08003864   0x00000020   Code   RO         4485    i.prvResetNextTaskUnblockTime  tasks.o
    0x08003884   0x08003884   0x00000028   Code   RO         4769    i.prvSampleTimeNow  timers.o
    0x080038ac   0x080038ac   0x0000006c   Code   RO         4770    i.prvSwitchTimerLists  timers.o
    0x08003918   0x08003918   0x00000028   Code   RO         5307    i.prvTaskExitError  port.o
    0x08003940   0x08003940   0x00000024   Code   RO         4771    i.prvTimerTask      timers.o
    0x08003964   0x08003964   0x0000006a   Code   RO         4336    i.prvUnlockQueue    queue.o
    0x080039ce   0x080039ce   0x00000002   PAD
    0x080039d0   0x080039d0   0x000000d8   Code   RO         5259    i.pvPortMalloc      heap_4.o
    0x08003aa8   0x08003aa8   0x00000018   Code   RO         4487    i.pvTaskIncrementMutexHeldCount  tasks.o
    0x08003ac0   0x08003ac0   0x00000024   Code   RO         5308    i.pxPortInitialiseStack  port.o
    0x08003ae4   0x08003ae4   0x000000e0   Code   RO         3965    i.setDshotValue     dshot.o
    0x08003bc4   0x08003bc4   0x00000024   Code   RO         4296    i.uxListRemove      list.o
    0x08003be8   0x08003be8   0x00000016   Code   RO         4297    i.vListInitialise   list.o
    0x08003bfe   0x08003bfe   0x00000006   Code   RO         4298    i.vListInitialiseItem  list.o
    0x08003c04   0x08003c04   0x00000030   Code   RO         4299    i.vListInsert       list.o
    0x08003c34   0x08003c34   0x00000018   Code   RO         4300    i.vListInsertEnd    list.o
    0x08003c4c   0x08003c4c   0x00000040   Code   RO         5310    i.vPortEnterCritical  port.o
    0x08003c8c   0x08003c8c   0x00000028   Code   RO         5311    i.vPortExitCritical  port.o
    0x08003cb4   0x08003cb4   0x0000005c   Code   RO         5260    i.vPortFree         heap_4.o
    0x08003d10   0x08003d10   0x00000020   Code   RO         5312    i.vPortSetupTimerInterrupt  port.o
    0x08003d30   0x08003d30   0x00000054   Code   RO         5313    i.vPortValidateInterruptPriority  port.o
    0x08003d84   0x08003d84   0x00000028   Code   RO         4340    i.vQueueAddToRegistry  queue.o
    0x08003dac   0x08003dac   0x00000044   Code   RO         4343    i.vQueueWaitForMessageRestricted  queue.o
    0x08003df0   0x08003df0   0x0000004c   Code   RO         4493    i.vTaskDelay        tasks.o
    0x08003e3c   0x08003e3c   0x0000000c   Code   RO         4496    i.vTaskMissedYield  tasks.o
    0x08003e48   0x08003e48   0x00000030   Code   RO         4498    i.vTaskPlaceOnEventList  tasks.o
    0x08003e78   0x08003e78   0x00000038   Code   RO         4499    i.vTaskPlaceOnEventListRestricted  tasks.o
    0x08003eb0   0x08003eb0   0x00000084   Code   RO         4501    i.vTaskPriorityInherit  tasks.o
    0x08003f34   0x08003f34   0x00000024   Code   RO         4504    i.vTaskSetTimeOutState  tasks.o
    0x08003f58   0x08003f58   0x00000070   Code   RO         4505    i.vTaskStartScheduler  tasks.o
    0x08003fc8   0x08003fc8   0x00000010   Code   RO         4507    i.vTaskSuspendAll   tasks.o
    0x08003fd8   0x08003fd8   0x0000005c   Code   RO         4508    i.vTaskSwitchContext  tasks.o
    0x08004034   0x08004034   0x00000074   Code   RO         5314    i.xPortStartScheduler  port.o
    0x080040a8   0x080040a8   0x0000002c   Code   RO         5315    i.xPortSysTickHandler  port.o
    0x080040d4   0x080040d4   0x00000048   Code   RO         4345    i.xQueueGenericCreate  queue.o
    0x0800411c   0x0800411c   0x0000016c   Code   RO         4346    i.xQueueGenericReceive  queue.o
    0x08004288   0x08004288   0x00000088   Code   RO         4347    i.xQueueGenericReset  queue.o
    0x08004310   0x08004310   0x00000160   Code   RO         4348    i.xQueueGenericSend  queue.o
    0x08004470   0x08004470   0x000000bc   Code   RO         4349    i.xQueueGenericSendFromISR  queue.o
    0x0800452c   0x0800452c   0x0000006c   Code   RO         4509    i.xTaskCheckForTimeOut  tasks.o
    0x08004598   0x08004598   0x00000056   Code   RO         4510    i.xTaskCreate       tasks.o
    0x080045ee   0x080045ee   0x00000002   PAD
    0x080045f0   0x080045f0   0x0000001c   Code   RO         4514    i.xTaskGetSchedulerState  tasks.o
    0x0800460c   0x0800460c   0x0000000c   Code   RO         4515    i.xTaskGetTickCount  tasks.o
    0x08004618   0x08004618   0x000000c8   Code   RO         4517    i.xTaskIncrementTick  tasks.o
    0x080046e0   0x080046e0   0x00000098   Code   RO         4520    i.xTaskPriorityDisinherit  tasks.o
    0x08004778   0x08004778   0x00000074   Code   RO         4521    i.xTaskRemoveFromEventList  tasks.o
    0x080047ec   0x080047ec   0x000000c4   Code   RO         4523    i.xTaskResumeAll    tasks.o
    0x080048b0   0x080048b0   0x00000048   Code   RO         4775    i.xTimerCreateTimerTask  timers.o
    0x080048f8   0x080048f8   0x00000060   Code   RO         4776    i.xTimerGenericCommand  timers.o
    0x08004958   0x08004958   0x00000014   Data   RO          341    .constdata          freertos.o
    0x0800496c   0x0800496c   0x00000010   Data   RO         3543    .constdata          system_stm32f1xx.o
    0x0800497c   0x0800497c   0x00000008   Data   RO         3544    .constdata          system_stm32f1xx.o
    0x08004984   0x08004984   0x0000000c   Data   RO          342    .conststring        freertos.o
    0x08004990   0x08004990   0x00000020   Data   RO         5429    Region$$Table       anon$$obj.o


    Execution Region RW_IRAM1 (Exec base: 0x20000000, Load base: 0x080049b0, Size: 0x00001b68, Max: 0x00010000, ABSOLUTE)

    Exec Addr    Load Addr    Size         Type   Attr      Idx    E Section Name        Object

    0x20000000   0x080049b0   0x00000001   Data   RW           18    .data               main.o
    0x20000001   0x080049b1   0x00000003   PAD
    0x20000004   0x080049b4   0x00000004   Data   RW          265    .data               can.o
    0x20000008   0x080049b8   0x00000004   Data   RW          343    .data               freertos.o
    0x2000000c   0x080049bc   0x0000000c   Data   RW         2649    .data               stm32f1xx_hal.o
    0x20000018   0x080049c8   0x00000004   Data   RW         3545    .data               system_stm32f1xx.o
    0x2000001c   0x080049cc   0x0000003c   Data   RW         4526    .data               tasks.o
    0x20000058   0x08004a08   0x00000014   Data   RW         4782    .data               timers.o
    0x2000006c   0x08004a1c   0x00000018   Data   RW         5265    .data               heap_4.o
    0x20000084   0x08004a34   0x0000000c   Data   RW         5316    .data               port.o
    0x20000090        -       0x0000001e   Zero   RW           16    .bss                main.o
    0x200000ae   0x08004a40   0x00000002   PAD
    0x200000b0        -       0x00000050   Zero   RW          264    .bss                can.o
    0x20000100        -       0x00000044   Zero   RW          310    .bss                dma.o
    0x20000144        -       0x00000054   Zero   RW          395    .bss                i2c.o
    0x20000198        -       0x00000100   Zero   RW          443    .bss                tim.o
    0x20000298        -       0x0000031c   Zero   RW          519    .bss                usart.o
    0x200005b4        -       0x00000038   Zero   RW         3779    .bss                dbus.o
    0x200005ec        -       0x00000024   Zero   RW         3968    .bss                dshot.o
    0x20000610        -       0x00000040   Zero   RW         4355    .bss                queue.o
    0x20000650        -       0x000000f0   Zero   RW         4525    .bss                tasks.o
    0x20000740        -       0x00000028   Zero   RW         4781    .bss                timers.o
    0x20000768        -       0x00001000   Zero   RW         5264    .bss                heap_4.o
    0x20001768        -       0x00000400   Zero   RW            1    STACK               startup_stm32f105xc.o


==============================================================================

Image component sizes


      Code (inc. data)   RO Data    RW Data    ZI Data      Debug   Object Name

       412         42          0          4         80       2290   can.o
       102          0          0          0          0      12976   cmsis_os.o
       260         10          0          0         56        834   dbus.o
       204         12          0          0         68       1032   dma.o
        76          4          0          0          0        920   drv_can.o
        98         12          0          0          0       2090   drv_uart.o
       224          8          0          0         36       1456   dshot.o
         0          0          0          0          0       9488   event_groups.o
        48         10         32          4          0       1534   freertos.o
       184         12          0          0          0        899   gpio.o
       460         24          0         24       4096       4515   heap_4.o
       156         26          0          0         84       1485   i2c.o
       136          0          0          0          0       3238   list.o
       222         16          0          1         30     647142   main.o
       606         72          0         12          0      10729   port.o
      1500         20          0          0         64      13445   queue.o
        36          8        336          0       1024        776   startup_stm32f105xc.o
       164         28          0         12          0       6781   stm32f1xx_hal.o
      1172          6          0          0          0      10846   stm32f1xx_hal_can.o
       194         14          0          0          0      25603   stm32f1xx_hal_cortex.o
      1166         52          0          0          0       4298   stm32f1xx_hal_dma.o
       454         36          0          0          0       2804   stm32f1xx_hal_gpio.o
       320         18          0          0          0       2867   stm32f1xx_hal_i2c.o
        72         10          0          0          0        794   stm32f1xx_hal_msp.o
      1584        110          0          0          0       5316   stm32f1xx_hal_rcc.o
      1810         50          0          0          0      16305   stm32f1xx_hal_tim.o
        84          0          0          0          0       2230   stm32f1xx_hal_tim_ex.o
      1068         10          0          0          0       6889   stm32f1xx_hal_uart.o
       278        102          0          0          0       9915   stm32f1xx_it.o
        84         16         24          4          0       1083   system_stm32f1xx.o
      2136        182          0         60        240      22415   tasks.o
       804         90          0          0        256       4641   tim.o
       852         78          0         20         40      17107   timers.o
      1120        106          0          0        796       4682   usart.o

    ----------------------------------------------------------------------
     18122       1184        424        144       6872     859425   Object Totals
         0          0         32          0          0          0   (incl. Generated)
        36          0          0          3          2          0   (incl. Padding)

    ----------------------------------------------------------------------

      Code (inc. data)   RO Data    RW Data    ZI Data      Debug   Library Member Name

         0          0          0          0          0          0   entry.o
         0          0          0          0          0          0   entry10a.o
         0          0          0          0          0          0   entry11a.o
         8          4          0          0          0          0   entry2.o
         4          0          0          0          0          0   entry5.o
         0          0          0          0          0          0   entry7b.o
         0          0          0          0          0          0   entry8b.o
         8          4          0          0          0          0   entry9a.o
        30          0          0          0          0          0   handlers.o
        36          8          0          0          0         68   init.o
        30          0          0          0          0         68   llshl.o
        32          0          0          0          0         68   llushr.o
        36          0          0          0          0         68   memcpya.o
        36          0          0          0          0        108   memseta.o
        98          0          0          0          0         92   uldiv.o

    ----------------------------------------------------------------------
       318         16          0          0          0        472   Library Totals
         0          0          0          0          0          0   (incl. Padding)

    ----------------------------------------------------------------------

      Code (inc. data)   RO Data    RW Data    ZI Data      Debug   Library Name

       318         16          0          0          0        472   mc_w.l

    ----------------------------------------------------------------------
       318         16          0          0          0        472   Library Totals

    ----------------------------------------------------------------------

==============================================================================


      Code (inc. data)   RO Data    RW Data    ZI Data      Debug   

     18440       1200        424        144       6872     849649   Grand Totals
     18440       1200        424        144       6872     849649   ELF Image Totals
     18440       1200        424        144          0          0   ROM Totals

==============================================================================

    Total RO  Size (Code + RO Data)                18864 (  18.42kB)
    Total RW  Size (RW Data + ZI Data)              7016 (   6.85kB)
    Total ROM Size (Code + RO Data + RW Data)      19008 (  18.56kB)

==============================================================================

